/*
 *  CMSIS Pack Debug Access Sequence Log
 *  File        : C:\Users\xxs13\Desktop\MSPM0G3507_Library\SeekFree_MSPM0G3507_Opensource_Library\project\mdk\SeekFree_MSPM0G3507_Device_Library_Sequences_0014.log
 *  Created     : 21:54:29 (18/07/2026)
 *  Device      : MSPM0G3507
 *  PDSC File   : D:/MDK5.36/Packs/TexasInstruments/MSPM0G1X0X_G3X0X_DFP/1.3.1/TexasInstruments.MSPM0G1X0X_G3X0X_DFP.pdsc
 *
 */

[21:54:29.105]  **********  Sequence "DebugPortSetup"  (Context="Connect", Pname="", info="")
[21:54:29.105]  
[21:54:29.105]  <debugvars>
[21:54:29.105]    // Pre-defined
[21:54:29.105]    __protocol=0x00010002      (Protocol="SWD", SWJ-DP="True")
[21:54:29.105]    __connection=0x00000202    (Connection Type="Flash", Reset Type="System Reset")
[21:54:29.105]    __dp=0x00000000
[21:54:29.105]    __ap=0x00000000
[21:54:29.105]    __traceout=0x00000000      (Trace Disabled)
[21:54:29.105]    __errorcontrol=0x00000000  (Skip Errors="False")
[21:54:29.105]    __FlashAddr=0x00000000
[21:54:29.105]    __FlashLen=0x00000000
[21:54:29.105]    __FlashArg=0x00000000
[21:54:29.105]    __FlashOp=0x00000000
[21:54:29.105]    __Result=0x00000000
[21:54:29.105]  </debugvars>
[21:54:29.105]  
[21:54:29.105]  <sequence name="DebugPortSetup" Pname="" disable="false" info="">
[21:54:29.105]    <block atomic="false" info="">
[21:54:29.105]      __var isSWJ      = ((__protocol & 0x00010000) != 0);
[21:54:29.105]        // -> [isSWJ <= 0x00000001]
[21:54:29.105]      __var hasDormant = __protocol & 0x00020000;
[21:54:29.105]        // -> [hasDormant <= 0x00000000]
[21:54:29.105]      __var protType   = __protocol & 0x0000FFFF;
[21:54:29.105]        // -> [protType <= 0x00000002]
[21:54:29.105]    </block>
[21:54:29.105]    <control if="protType == 1" while="" timeout="0" info="">
[21:54:29.105]      // if-block "protType == 1"
[21:54:29.105]        // =>  FALSE
[21:54:29.112]      // skip if-block "protType == 1"
[21:54:29.112]    </control>
[21:54:29.112]    <control if="protType == 2" while="" timeout="0" info="">
[21:54:29.112]      // if-block "protType == 2"
[21:54:29.112]        // =>  TRUE
[21:54:29.112]      <control if="isSWJ" while="" timeout="0" info="">
[21:54:29.112]        // if-block "isSWJ"
[21:54:29.112]          // =>  TRUE
[21:54:29.112]        <control if="hasDormant" while="" timeout="0" info="">
[21:54:29.112]          // if-block "hasDormant"
[21:54:29.112]            // =>  FALSE
[21:54:29.112]          // skip if-block "hasDormant"
[21:54:29.112]        </control>
[21:54:29.112]        <control if="!hasDormant" while="" timeout="0" info="">
[21:54:29.112]          // if-block "!hasDormant"
[21:54:29.112]            // =>  TRUE
[21:54:29.112]          <block atomic="false" info="">
[21:54:29.112]            DAP_SWJ_Sequence(51, 0x0007FFFFFFFFFFFF); //lets put the JTAG line in a reset state
[21:54:29.112]              // -> [DAP_SWJ_Sequence(51, 0x0007FFFFFFFFFFFF)]
[21:54:29.115]            DAP_SWJ_Sequence(16,0xE73C); //SWD to JTAG, this is to ensure the state machine is initialized
[21:54:29.115]              // -> [DAP_SWJ_Sequence(16, 0x000000000000E73C)]
[21:54:29.115]            DAP_SWJ_Sequence(51, 0x0007FFFFFFFFFFFF); //Put it back in reset
[21:54:29.120]              // -> [DAP_SWJ_Sequence(51, 0x0007FFFFFFFFFFFF)]
[21:54:29.120]            DAP_SWJ_Sequence(16, 0xE79E); //JTAG to SWD switch
[21:54:29.120]              // -> [DAP_SWJ_Sequence(16, 0x000000000000E79E)]
[21:54:29.120]            DAP_SWJ_Sequence(51, 0x0007FFFFFFFFFFFF);  //Ensure the switch is successful 
[21:54:29.125]              // -> [DAP_SWJ_Sequence(51, 0x0007FFFFFFFFFFFF)]
[21:54:29.125]            DAP_SWJ_Sequence(7,  0x00); //Give the line some time to initialize
[21:54:29.125]              // -> [DAP_SWJ_Sequence(7, 0x0000000000000000)]
[21:54:29.125]          </block>
[21:54:29.125]          // end if-block "!hasDormant"
[21:54:29.125]        </control>
[21:54:29.125]        // end if-block "isSWJ"
[21:54:29.125]      </control>
[21:54:29.125]      <control if="!isSWJ" while="" timeout="0" info="">
[21:54:29.125]        // if-block "!isSWJ"
[21:54:29.125]          // =>  FALSE
[21:54:29.125]        // skip if-block "!isSWJ"
[21:54:29.125]      </control>
[21:54:29.125]      <block atomic="false" info="">
[21:54:29.125]        ReadDP(0x0);
[21:54:29.125]          // -> [ReadDP(0x00000000) => 0x6BA02477]   (__dp=0x00000000)
[21:54:29.125]      </block>
[21:54:29.125]      // end if-block "protType == 2"
[21:54:29.125]    </control>
[21:54:29.125]  </sequence>
[21:54:29.125]  
[21:54:29.135]  **********  Sequence "DebugPortStart"  (Context="Connect", Pname="", info="")
[21:54:29.135]  
[21:54:29.135]  <debugvars>
[21:54:29.135]    // Pre-defined
[21:54:29.135]    __protocol=0x00010002      (Protocol="SWD", SWJ-DP="True")
[21:54:29.135]    __connection=0x00000202    (Connection Type="Flash", Reset Type="System Reset")
[21:54:29.135]    __dp=0x00000000
[21:54:29.135]    __ap=0x00000000
[21:54:29.135]    __traceout=0x00000000      (Trace Disabled)
[21:54:29.135]    __errorcontrol=0x00000000  (Skip Errors="False")
[21:54:29.135]    __FlashAddr=0x00000000
[21:54:29.135]    __FlashLen=0x00000000
[21:54:29.135]    __FlashArg=0x00000000
[21:54:29.135]    __FlashOp=0x00000000
[21:54:29.135]    __Result=0x00000000
[21:54:29.135]  </debugvars>
[21:54:29.135]  
[21:54:29.135]  <sequence name="DebugPortStart" Pname="" disable="false" info="">
[21:54:29.135]    <block atomic="false" info="">
[21:54:29.135]      __var SW_DP_ABORT       = 0x0;
[21:54:29.135]        // -> [SW_DP_ABORT <= 0x00000000]
[21:54:29.135]      __var DP_CTRL_STAT      = 0x4;
[21:54:29.135]        // -> [DP_CTRL_STAT <= 0x00000004]
[21:54:29.135]      __var DP_SELECT         = 0x8;
[21:54:29.135]        // -> [DP_SELECT <= 0x00000008]
[21:54:29.135]      __var powered_down      = 0;
[21:54:29.135]        // -> [powered_down <= 0x00000000]
[21:54:29.135]      WriteDP(DP_SELECT, 0x00000000);
[21:54:29.135]        // -> [WriteDP(0x00000008, 0x00000000)]   (__dp=0x00000000)
[21:54:29.135]      powered_down = ((ReadDP(DP_CTRL_STAT) & 0xA0000000) != 0xA0000000);
[21:54:29.140]        // -> [ReadDP(0x00000004) => 0x00000040]   (__dp=0x00000000)
[21:54:29.140]        // -> [powered_down <= 0x00000001]
[21:54:29.140]    </block>
[21:54:29.140]    <control if="powered_down" while="" timeout="0" info="">
[21:54:29.140]      // if-block "powered_down"
[21:54:29.140]        // =>  TRUE
[21:54:29.140]      <block atomic="false" info="">
[21:54:29.140]        Message(0, "Debug/System power-up request sent");
[21:54:29.140]        WriteDP(DP_CTRL_STAT, 0x50000000);
[21:54:29.145]          // -> [WriteDP(0x00000004, 0x50000000)]   (__dp=0x00000000)
[21:54:29.145]      </block>
[21:54:29.145]      <control if="" while="(ReadDP(DP_CTRL_STAT) & 0xA0000000) != 0xA0000000" timeout="1000000" info="">
[21:54:29.145]        // while "(ReadDP(DP_CTRL_STAT) & 0xA0000000) != 0xA0000000"  (timeout="1000000")
[21:54:29.145]          // -> [ReadDP(0x00000004) => 0xF0000040]   (__dp=0x00000000)
[21:54:29.145]        // while-condition  =>  FALSE
[21:54:29.145]        // end while "(ReadDP(DP_CTRL_STAT) & 0xA0000000) != 0xA0000000"
[21:54:29.145]      </control>
[21:54:29.145]      <control if="(__protocol & 0xFFFF) == 1" while="" timeout="0" info="">
[21:54:29.145]        // if-block "(__protocol & 0xFFFF) == 1"
[21:54:29.145]          // =>  FALSE
[21:54:29.145]        // skip if-block "(__protocol & 0xFFFF) == 1"
[21:54:29.145]      </control>
[21:54:29.145]      <control if="(__protocol & 0xFFFF) == 2" while="" timeout="0" info="">
[21:54:29.145]        // if-block "(__protocol & 0xFFFF) == 2"
[21:54:29.145]          // =>  TRUE
[21:54:29.145]        <block atomic="false" info="">
[21:54:29.145]          Message(0, "executing SWD power up");
[21:54:29.150]          WriteDP(DP_CTRL_STAT, 0x50000F00);
[21:54:29.150]            // -> [WriteDP(0x00000004, 0x50000F00)]   (__dp=0x00000000)
[21:54:29.150]          WriteDP(SW_DP_ABORT, 0x0000001E);
[21:54:29.150]            // -> [WriteDP(0x00000000, 0x0000001E)]   (__dp=0x00000000)
[21:54:29.150]        </block>
[21:54:29.150]        // end if-block "(__protocol & 0xFFFF) == 2"
[21:54:29.150]      </control>
[21:54:29.155]      // end if-block "powered_down"
[21:54:29.155]    </control>
[21:54:29.155]    <block atomic="false" info="">
[21:54:29.155]      __var DEBUG_PORT_VAL    = 0;
[21:54:29.155]        // -> [DEBUG_PORT_VAL <= 0x00000000]
[21:54:29.155]      __var ACCESS_POINT_VAL  = 0;
[21:54:29.155]        // -> [ACCESS_POINT_VAL <= 0x00000000]
[21:54:29.155]      __ap = 1; 
[21:54:29.155]        // -> [__ap <= 0x00000001]
[21:54:29.155]      WriteAP(0x0C, 0x04); //lets use the mini pwr-ap as backup
[21:54:29.155]        // -> [WriteAP(0x0000000C, 0x00000004)]   (__dp=0x00000000, __ap=0x00000001)
[21:54:29.155]      __ap = 4;
[21:54:29.155]        // -> [__ap <= 0x00000004]
[21:54:29.155]      ACCESS_POINT_VAL = ReadAP(0x00);//Reading current state of access point
[21:54:29.155]        // -> [ReadAP(0x00000000) => 0x00080027]   (__dp=0x00000000, __ap=0x00000004)
[21:54:29.155]        // -> [ACCESS_POINT_VAL <= 0x00080027]
[21:54:29.165]      Message(0, "Current state of access point is: %x",ACCESS_POINT_VAL);
[21:54:29.165]    </block>
[21:54:29.165]    <block atomic="false" info="">
[21:54:29.165]      __var nReset = 0x80;
[21:54:29.165]        // -> [nReset <= 0x00000080]
[21:54:29.165]      __var canReadPins = 0;
[21:54:29.165]        // -> [canReadPins <= 0x00000000]
[21:54:29.165]      canReadPins = (DAP_SWJ_Pins(0x00, nReset, 0) != 0xFFFFFFFF);
[21:54:29.165]        // -> [DAP_SWJ_Pins(0x00, 0x80, 0) => 0x0F]   (Out: nRESET=0  =>  In: SWCLK/TCK=1, SWDIO/TMS=1, TDI=1, TDO=1, nTRST=0, nRESET=0)
[21:54:29.165]        // -> [canReadPins <= 0x00000001]
[21:54:29.165]    </block>
[21:54:29.165]    <control if="" while="1" timeout="200" info="">
[21:54:29.165]      // while "1"  (timeout="200")
[21:54:29.165]      // while-condition  =>  TRUE
[21:54:29.165]      // while "1"  (timeout="200")
[21:54:29.165]      // while-condition  =>  TRUE
[21:54:29.165]      // while "1"  (timeout="200")
[21:54:29.165]      // while-condition  =>  TRUE
[21:54:29.165]      // while "1"  (timeout="200")
[21:54:29.165]      // while-condition  =>  TRUE
[21:54:29.165]      // while "1"  (timeout="200")
[21:54:29.165]      // while-condition  =>  TRUE
[21:54:29.165]      // while "1"  (timeout="200")
[21:54:29.165]      // while-condition  =>  TRUE
[21:54:29.165]      // while "1"  (timeout="200")
[21:54:29.165]      // while-condition  =>  TRUE
[21:54:29.165]      // while "1"  (timeout="200")
[21:54:29.165]      // while-condition  =>  TRUE
[21:54:29.165]      // while "1"  (timeout="200")
[21:54:29.165]      // while-condition  =>  TRUE
[21:54:29.165]      // while "1"  (timeout="200")
[21:54:29.165]      // while-condition  =>  TRUE
[21:54:29.165]      // while "1"  (timeout="200")
[21:54:29.171]      // while-condition  =>  TRUE
[21:54:29.171]      // while "1"  (timeout="200")
[21:54:29.171]      // while-condition  =>  TRUE
[21:54:29.171]      // while "1"  (timeout="200")
[21:54:29.171]      // while-condition  =>  TRUE
[21:54:29.171]      // while "1"  (timeout="200")
[21:54:29.171]      // while-condition  =>  TRUE
[21:54:29.171]      // while "1"  (timeout="200")
[21:54:29.171]      // while-condition  =>  TRUE
[21:54:29.171]      // while "1"  (timeout="200")
[21:54:29.171]      // while-condition  =>  TRUE
[21:54:29.171]      // while "1"  (timeout="200")
[21:54:29.171]      // while-condition  =>  TRUE
[21:54:29.171]      // while "1"  (timeout="200")
[21:54:29.171]      // while-condition  =>  TRUE
[21:54:29.171]      // while "1"  (timeout="200")
[21:54:29.171]      // while-condition  =>  TRUE
[21:54:29.171]      // while "1"  (timeout="200")
[21:54:29.171]      // while-condition  =>  TRUE
[21:54:29.171]      // while "1"  (timeout="200")
[21:54:29.171]      // while-condition  =>  TRUE
[21:54:29.171]      // while "1"  (timeout="200")
[21:54:29.171]      // while-condition  =>  TRUE
[21:54:29.171]      // while "1"  (timeout="200")
[21:54:29.171]      // while-condition  =>  TRUE
[21:54:29.171]      // while "1"  (timeout="200")
[21:54:29.171]      // while-condition  =>  TRUE
[21:54:29.171]      // while "1"  (timeout="200")
[21:54:29.171]      // while-condition  =>  TRUE
[21:54:29.171]      // while "1"  (timeout="200")
[21:54:29.171]      // while-condition  =>  TRUE
[21:54:29.171]      // while "1"  (timeout="200")
[21:54:29.171]      // while-condition  =>  TRUE
[21:54:29.171]      // while "1"  (timeout="200")
[21:54:29.171]      // while-condition  =>  TRUE
[21:54:29.171]      // while "1"  (timeout="200")
[21:54:29.171]      // while-condition  =>  TRUE
[21:54:29.171]      // while "1"  (timeout="200")
[21:54:29.171]      // while-condition  =>  TRUE
[21:54:29.171]      // while "1"  (timeout="200")
[21:54:29.173]      // while-condition  =>  TRUE
[21:54:29.173]      // while "1"  (timeout="200")
[21:54:29.173]      // while-condition  =>  TRUE
[21:54:29.173]      // while "1"  (timeout="200")
[21:54:29.173]      // while-condition  =>  TRUE
[21:54:29.173]      // while "1"  (timeout="200")
[21:54:29.173]      // while-condition  =>  TRUE
[21:54:29.173]      // while "1"  (timeout="200")
[21:54:29.173]      // while-condition  =>  TRUE
[21:54:29.173]      // while "1"  (timeout="200")
[21:54:29.173]      // while-condition  =>  TRUE
[21:54:29.173]      // while "1"  (timeout="200")
[21:54:29.173]      // while-condition  =>  TRUE
[21:54:29.173]      // while "1"  (timeout="200")
[21:54:29.173]      // while-condition  =>  TRUE
[21:54:29.173]      // while "1"  (timeout="200")
[21:54:29.173]      // while-condition  =>  TRUE
[21:54:29.173]      // while "1"  (timeout="200")
[21:54:29.173]      // while-condition  =>  TRUE
[21:54:29.173]      // while "1"  (timeout="200")
[21:54:29.173]      // while-condition  =>  TRUE
[21:54:29.173]      // while "1"  (timeout="200")
[21:54:29.173]      // while-condition  =>  TRUE
[21:54:29.173]      // while "1"  (timeout="200")
[21:54:29.173]      // while-condition  =>  TRUE
[21:54:29.173]      // while "1"  (timeout="200")
[21:54:29.173]      // while-condition  =>  TRUE
[21:54:29.173]      // while "1"  (timeout="200")
[21:54:29.173]      // while-condition  =>  TRUE
[21:54:29.173]      // while "1"  (timeout="200")
[21:54:29.173]      // while-condition  =>  TRUE
[21:54:29.173]      // while "1"  (timeout="200")
[21:54:29.173]      // while-condition  =>  TRUE
[21:54:29.173]      // while "1"  (timeout="200")
[21:54:29.173]      // while-condition  =>  TRUE
[21:54:29.173]      // while "1"  (timeout="200")
[21:54:29.173]      // while-condition  =>  TRUE
[21:54:29.173]      // while "1"  (timeout="200")
[21:54:29.173]      // while-condition  =>  TRUE
[21:54:29.173]      // while "1"  (timeout="200")
[21:54:29.175]      // while-condition  =>  TRUE
[21:54:29.175]      // while "1"  (timeout="200")
[21:54:29.175]      // while  =>  TIMEOUT
[21:54:29.175]      // end while "1"
[21:54:29.175]    </control>
[21:54:29.175]    <control if="canReadPins" while="" timeout="0" info="">
[21:54:29.175]      // if-block "canReadPins"
[21:54:29.175]        // =>  TRUE
[21:54:29.175]      <control if="" while="(DAP_SWJ_Pins(nReset, nReset, 0) & nReset) == 0" timeout="1000000" info="">
[21:54:29.175]        // while "(DAP_SWJ_Pins(nReset, nReset, 0) & nReset) == 0"  (timeout="1000000")
[21:54:29.177]          // -> [DAP_SWJ_Pins(0x80, 0x80, 0) => 0x8F]   (Out: nRESET=1  =>  In: SWCLK/TCK=1, SWDIO/TMS=1, TDI=1, TDO=1, nTRST=0, nRESET=1)
[21:54:29.177]        // while-condition  =>  FALSE
[21:54:29.177]        // end while "(DAP_SWJ_Pins(nReset, nReset, 0) & nReset) == 0"
[21:54:29.177]      </control>
[21:54:29.179]      // end if-block "canReadPins"
[21:54:29.179]    </control>
[21:54:29.179]    <control if="!canReadPins" while="" timeout="0" info="">
[21:54:29.179]      // if-block "!canReadPins"
[21:54:29.179]        // =>  FALSE
[21:54:29.179]      // skip if-block "!canReadPins"
[21:54:29.179]    </control>
[21:54:29.179]    <control if="(ACCESS_POINT_VAL & 0x00E00000) == 0" while="" timeout="0" info="">
[21:54:29.179]      // if-block "(ACCESS_POINT_VAL & 0x00E00000) == 0"
[21:54:29.179]        // =>  TRUE
[21:54:29.179]      <block atomic="false" info="">
[21:54:29.179]        WriteAP(0x00, 0x190008);
[21:54:29.181]          // -> [WriteAP(0x00000000, 0x00190008)]   (__dp=0x00000000, __ap=0x00000004)
[21:54:29.181]        WriteAP(0xF0, 0x01);
[21:54:29.186]          // -> [WriteAP(0x000000F0, 0x00000001)]   (__dp=0x00000000, __ap=0x00000004)
[21:54:29.186]      </block>
[21:54:29.186]      // end if-block "(ACCESS_POINT_VAL & 0x00E00000) == 0"
[21:54:29.186]    </control>
[21:54:29.186]    <control if="(ACCESS_POINT_VAL & 0x00E00000) != 0" while="" timeout="0" info="">
[21:54:29.186]      // if-block "(ACCESS_POINT_VAL & 0x00E00000) != 0"
[21:54:29.186]        // =>  FALSE
[21:54:29.186]      // skip if-block "(ACCESS_POINT_VAL & 0x00E00000) != 0"
[21:54:29.186]    </control>
[21:54:29.186]    <block atomic="false" info="">
[21:54:29.186]      ACCESS_POINT_VAL = ReadAP(0x00);//Reading current state of access point
[21:54:29.186]        // -> [ReadAP(0x00000000) => 0x0079002F]   (__dp=0x00000000, __ap=0x00000004)
[21:54:29.186]        // -> [ACCESS_POINT_VAL <= 0x0079002F]
[21:54:29.186]      Message(0, "Current state of access point is: %x",ACCESS_POINT_VAL);
[21:54:29.186]      __ap = 0; //lets make sure we reset the access point selection
[21:54:29.186]        // -> [__ap <= 0x00000000]
[21:54:29.186]    </block>
[21:54:29.186]  </sequence>
[21:54:29.186]  
[21:54:29.215]  **********  Sequence "DebugDeviceUnlock"  (Context="Connect", Pname="", info="")
[21:54:29.215]  
[21:54:29.215]  <debugvars>
[21:54:29.215]    // Pre-defined
[21:54:29.215]    __protocol=0x00010002      (Protocol="SWD", SWJ-DP="True")
[21:54:29.215]    __connection=0x00000202    (Connection Type="Flash", Reset Type="System Reset")
[21:54:29.215]    __dp=0x00000000
[21:54:29.215]    __ap=0x00000000
[21:54:29.215]    __traceout=0x00000000      (Trace Disabled)
[21:54:29.215]    __errorcontrol=0x00000000  (Skip Errors="False")
[21:54:29.215]    __FlashAddr=0x00000000
[21:54:29.215]    __FlashLen=0x00000000
[21:54:29.215]    __FlashArg=0x00000000
[21:54:29.215]    __FlashOp=0x00000000
[21:54:29.215]    __Result=0x00000000
[21:54:29.215]  </debugvars>
[21:54:29.215]  
[21:54:29.215]  <sequence name="DebugDeviceUnlock" Pname="" disable="false" info="">
[21:54:29.215]    <block atomic="false" info="">
[21:54:29.215]      __var deviceID = 0;
[21:54:29.215]        // -> [deviceID <= 0x00000000]
[21:54:29.215]      __var version = 0;
[21:54:29.215]        // -> [version <= 0x00000000]
[21:54:29.215]      __var partNum = 0;
[21:54:29.215]        // -> [partNum <= 0x00000000]
[21:54:29.215]      __var manuf = 0;
[21:54:29.215]        // -> [manuf <= 0x00000000]
[21:54:29.215]      __var isMSPM0G1X0X_G3X0X = 0;
[21:54:29.215]        // -> [isMSPM0G1X0X_G3X0X <= 0x00000000]
[21:54:29.215]      __var isProduction = 0;
[21:54:29.215]        // -> [isProduction <= 0x00000000]
[21:54:29.215]      __var continueId = 0;
[21:54:29.215]        // -> [continueId <= 0x00000000]
[21:54:29.215]      deviceID =   Read32(0x41C40004);
[21:54:29.220]        // -> [Read32(0x41C40004) => 0x2BB8802F]   (__dp=0x00000000, __ap=0x00000000)
[21:54:29.220]        // -> [deviceID <= 0x2BB8802F]
[21:54:29.220]      version = deviceID >> 28;
[21:54:29.220]        // -> [version <= 0x00000002]
[21:54:29.225]      partNum = (deviceID & 0x0FFFF000) >> 12;
[21:54:29.225]        // -> [partNum <= 0x0000BB88]
[21:54:29.225]      manuf = (deviceID & 0x00000FFE) >> 1;
[21:54:29.225]        // -> [manuf <= 0x00000017]
[21:54:29.225]      isMSPM0G1X0X_G3X0X = (partNum == 0xBB88) && (manuf == 0x17);
[21:54:29.225]        // -> [isMSPM0G1X0X_G3X0X <= 0x00000001]
[21:54:29.225]      isProduction = (version > 0);
[21:54:29.225]        // -> [isProduction <= 0x00000001]
[21:54:29.225]    </block>
[21:54:29.225]    <control if="!isMSPM0G1X0X_G3X0X" while="" timeout="0" info="">
[21:54:29.225]      // if-block "!isMSPM0G1X0X_G3X0X"
[21:54:29.225]        // =>  FALSE
[21:54:29.225]      // skip if-block "!isMSPM0G1X0X_G3X0X"
[21:54:29.225]    </control>
[21:54:29.225]    <control if="continueId == 4" while="" timeout="0" info="">
[21:54:29.225]      // if-block "continueId == 4"
[21:54:29.225]        // =>  FALSE
[21:54:29.225]      // skip if-block "continueId == 4"
[21:54:29.225]    </control>
[21:54:29.225]    <control if="!isProduction" while="" timeout="0" info="">
[21:54:29.225]      // if-block "!isProduction"
[21:54:29.225]        // =>  FALSE
[21:54:29.225]      // skip if-block "!isProduction"
[21:54:29.225]    </control>
[21:54:29.225]  </sequence>
[21:54:29.225]  
[22:08:08.151]  **********  Sequence "DebugPortSetup"  (Context="Connect", Pname="", info="")
[22:08:08.151]  
[22:08:08.152]  <debugvars>
[22:08:08.152]    // Pre-defined
[22:08:08.152]    __protocol=0x00010002      (Protocol="SWD", SWJ-DP="True")
[22:08:08.152]    __connection=0x00000202    (Connection Type="Flash", Reset Type="System Reset")
[22:08:08.152]    __dp=0x00000000
[22:08:08.152]    __ap=0x00000000
[22:08:08.152]    __traceout=0x00000000      (Trace Disabled)
[22:08:08.152]    __errorcontrol=0x00000000  (Skip Errors="False")
[22:08:08.152]    __FlashAddr=0x00000000
[22:08:08.152]    __FlashLen=0x00000000
[22:08:08.152]    __FlashArg=0x00000000
[22:08:08.152]    __FlashOp=0x00000000
[22:08:08.152]    __Result=0x00000000
[22:08:08.152]  </debugvars>
[22:08:08.152]  
[22:08:08.153]  <sequence name="DebugPortSetup" Pname="" disable="false" info="">
[22:08:08.153]    <block atomic="false" info="">
[22:08:08.153]      __var isSWJ      = ((__protocol & 0x00010000) != 0);
[22:08:08.153]        // -> [isSWJ <= 0x00000001]
[22:08:08.153]      __var hasDormant = __protocol & 0x00020000;
[22:08:08.153]        // -> [hasDormant <= 0x00000000]
[22:08:08.153]      __var protType   = __protocol & 0x0000FFFF;
[22:08:08.153]        // -> [protType <= 0x00000002]
[22:08:08.153]    </block>
[22:08:08.153]    <control if="protType == 1" while="" timeout="0" info="">
[22:08:08.153]      // if-block "protType == 1"
[22:08:08.153]        // =>  FALSE
[22:08:08.153]      // skip if-block "protType == 1"
[22:08:08.153]    </control>
[22:08:08.153]    <control if="protType == 2" while="" timeout="0" info="">
[22:08:08.153]      // if-block "protType == 2"
[22:08:08.153]        // =>  TRUE
[22:08:08.153]      <control if="isSWJ" while="" timeout="0" info="">
[22:08:08.153]        // if-block "isSWJ"
[22:08:08.153]          // =>  TRUE
[22:08:08.153]        <control if="hasDormant" while="" timeout="0" info="">
[22:08:08.154]          // if-block "hasDormant"
[22:08:08.154]            // =>  FALSE
[22:08:08.154]          // skip if-block "hasDormant"
[22:08:08.154]        </control>
[22:08:08.154]        <control if="!hasDormant" while="" timeout="0" info="">
[22:08:08.154]          // if-block "!hasDormant"
[22:08:08.154]            // =>  TRUE
[22:08:08.154]          <block atomic="false" info="">
[22:08:08.154]            DAP_SWJ_Sequence(51, 0x0007FFFFFFFFFFFF); //lets put the JTAG line in a reset state
[22:08:08.156]              // -> [DAP_SWJ_Sequence(51, 0x0007FFFFFFFFFFFF)]
[22:08:08.156]            DAP_SWJ_Sequence(16,0xE73C); //SWD to JTAG, this is to ensure the state machine is initialized
[22:08:08.158]              // -> [DAP_SWJ_Sequence(16, 0x000000000000E73C)]
[22:08:08.158]            DAP_SWJ_Sequence(51, 0x0007FFFFFFFFFFFF); //Put it back in reset
[22:08:08.160]              // -> [DAP_SWJ_Sequence(51, 0x0007FFFFFFFFFFFF)]
[22:08:08.160]            DAP_SWJ_Sequence(16, 0xE79E); //JTAG to SWD switch
[22:08:08.160]              // -> [DAP_SWJ_Sequence(16, 0x000000000000E79E)]
[22:08:08.160]            DAP_SWJ_Sequence(51, 0x0007FFFFFFFFFFFF);  //Ensure the switch is successful 
[22:08:08.160]              // -> [DAP_SWJ_Sequence(51, 0x0007FFFFFFFFFFFF)]
[22:08:08.160]            DAP_SWJ_Sequence(7,  0x00); //Give the line some time to initialize
[22:08:08.160]              // -> [DAP_SWJ_Sequence(7, 0x0000000000000000)]
[22:08:08.160]          </block>
[22:08:08.160]          // end if-block "!hasDormant"
[22:08:08.160]        </control>
[22:08:08.160]        // end if-block "isSWJ"
[22:08:08.160]      </control>
[22:08:08.160]      <control if="!isSWJ" while="" timeout="0" info="">
[22:08:08.160]        // if-block "!isSWJ"
[22:08:08.160]          // =>  FALSE
[22:08:08.160]        // skip if-block "!isSWJ"
[22:08:08.160]      </control>
[22:08:08.160]      <block atomic="false" info="">
[22:08:08.160]        ReadDP(0x0);
[22:08:08.160]          // -> [ReadDP(0x00000000) => 0x6BA02477]   (__dp=0x00000000)
[22:08:08.170]      </block>
[22:08:08.170]      // end if-block "protType == 2"
[22:08:08.170]    </control>
[22:08:08.170]  </sequence>
[22:08:08.170]  
[22:08:08.170]  **********  Sequence "DebugPortStart"  (Context="Connect", Pname="", info="")
[22:08:08.170]  
[22:08:08.170]  <debugvars>
[22:08:08.170]    // Pre-defined
[22:08:08.170]    __protocol=0x00010002      (Protocol="SWD", SWJ-DP="True")
[22:08:08.170]    __connection=0x00000202    (Connection Type="Flash", Reset Type="System Reset")
[22:08:08.170]    __dp=0x00000000
[22:08:08.170]    __ap=0x00000000
[22:08:08.170]    __traceout=0x00000000      (Trace Disabled)
[22:08:08.170]    __errorcontrol=0x00000000  (Skip Errors="False")
[22:08:08.170]    __FlashAddr=0x00000000
[22:08:08.170]    __FlashLen=0x00000000
[22:08:08.170]    __FlashArg=0x00000000
[22:08:08.170]    __FlashOp=0x00000000
[22:08:08.170]    __Result=0x00000000
[22:08:08.170]  </debugvars>
[22:08:08.170]  
[22:08:08.170]  <sequence name="DebugPortStart" Pname="" disable="false" info="">
[22:08:08.170]    <block atomic="false" info="">
[22:08:08.170]      __var SW_DP_ABORT       = 0x0;
[22:08:08.170]        // -> [SW_DP_ABORT <= 0x00000000]
[22:08:08.170]      __var DP_CTRL_STAT      = 0x4;
[22:08:08.170]        // -> [DP_CTRL_STAT <= 0x00000004]
[22:08:08.170]      __var DP_SELECT         = 0x8;
[22:08:08.170]        // -> [DP_SELECT <= 0x00000008]
[22:08:08.170]      __var powered_down      = 0;
[22:08:08.170]        // -> [powered_down <= 0x00000000]
[22:08:08.170]      WriteDP(DP_SELECT, 0x00000000);
[22:08:08.170]        // -> [WriteDP(0x00000008, 0x00000000)]   (__dp=0x00000000)
[22:08:08.170]      powered_down = ((ReadDP(DP_CTRL_STAT) & 0xA0000000) != 0xA0000000);
[22:08:08.180]        // -> [ReadDP(0x00000004) => 0x00000040]   (__dp=0x00000000)
[22:08:08.180]        // -> [powered_down <= 0x00000001]
[22:08:08.180]    </block>
[22:08:08.180]    <control if="powered_down" while="" timeout="0" info="">
[22:08:08.180]      // if-block "powered_down"
[22:08:08.180]        // =>  TRUE
[22:08:08.180]      <block atomic="false" info="">
[22:08:08.180]        Message(0, "Debug/System power-up request sent");
[22:08:08.180]        WriteDP(DP_CTRL_STAT, 0x50000000);
[22:08:08.180]          // -> [WriteDP(0x00000004, 0x50000000)]   (__dp=0x00000000)
[22:08:08.180]      </block>
[22:08:08.180]      <control if="" while="(ReadDP(DP_CTRL_STAT) & 0xA0000000) != 0xA0000000" timeout="1000000" info="">
[22:08:08.180]        // while "(ReadDP(DP_CTRL_STAT) & 0xA0000000) != 0xA0000000"  (timeout="1000000")
[22:08:08.180]          // -> [ReadDP(0x00000004) => 0xF0000040]   (__dp=0x00000000)
[22:08:08.190]        // while-condition  =>  FALSE
[22:08:08.190]        // end while "(ReadDP(DP_CTRL_STAT) & 0xA0000000) != 0xA0000000"
[22:08:08.190]      </control>
[22:08:08.190]      <control if="(__protocol & 0xFFFF) == 1" while="" timeout="0" info="">
[22:08:08.190]        // if-block "(__protocol & 0xFFFF) == 1"
[22:08:08.190]          // =>  FALSE
[22:08:08.190]        // skip if-block "(__protocol & 0xFFFF) == 1"
[22:08:08.190]      </control>
[22:08:08.190]      <control if="(__protocol & 0xFFFF) == 2" while="" timeout="0" info="">
[22:08:08.190]        // if-block "(__protocol & 0xFFFF) == 2"
[22:08:08.190]          // =>  TRUE
[22:08:08.190]        <block atomic="false" info="">
[22:08:08.190]          Message(0, "executing SWD power up");
[22:08:08.190]          WriteDP(DP_CTRL_STAT, 0x50000F00);
[22:08:08.190]            // -> [WriteDP(0x00000004, 0x50000F00)]   (__dp=0x00000000)
[22:08:08.190]          WriteDP(SW_DP_ABORT, 0x0000001E);
[22:08:08.190]            // -> [WriteDP(0x00000000, 0x0000001E)]   (__dp=0x00000000)
[22:08:08.190]        </block>
[22:08:08.190]        // end if-block "(__protocol & 0xFFFF) == 2"
[22:08:08.190]      </control>
[22:08:08.190]      // end if-block "powered_down"
[22:08:08.190]    </control>
[22:08:08.190]    <block atomic="false" info="">
[22:08:08.190]      __var DEBUG_PORT_VAL    = 0;
[22:08:08.190]        // -> [DEBUG_PORT_VAL <= 0x00000000]
[22:08:08.190]      __var ACCESS_POINT_VAL  = 0;
[22:08:08.190]        // -> [ACCESS_POINT_VAL <= 0x00000000]
[22:08:08.190]      __ap = 1; 
[22:08:08.190]        // -> [__ap <= 0x00000001]
[22:08:08.190]      WriteAP(0x0C, 0x04); //lets use the mini pwr-ap as backup
[22:08:08.201]        // -> [WriteAP(0x0000000C, 0x00000004)]   (__dp=0x00000000, __ap=0x00000001)
[22:08:08.201]      __ap = 4;
[22:08:08.201]        // -> [__ap <= 0x00000004]
[22:08:08.201]      ACCESS_POINT_VAL = ReadAP(0x00);//Reading current state of access point
[22:08:08.201]        // -> [ReadAP(0x00000000) => 0x00080027]   (__dp=0x00000000, __ap=0x00000004)
[22:08:08.201]        // -> [ACCESS_POINT_VAL <= 0x00080027]
[22:08:08.201]      Message(0, "Current state of access point is: %x",ACCESS_POINT_VAL);
[22:08:08.201]    </block>
[22:08:08.201]    <block atomic="false" info="">
[22:08:08.201]      __var nReset = 0x80;
[22:08:08.201]        // -> [nReset <= 0x00000080]
[22:08:08.201]      __var canReadPins = 0;
[22:08:08.201]        // -> [canReadPins <= 0x00000000]
[22:08:08.201]      canReadPins = (DAP_SWJ_Pins(0x00, nReset, 0) != 0xFFFFFFFF);
[22:08:08.201]        // -> [DAP_SWJ_Pins(0x00, 0x80, 0) => 0x0F]   (Out: nRESET=0  =>  In: SWCLK/TCK=1, SWDIO/TMS=1, TDI=1, TDO=1, nTRST=0, nRESET=0)
[22:08:08.201]        // -> [canReadPins <= 0x00000001]
[22:08:08.211]    </block>
[22:08:08.211]    <control if="" while="1" timeout="200" info="">
[22:08:08.211]      // while "1"  (timeout="200")
[22:08:08.211]      // while-condition  =>  TRUE
[22:08:08.211]      // while "1"  (timeout="200")
[22:08:08.211]      // while-condition  =>  TRUE
[22:08:08.211]      // while "1"  (timeout="200")
[22:08:08.211]      // while-condition  =>  TRUE
[22:08:08.211]      // while "1"  (timeout="200")
[22:08:08.211]      // while-condition  =>  TRUE
[22:08:08.211]      // while "1"  (timeout="200")
[22:08:08.211]      // while-condition  =>  TRUE
[22:08:08.211]      // while "1"  (timeout="200")
[22:08:08.211]      // while-condition  =>  TRUE
[22:08:08.211]      // while "1"  (timeout="200")
[22:08:08.211]      // while-condition  =>  TRUE
[22:08:08.211]      // while "1"  (timeout="200")
[22:08:08.211]      // while-condition  =>  TRUE
[22:08:08.211]      // while "1"  (timeout="200")
[22:08:08.211]      // while-condition  =>  TRUE
[22:08:08.211]      // while "1"  (timeout="200")
[22:08:08.211]      // while-condition  =>  TRUE
[22:08:08.211]      // while "1"  (timeout="200")
[22:08:08.211]      // while-condition  =>  TRUE
[22:08:08.211]      // while "1"  (timeout="200")
[22:08:08.211]      // while-condition  =>  TRUE
[22:08:08.211]      // while "1"  (timeout="200")
[22:08:08.211]      // while-condition  =>  TRUE
[22:08:08.211]      // while "1"  (timeout="200")
[22:08:08.211]      // while-condition  =>  TRUE
[22:08:08.211]      // while "1"  (timeout="200")
[22:08:08.211]      // while-condition  =>  TRUE
[22:08:08.211]      // while "1"  (timeout="200")
[22:08:08.211]      // while-condition  =>  TRUE
[22:08:08.211]      // while "1"  (timeout="200")
[22:08:08.211]      // while-condition  =>  TRUE
[22:08:08.211]      // while "1"  (timeout="200")
[22:08:08.211]      // while-condition  =>  TRUE
[22:08:08.211]      // while "1"  (timeout="200")
[22:08:08.211]      // while-condition  =>  TRUE
[22:08:08.211]      // while "1"  (timeout="200")
[22:08:08.211]      // while-condition  =>  TRUE
[22:08:08.211]      // while "1"  (timeout="200")
[22:08:08.211]      // while-condition  =>  TRUE
[22:08:08.211]      // while "1"  (timeout="200")
[22:08:08.211]      // while-condition  =>  TRUE
[22:08:08.211]      // while "1"  (timeout="200")
[22:08:08.211]      // while-condition  =>  TRUE
[22:08:08.211]      // while "1"  (timeout="200")
[22:08:08.211]      // while-condition  =>  TRUE
[22:08:08.211]      // while "1"  (timeout="200")
[22:08:08.211]      // while-condition  =>  TRUE
[22:08:08.211]      // while "1"  (timeout="200")
[22:08:08.211]      // while-condition  =>  TRUE
[22:08:08.211]      // while "1"  (timeout="200")
[22:08:08.211]      // while-condition  =>  TRUE
[22:08:08.211]      // while "1"  (timeout="200")
[22:08:08.211]      // while-condition  =>  TRUE
[22:08:08.211]      // while "1"  (timeout="200")
[22:08:08.211]      // while-condition  =>  TRUE
[22:08:08.211]      // while "1"  (timeout="200")
[22:08:08.211]      // while-condition  =>  TRUE
[22:08:08.211]      // while "1"  (timeout="200")
[22:08:08.211]      // while-condition  =>  TRUE
[22:08:08.211]      // while "1"  (timeout="200")
[22:08:08.211]      // while-condition  =>  TRUE
[22:08:08.211]      // while "1"  (timeout="200")
[22:08:08.211]      // while-condition  =>  TRUE
[22:08:08.211]      // while "1"  (timeout="200")
[22:08:08.211]      // while-condition  =>  TRUE
[22:08:08.211]      // while "1"  (timeout="200")
[22:08:08.211]      // while-condition  =>  TRUE
[22:08:08.211]      // while "1"  (timeout="200")
[22:08:08.211]      // while-condition  =>  TRUE
[22:08:08.211]      // while "1"  (timeout="200")
[22:08:08.211]      // while-condition  =>  TRUE
[22:08:08.211]      // while "1"  (timeout="200")
[22:08:08.211]      // while-condition  =>  TRUE
[22:08:08.211]      // while "1"  (timeout="200")
[22:08:08.211]      // while-condition  =>  TRUE
[22:08:08.211]      // while "1"  (timeout="200")
[22:08:08.211]      // while-condition  =>  TRUE
[22:08:08.211]      // while "1"  (timeout="200")
[22:08:08.211]      // while-condition  =>  TRUE
[22:08:08.211]      // while "1"  (timeout="200")
[22:08:08.211]      // while-condition  =>  TRUE
[22:08:08.211]      // while "1"  (timeout="200")
[22:08:08.211]      // while-condition  =>  TRUE
[22:08:08.211]      // while "1"  (timeout="200")
[22:08:08.211]      // while-condition  =>  TRUE
[22:08:08.211]      // while "1"  (timeout="200")
[22:08:08.211]      // while-condition  =>  TRUE
[22:08:08.211]      // while "1"  (timeout="200")
[22:08:08.211]      // while-condition  =>  TRUE
[22:08:08.211]      // while "1"  (timeout="200")
[22:08:08.211]      // while-condition  =>  TRUE
[22:08:08.211]      // while "1"  (timeout="200")
[22:08:08.211]      // while-condition  =>  TRUE
[22:08:08.211]      // while "1"  (timeout="200")
[22:08:08.211]      // while-condition  =>  TRUE
[22:08:08.211]      // while "1"  (timeout="200")
[22:08:08.211]      // while-condition  =>  TRUE
[22:08:08.211]      // while "1"  (timeout="200")
[22:08:08.211]      // while-condition  =>  TRUE
[22:08:08.211]      // while "1"  (timeout="200")
[22:08:08.211]      // while-condition  =>  TRUE
[22:08:08.211]      // while "1"  (timeout="200")
[22:08:08.211]      // while-condition  =>  TRUE
[22:08:08.211]      // while "1"  (timeout="200")
[22:08:08.211]      // while-condition  =>  TRUE
[22:08:08.211]      // while "1"  (timeout="200")
[22:08:08.211]      // while-condition  =>  TRUE
[22:08:08.211]      // while "1"  (timeout="200")
[22:08:08.211]      // while-condition  =>  TRUE
[22:08:08.211]      // while "1"  (timeout="200")
[22:08:08.211]      // while-condition  =>  TRUE
[22:08:08.211]      // while "1"  (timeout="200")
[22:08:08.211]      // while-condition  =>  TRUE
[22:08:08.211]      // while "1"  (timeout="200")
[22:08:08.211]      // while-condition  =>  TRUE
[22:08:08.211]      // while "1"  (timeout="200")
[22:08:08.211]      // while-condition  =>  TRUE
[22:08:08.211]      // while "1"  (timeout="200")
[22:08:08.211]      // while-condition  =>  TRUE
[22:08:08.211]      // while "1"  (timeout="200")
[22:08:08.211]      // while-condition  =>  TRUE
[22:08:08.211]      // while "1"  (timeout="200")
[22:08:08.211]      // while-condition  =>  TRUE
[22:08:08.211]      // while "1"  (timeout="200")
[22:08:08.211]      // while-condition  =>  TRUE
[22:08:08.211]      // while "1"  (timeout="200")
[22:08:08.211]      // while-condition  =>  TRUE
[22:08:08.211]      // while "1"  (timeout="200")
[22:08:08.211]      // while-condition  =>  TRUE
[22:08:08.211]      // while "1"  (timeout="200")
[22:08:08.211]      // while-condition  =>  TRUE
[22:08:08.211]      // while "1"  (timeout="200")
[22:08:08.211]      // while-condition  =>  TRUE
[22:08:08.211]      // while "1"  (timeout="200")
[22:08:08.211]      // while-condition  =>  TRUE
[22:08:08.211]      // while "1"  (timeout="200")
[22:08:08.211]      // while-condition  =>  TRUE
[22:08:08.211]      // while "1"  (timeout="200")
[22:08:08.211]      // while-condition  =>  TRUE
[22:08:08.211]      // while "1"  (timeout="200")
[22:08:08.211]      // while-condition  =>  TRUE
[22:08:08.211]      // while "1"  (timeout="200")
[22:08:08.211]      // while-condition  =>  TRUE
[22:08:08.211]      // while "1"  (timeout="200")
[22:08:08.211]      // while-condition  =>  TRUE
[22:08:08.211]      // while "1"  (timeout="200")
[22:08:08.211]      // while-condition  =>  TRUE
[22:08:08.211]      // while "1"  (timeout="200")
[22:08:08.211]      // while-condition  =>  TRUE
[22:08:08.211]      // while "1"  (timeout="200")
[22:08:08.211]      // while-condition  =>  TRUE
[22:08:08.211]      // while "1"  (timeout="200")
[22:08:08.211]      // while-condition  =>  TRUE
[22:08:08.211]      // while "1"  (timeout="200")
[22:08:08.211]      // while-condition  =>  TRUE
[22:08:08.211]      // while "1"  (timeout="200")
[22:08:08.211]      // while-condition  =>  TRUE
[22:08:08.211]      // while "1"  (timeout="200")
[22:08:08.211]      // while-condition  =>  TRUE
[22:08:08.211]      // while "1"  (timeout="200")
[22:08:08.211]      // while-condition  =>  TRUE
[22:08:08.211]      // while "1"  (timeout="200")
[22:08:08.211]      // while-condition  =>  TRUE
[22:08:08.211]      // while "1"  (timeout="200")
[22:08:08.211]      // while-condition  =>  TRUE
[22:08:08.211]      // while "1"  (timeout="200")
[22:08:08.211]      // while-condition  =>  TRUE
[22:08:08.211]      // while "1"  (timeout="200")
[22:08:08.211]      // while-condition  =>  TRUE
[22:08:08.211]      // while "1"  (timeout="200")
[22:08:08.211]      // while-condition  =>  TRUE
[22:08:08.211]      // while "1"  (timeout="200")
[22:08:08.211]      // while-condition  =>  TRUE
[22:08:08.211]      // while "1"  (timeout="200")
[22:08:08.211]      // while-condition  =>  TRUE
[22:08:08.211]      // while "1"  (timeout="200")
[22:08:08.211]      // while-condition  =>  TRUE
[22:08:08.211]      // while "1"  (timeout="200")
[22:08:08.211]      // while-condition  =>  TRUE
[22:08:08.211]      // while "1"  (timeout="200")
[22:08:08.211]      // while-condition  =>  TRUE
[22:08:08.211]      // while "1"  (timeout="200")
[22:08:08.211]      // while-condition  =>  TRUE
[22:08:08.211]      // while "1"  (timeout="200")
[22:08:08.211]      // while-condition  =>  TRUE
[22:08:08.211]      // while "1"  (timeout="200")
[22:08:08.211]      // while-condition  =>  TRUE
[22:08:08.221]      // while "1"  (timeout="200")
[22:08:08.221]      // while  =>  TIMEOUT
[22:08:08.221]      // end while "1"
[22:08:08.221]    </control>
[22:08:08.221]    <control if="canReadPins" while="" timeout="0" info="">
[22:08:08.221]      // if-block "canReadPins"
[22:08:08.221]        // =>  TRUE
[22:08:08.221]      <control if="" while="(DAP_SWJ_Pins(nReset, nReset, 0) & nReset) == 0" timeout="1000000" info="">
[22:08:08.221]        // while "(DAP_SWJ_Pins(nReset, nReset, 0) & nReset) == 0"  (timeout="1000000")
[22:08:08.221]          // -> [DAP_SWJ_Pins(0x80, 0x80, 0) => 0x8F]   (Out: nRESET=1  =>  In: SWCLK/TCK=1, SWDIO/TMS=1, TDI=1, TDO=1, nTRST=0, nRESET=1)
[22:08:08.221]        // while-condition  =>  FALSE
[22:08:08.221]        // end while "(DAP_SWJ_Pins(nReset, nReset, 0) & nReset) == 0"
[22:08:08.221]      </control>
[22:08:08.221]      // end if-block "canReadPins"
[22:08:08.221]    </control>
[22:08:08.221]    <control if="!canReadPins" while="" timeout="0" info="">
[22:08:08.221]      // if-block "!canReadPins"
[22:08:08.221]        // =>  FALSE
[22:08:08.221]      // skip if-block "!canReadPins"
[22:08:08.221]    </control>
[22:08:08.221]    <control if="(ACCESS_POINT_VAL & 0x00E00000) == 0" while="" timeout="0" info="">
[22:08:08.221]      // if-block "(ACCESS_POINT_VAL & 0x00E00000) == 0"
[22:08:08.221]        // =>  TRUE
[22:08:08.221]      <block atomic="false" info="">
[22:08:08.221]        WriteAP(0x00, 0x190008);
[22:08:08.221]          // -> [WriteAP(0x00000000, 0x00190008)]   (__dp=0x00000000, __ap=0x00000004)
[22:08:08.221]        WriteAP(0xF0, 0x01);
[22:08:08.221]          // -> [WriteAP(0x000000F0, 0x00000001)]   (__dp=0x00000000, __ap=0x00000004)
[22:08:08.221]      </block>
[22:08:08.221]      // end if-block "(ACCESS_POINT_VAL & 0x00E00000) == 0"
[22:08:08.221]    </control>
[22:08:08.221]    <control if="(ACCESS_POINT_VAL & 0x00E00000) != 0" while="" timeout="0" info="">
[22:08:08.221]      // if-block "(ACCESS_POINT_VAL & 0x00E00000) != 0"
[22:08:08.221]        // =>  FALSE
[22:08:08.221]      // skip if-block "(ACCESS_POINT_VAL & 0x00E00000) != 0"
[22:08:08.221]    </control>
[22:08:08.221]    <block atomic="false" info="">
[22:08:08.221]      ACCESS_POINT_VAL = ReadAP(0x00);//Reading current state of access point
[22:08:08.231]        // -> [ReadAP(0x00000000) => 0x0079002F]   (__dp=0x00000000, __ap=0x00000004)
[22:08:08.231]        // -> [ACCESS_POINT_VAL <= 0x0079002F]
[22:08:08.231]      Message(0, "Current state of access point is: %x",ACCESS_POINT_VAL);
[22:08:08.231]      __ap = 0; //lets make sure we reset the access point selection
[22:08:08.231]        // -> [__ap <= 0x00000000]
[22:08:08.231]    </block>
[22:08:08.231]  </sequence>
[22:08:08.231]  
[22:08:08.252]  **********  Sequence "DebugDeviceUnlock"  (Context="Connect", Pname="", info="")
[22:08:08.252]  
[22:08:08.252]  <debugvars>
[22:08:08.252]    // Pre-defined
[22:08:08.252]    __protocol=0x00010002      (Protocol="SWD", SWJ-DP="True")
[22:08:08.252]    __connection=0x00000202    (Connection Type="Flash", Reset Type="System Reset")
[22:08:08.252]    __dp=0x00000000
[22:08:08.252]    __ap=0x00000000
[22:08:08.252]    __traceout=0x00000000      (Trace Disabled)
[22:08:08.252]    __errorcontrol=0x00000000  (Skip Errors="False")
[22:08:08.252]    __FlashAddr=0x00000000
[22:08:08.252]    __FlashLen=0x00000000
[22:08:08.252]    __FlashArg=0x00000000
[22:08:08.252]    __FlashOp=0x00000000
[22:08:08.252]    __Result=0x00000000
[22:08:08.252]  </debugvars>
[22:08:08.252]  
[22:08:08.252]  <sequence name="DebugDeviceUnlock" Pname="" disable="false" info="">
[22:08:08.252]    <block atomic="false" info="">
[22:08:08.252]      __var deviceID = 0;
[22:08:08.252]        // -> [deviceID <= 0x00000000]
[22:08:08.252]      __var version = 0;
[22:08:08.252]        // -> [version <= 0x00000000]
[22:08:08.252]      __var partNum = 0;
[22:08:08.252]        // -> [partNum <= 0x00000000]
[22:08:08.252]      __var manuf = 0;
[22:08:08.252]        // -> [manuf <= 0x00000000]
[22:08:08.252]      __var isMSPM0G1X0X_G3X0X = 0;
[22:08:08.252]        // -> [isMSPM0G1X0X_G3X0X <= 0x00000000]
[22:08:08.252]      __var isProduction = 0;
[22:08:08.252]        // -> [isProduction <= 0x00000000]
[22:08:08.252]      __var continueId = 0;
[22:08:08.252]        // -> [continueId <= 0x00000000]
[22:08:08.252]      deviceID =   Read32(0x41C40004);
[22:08:08.262]        // -> [Read32(0x41C40004) => 0x2BB8802F]   (__dp=0x00000000, __ap=0x00000000)
[22:08:08.262]        // -> [deviceID <= 0x2BB8802F]
[22:08:08.262]      version = deviceID >> 28;
[22:08:08.262]        // -> [version <= 0x00000002]
[22:08:08.262]      partNum = (deviceID & 0x0FFFF000) >> 12;
[22:08:08.262]        // -> [partNum <= 0x0000BB88]
[22:08:08.262]      manuf = (deviceID & 0x00000FFE) >> 1;
[22:08:08.262]        // -> [manuf <= 0x00000017]
[22:08:08.262]      isMSPM0G1X0X_G3X0X = (partNum == 0xBB88) && (manuf == 0x17);
[22:08:08.262]        // -> [isMSPM0G1X0X_G3X0X <= 0x00000001]
[22:08:08.262]      isProduction = (version > 0);
[22:08:08.262]        // -> [isProduction <= 0x00000001]
[22:08:08.262]    </block>
[22:08:08.262]    <control if="!isMSPM0G1X0X_G3X0X" while="" timeout="0" info="">
[22:08:08.262]      // if-block "!isMSPM0G1X0X_G3X0X"
[22:08:08.262]        // =>  FALSE
[22:08:08.262]      // skip if-block "!isMSPM0G1X0X_G3X0X"
[22:08:08.262]    </control>
[22:08:08.262]    <control if="continueId == 4" while="" timeout="0" info="">
[22:08:08.262]      // if-block "continueId == 4"
[22:08:08.262]        // =>  FALSE
[22:08:08.262]      // skip if-block "continueId == 4"
[22:08:08.262]    </control>
[22:08:08.262]    <control if="!isProduction" while="" timeout="0" info="">
[22:08:08.262]      // if-block "!isProduction"
[22:08:08.262]        // =>  FALSE
[22:08:08.262]      // skip if-block "!isProduction"
[22:08:08.262]    </control>
[22:08:08.262]  </sequence>
[22:08:08.262]  
