/*
 *  CMSIS Pack Debug Access Sequence Log
 *  File        : C:\Users\xxs13\Desktop\MSPM0G3507_Library\SeekFree_MSPM0G3507_Opensource_Library\project\mdk\SeekFree_MSPM0G3507_Device_Library_Sequences_0029.log
 *  Created     : 22:26:58 (29/07/2026)
 *  Device      : MSPM0G3507
 *  PDSC File   : D:/MDK5.36/Packs/TexasInstruments/MSPM0G1X0X_G3X0X_DFP/1.3.1/TexasInstruments.MSPM0G1X0X_G3X0X_DFP.pdsc
 *
 */

[22:26:58.257]  **********  Sequence "DebugPortSetup"  (Context="Connect", Pname="", info="")
[22:26:58.257]  
[22:26:58.257]  <debugvars>
[22:26:58.257]    // Pre-defined
[22:26:58.257]    __protocol=0x00010002      (Protocol="SWD", SWJ-DP="True")
[22:26:58.257]    __connection=0x00000202    (Connection Type="Flash", Reset Type="System Reset")
[22:26:58.257]    __dp=0x00000000
[22:26:58.257]    __ap=0x00000000
[22:26:58.257]    __traceout=0x00000000      (Trace Disabled)
[22:26:58.257]    __errorcontrol=0x00000000  (Skip Errors="False")
[22:26:58.257]    __FlashAddr=0x00000000
[22:26:58.257]    __FlashLen=0x00000000
[22:26:58.257]    __FlashArg=0x00000000
[22:26:58.257]    __FlashOp=0x00000000
[22:26:58.257]    __Result=0x00000000
[22:26:58.257]  </debugvars>
[22:26:58.257]  
[22:26:58.257]  <sequence name="DebugPortSetup" Pname="" disable="false" info="">
[22:26:58.257]    <block atomic="false" info="">
[22:26:58.257]      __var isSWJ      = ((__protocol & 0x00010000) != 0);
[22:26:58.257]        // -> [isSWJ <= 0x00000001]
[22:26:58.257]      __var hasDormant = __protocol & 0x00020000;
[22:26:58.257]        // -> [hasDormant <= 0x00000000]
[22:26:58.257]      __var protType   = __protocol & 0x0000FFFF;
[22:26:58.257]        // -> [protType <= 0x00000002]
[22:26:58.257]    </block>
[22:26:58.257]    <control if="protType == 1" while="" timeout="0" info="">
[22:26:58.257]      // if-block "protType == 1"
[22:26:58.257]        // =>  FALSE
[22:26:58.257]      // skip if-block "protType == 1"
[22:26:58.257]    </control>
[22:26:58.257]    <control if="protType == 2" while="" timeout="0" info="">
[22:26:58.257]      // if-block "protType == 2"
[22:26:58.257]        // =>  TRUE
[22:26:58.257]      <control if="isSWJ" while="" timeout="0" info="">
[22:26:58.257]        // if-block "isSWJ"
[22:26:58.257]          // =>  TRUE
[22:26:58.257]        <control if="hasDormant" while="" timeout="0" info="">
[22:26:58.257]          // if-block "hasDormant"
[22:26:58.257]            // =>  FALSE
[22:26:58.257]          // skip if-block "hasDormant"
[22:26:58.257]        </control>
[22:26:58.257]        <control if="!hasDormant" while="" timeout="0" info="">
[22:26:58.257]          // if-block "!hasDormant"
[22:26:58.257]            // =>  TRUE
[22:26:58.257]          <block atomic="false" info="">
[22:26:58.257]            DAP_SWJ_Sequence(51, 0x0007FFFFFFFFFFFF); //lets put the JTAG line in a reset state
[22:26:58.267]              // -> [DAP_SWJ_Sequence(51, 0x0007FFFFFFFFFFFF)]
[22:26:58.267]            DAP_SWJ_Sequence(16,0xE73C); //SWD to JTAG, this is to ensure the state machine is initialized
[22:26:58.267]              // -> [DAP_SWJ_Sequence(16, 0x000000000000E73C)]
[22:26:58.267]            DAP_SWJ_Sequence(51, 0x0007FFFFFFFFFFFF); //Put it back in reset
[22:26:58.267]              // -> [DAP_SWJ_Sequence(51, 0x0007FFFFFFFFFFFF)]
[22:26:58.267]            DAP_SWJ_Sequence(16, 0xE79E); //JTAG to SWD switch
[22:26:58.267]              // -> [DAP_SWJ_Sequence(16, 0x000000000000E79E)]
[22:26:58.267]            DAP_SWJ_Sequence(51, 0x0007FFFFFFFFFFFF);  //Ensure the switch is successful 
[22:26:58.267]              // -> [DAP_SWJ_Sequence(51, 0x0007FFFFFFFFFFFF)]
[22:26:58.276]            DAP_SWJ_Sequence(7,  0x00); //Give the line some time to initialize
[22:26:58.277]              // -> [DAP_SWJ_Sequence(7, 0x0000000000000000)]
[22:26:58.277]          </block>
[22:26:58.277]          // end if-block "!hasDormant"
[22:26:58.277]        </control>
[22:26:58.277]        // end if-block "isSWJ"
[22:26:58.277]      </control>
[22:26:58.277]      <control if="!isSWJ" while="" timeout="0" info="">
[22:26:58.277]        // if-block "!isSWJ"
[22:26:58.277]          // =>  FALSE
[22:26:58.277]        // skip if-block "!isSWJ"
[22:26:58.277]      </control>
[22:26:58.277]      <block atomic="false" info="">
[22:26:58.277]        ReadDP(0x0);
[22:26:58.277]          // -> [ReadDP(0x00000000) => 0x6BA02477]   (__dp=0x00000000)
[22:26:58.277]      </block>
[22:26:58.277]      // end if-block "protType == 2"
[22:26:58.281]    </control>
[22:26:58.281]  </sequence>
[22:26:58.281]  
[22:26:58.281]  **********  Sequence "DebugPortStart"  (Context="Connect", Pname="", info="")
[22:26:58.281]  
[22:26:58.281]  <debugvars>
[22:26:58.281]    // Pre-defined
[22:26:58.281]    __protocol=0x00010002      (Protocol="SWD", SWJ-DP="True")
[22:26:58.281]    __connection=0x00000202    (Connection Type="Flash", Reset Type="System Reset")
[22:26:58.281]    __dp=0x00000000
[22:26:58.281]    __ap=0x00000000
[22:26:58.281]    __traceout=0x00000000      (Trace Disabled)
[22:26:58.281]    __errorcontrol=0x00000000  (Skip Errors="False")
[22:26:58.281]    __FlashAddr=0x00000000
[22:26:58.281]    __FlashLen=0x00000000
[22:26:58.281]    __FlashArg=0x00000000
[22:26:58.286]    __FlashOp=0x00000000
[22:26:58.286]    __Result=0x00000000
[22:26:58.286]  </debugvars>
[22:26:58.286]  
[22:26:58.286]  <sequence name="DebugPortStart" Pname="" disable="false" info="">
[22:26:58.286]    <block atomic="false" info="">
[22:26:58.286]      __var SW_DP_ABORT       = 0x0;
[22:26:58.286]        // -> [SW_DP_ABORT <= 0x00000000]
[22:26:58.286]      __var DP_CTRL_STAT      = 0x4;
[22:26:58.286]        // -> [DP_CTRL_STAT <= 0x00000004]
[22:26:58.286]      __var DP_SELECT         = 0x8;
[22:26:58.286]        // -> [DP_SELECT <= 0x00000008]
[22:26:58.286]      __var powered_down      = 0;
[22:26:58.286]        // -> [powered_down <= 0x00000000]
[22:26:58.286]      WriteDP(DP_SELECT, 0x00000000);
[22:26:58.287]        // -> [WriteDP(0x00000008, 0x00000000)]   (__dp=0x00000000)
[22:26:58.287]      powered_down = ((ReadDP(DP_CTRL_STAT) & 0xA0000000) != 0xA0000000);
[22:26:58.287]        // -> [ReadDP(0x00000004) => 0x00000040]   (__dp=0x00000000)
[22:26:58.287]        // -> [powered_down <= 0x00000001]
[22:26:58.287]    </block>
[22:26:58.287]    <control if="powered_down" while="" timeout="0" info="">
[22:26:58.287]      // if-block "powered_down"
[22:26:58.287]        // =>  TRUE
[22:26:58.287]      <block atomic="false" info="">
[22:26:58.287]        Message(0, "Debug/System power-up request sent");
[22:26:58.287]        WriteDP(DP_CTRL_STAT, 0x50000000);
[22:26:58.287]          // -> [WriteDP(0x00000004, 0x50000000)]   (__dp=0x00000000)
[22:26:58.287]      </block>
[22:26:58.287]      <control if="" while="(ReadDP(DP_CTRL_STAT) & 0xA0000000) != 0xA0000000" timeout="1000000" info="">
[22:26:58.287]        // while "(ReadDP(DP_CTRL_STAT) & 0xA0000000) != 0xA0000000"  (timeout="1000000")
[22:26:58.297]          // -> [ReadDP(0x00000004) => 0xF0000040]   (__dp=0x00000000)
[22:26:58.297]        // while-condition  =>  FALSE
[22:26:58.297]        // end while "(ReadDP(DP_CTRL_STAT) & 0xA0000000) != 0xA0000000"
[22:26:58.297]      </control>
[22:26:58.297]      <control if="(__protocol & 0xFFFF) == 1" while="" timeout="0" info="">
[22:26:58.297]        // if-block "(__protocol & 0xFFFF) == 1"
[22:26:58.297]          // =>  FALSE
[22:26:58.297]        // skip if-block "(__protocol & 0xFFFF) == 1"
[22:26:58.297]      </control>
[22:26:58.297]      <control if="(__protocol & 0xFFFF) == 2" while="" timeout="0" info="">
[22:26:58.297]        // if-block "(__protocol & 0xFFFF) == 2"
[22:26:58.297]          // =>  TRUE
[22:26:58.297]        <block atomic="false" info="">
[22:26:58.297]          Message(0, "executing SWD power up");
[22:26:58.297]          WriteDP(DP_CTRL_STAT, 0x50000F00);
[22:26:58.297]            // -> [WriteDP(0x00000004, 0x50000F00)]   (__dp=0x00000000)
[22:26:58.297]          WriteDP(SW_DP_ABORT, 0x0000001E);
[22:26:58.297]            // -> [WriteDP(0x00000000, 0x0000001E)]   (__dp=0x00000000)
[22:26:58.297]        </block>
[22:26:58.297]        // end if-block "(__protocol & 0xFFFF) == 2"
[22:26:58.297]      </control>
[22:26:58.297]      // end if-block "powered_down"
[22:26:58.297]    </control>
[22:26:58.297]    <block atomic="false" info="">
[22:26:58.297]      __var DEBUG_PORT_VAL    = 0;
[22:26:58.297]        // -> [DEBUG_PORT_VAL <= 0x00000000]
[22:26:58.297]      __var ACCESS_POINT_VAL  = 0;
[22:26:58.297]        // -> [ACCESS_POINT_VAL <= 0x00000000]
[22:26:58.297]      __ap = 1; 
[22:26:58.297]        // -> [__ap <= 0x00000001]
[22:26:58.297]      WriteAP(0x0C, 0x04); //lets use the mini pwr-ap as backup
[22:26:58.307]        // -> [WriteAP(0x0000000C, 0x00000004)]   (__dp=0x00000000, __ap=0x00000001)
[22:26:58.307]      __ap = 4;
[22:26:58.307]        // -> [__ap <= 0x00000004]
[22:26:58.307]      ACCESS_POINT_VAL = ReadAP(0x00);//Reading current state of access point
[22:26:58.307]        // -> [ReadAP(0x00000000) => 0x00080027]   (__dp=0x00000000, __ap=0x00000004)
[22:26:58.307]        // -> [ACCESS_POINT_VAL <= 0x00080027]
[22:26:58.307]      Message(0, "Current state of access point is: %x",ACCESS_POINT_VAL);
[22:26:58.307]    </block>
[22:26:58.307]    <block atomic="false" info="">
[22:26:58.307]      __var nReset = 0x80;
[22:26:58.307]        // -> [nReset <= 0x00000080]
[22:26:58.307]      __var canReadPins = 0;
[22:26:58.307]        // -> [canReadPins <= 0x00000000]
[22:26:58.307]      canReadPins = (DAP_SWJ_Pins(0x00, nReset, 0) != 0xFFFFFFFF);
[22:26:58.307]        // -> [DAP_SWJ_Pins(0x00, 0x80, 0) => 0x0F]   (Out: nRESET=0  =>  In: SWCLK/TCK=1, SWDIO/TMS=1, TDI=1, TDO=1, nTRST=0, nRESET=0)
[22:26:58.307]        // -> [canReadPins <= 0x00000001]
[22:26:58.307]    </block>
[22:26:58.307]    <control if="" while="1" timeout="200" info="">
[22:26:58.307]      // while "1"  (timeout="200")
[22:26:58.307]      // while-condition  =>  TRUE
[22:26:58.307]      // while "1"  (timeout="200")
[22:26:58.307]      // while-condition  =>  TRUE
[22:26:58.307]      // while "1"  (timeout="200")
[22:26:58.307]      // while-condition  =>  TRUE
[22:26:58.307]      // while "1"  (timeout="200")
[22:26:58.307]      // while-condition  =>  TRUE
[22:26:58.307]      // while "1"  (timeout="200")
[22:26:58.307]      // while-condition  =>  TRUE
[22:26:58.307]      // while "1"  (timeout="200")
[22:26:58.307]      // while-condition  =>  TRUE
[22:26:58.307]      // while "1"  (timeout="200")
[22:26:58.307]      // while-condition  =>  TRUE
[22:26:58.307]      // while "1"  (timeout="200")
[22:26:58.307]      // while-condition  =>  TRUE
[22:26:58.307]      // while "1"  (timeout="200")
[22:26:58.307]      // while-condition  =>  TRUE
[22:26:58.316]      // while "1"  (timeout="200")
[22:26:58.316]      // while  =>  TIMEOUT
[22:26:58.316]      // end while "1"
[22:26:58.316]    </control>
[22:26:58.317]    <control if="canReadPins" while="" timeout="0" info="">
[22:26:58.317]      // if-block "canReadPins"
[22:26:58.317]        // =>  TRUE
[22:26:58.317]      <control if="" while="(DAP_SWJ_Pins(nReset, nReset, 0) & nReset) == 0" timeout="1000000" info="">
[22:26:58.317]        // while "(DAP_SWJ_Pins(nReset, nReset, 0) & nReset) == 0"  (timeout="1000000")
[22:26:58.318]          // -> [DAP_SWJ_Pins(0x80, 0x80, 0) => 0x8F]   (Out: nRESET=1  =>  In: SWCLK/TCK=1, SWDIO/TMS=1, TDI=1, TDO=1, nTRST=0, nRESET=1)
[22:26:58.318]        // while-condition  =>  FALSE
[22:26:58.318]        // end while "(DAP_SWJ_Pins(nReset, nReset, 0) & nReset) == 0"
[22:26:58.318]      </control>
[22:26:58.318]      // end if-block "canReadPins"
[22:26:58.318]    </control>
[22:26:58.318]    <control if="!canReadPins" while="" timeout="0" info="">
[22:26:58.318]      // if-block "!canReadPins"
[22:26:58.318]        // =>  FALSE
[22:26:58.318]      // skip if-block "!canReadPins"
[22:26:58.318]    </control>
[22:26:58.318]    <control if="(ACCESS_POINT_VAL & 0x00E00000) == 0" while="" timeout="0" info="">
[22:26:58.318]      // if-block "(ACCESS_POINT_VAL & 0x00E00000) == 0"
[22:26:58.318]        // =>  TRUE
[22:26:58.318]      <block atomic="false" info="">
[22:26:58.318]        WriteAP(0x00, 0x190008);
[22:26:58.318]          // -> [WriteAP(0x00000000, 0x00190008)]   (__dp=0x00000000, __ap=0x00000004)
[22:26:58.318]        WriteAP(0xF0, 0x01);
[22:26:58.326]          // -> [WriteAP(0x000000F0, 0x00000001)]   (__dp=0x00000000, __ap=0x00000004)
[22:26:58.326]      </block>
[22:26:58.327]      // end if-block "(ACCESS_POINT_VAL & 0x00E00000) == 0"
[22:26:58.327]    </control>
[22:26:58.327]    <control if="(ACCESS_POINT_VAL & 0x00E00000) != 0" while="" timeout="0" info="">
[22:26:58.327]      // if-block "(ACCESS_POINT_VAL & 0x00E00000) != 0"
[22:26:58.327]        // =>  FALSE
[22:26:58.327]      // skip if-block "(ACCESS_POINT_VAL & 0x00E00000) != 0"
[22:26:58.327]    </control>
[22:26:58.327]    <block atomic="false" info="">
[22:26:58.327]      ACCESS_POINT_VAL = ReadAP(0x00);//Reading current state of access point
[22:26:58.327]        // -> [ReadAP(0x00000000) => 0x0079002F]   (__dp=0x00000000, __ap=0x00000004)
[22:26:58.327]        // -> [ACCESS_POINT_VAL <= 0x0079002F]
[22:26:58.327]      Message(0, "Current state of access point is: %x",ACCESS_POINT_VAL);
[22:26:58.327]      __ap = 0; //lets make sure we reset the access point selection
[22:26:58.327]        // -> [__ap <= 0x00000000]
[22:26:58.327]    </block>
[22:26:58.327]  </sequence>
[22:26:58.327]  
[22:26:58.348]  **********  Sequence "DebugDeviceUnlock"  (Context="Connect", Pname="", info="")
[22:26:58.348]  
[22:26:58.348]  <debugvars>
[22:26:58.348]    // Pre-defined
[22:26:58.348]    __protocol=0x00010002      (Protocol="SWD", SWJ-DP="True")
[22:26:58.348]    __connection=0x00000202    (Connection Type="Flash", Reset Type="System Reset")
[22:26:58.348]    __dp=0x00000000
[22:26:58.348]    __ap=0x00000000
[22:26:58.348]    __traceout=0x00000000      (Trace Disabled)
[22:26:58.348]    __errorcontrol=0x00000000  (Skip Errors="False")
[22:26:58.348]    __FlashAddr=0x00000000
[22:26:58.348]    __FlashLen=0x00000000
[22:26:58.348]    __FlashArg=0x00000000
[22:26:58.348]    __FlashOp=0x00000000
[22:26:58.348]    __Result=0x00000000
[22:26:58.348]  </debugvars>
[22:26:58.348]  
[22:26:58.348]  <sequence name="DebugDeviceUnlock" Pname="" disable="false" info="">
[22:26:58.348]    <block atomic="false" info="">
[22:26:58.356]      __var deviceID = 0;
[22:26:58.356]        // -> [deviceID <= 0x00000000]
[22:26:58.357]      __var version = 0;
[22:26:58.357]        // -> [version <= 0x00000000]
[22:26:58.357]      __var partNum = 0;
[22:26:58.357]        // -> [partNum <= 0x00000000]
[22:26:58.357]      __var manuf = 0;
[22:26:58.357]        // -> [manuf <= 0x00000000]
[22:26:58.357]      __var isMSPM0G1X0X_G3X0X = 0;
[22:26:58.357]        // -> [isMSPM0G1X0X_G3X0X <= 0x00000000]
[22:26:58.357]      __var isProduction = 0;
[22:26:58.357]        // -> [isProduction <= 0x00000000]
[22:26:58.357]      __var continueId = 0;
[22:26:58.357]        // -> [continueId <= 0x00000000]
[22:26:58.357]      deviceID =   Read32(0x41C40004);
[22:26:58.357]        // -> [Read32(0x41C40004) => 0x2BB8802F]   (__dp=0x00000000, __ap=0x00000000)
[22:26:58.357]        // -> [deviceID <= 0x2BB8802F]
[22:26:58.357]      version = deviceID >> 28;
[22:26:58.357]        // -> [version <= 0x00000002]
[22:26:58.357]      partNum = (deviceID & 0x0FFFF000) >> 12;
[22:26:58.357]        // -> [partNum <= 0x0000BB88]
[22:26:58.357]      manuf = (deviceID & 0x00000FFE) >> 1;
[22:26:58.357]        // -> [manuf <= 0x00000017]
[22:26:58.357]      isMSPM0G1X0X_G3X0X = (partNum == 0xBB88) && (manuf == 0x17);
[22:26:58.357]        // -> [isMSPM0G1X0X_G3X0X <= 0x00000001]
[22:26:58.357]      isProduction = (version > 0);
[22:26:58.357]        // -> [isProduction <= 0x00000001]
[22:26:58.357]    </block>
[22:26:58.357]    <control if="!isMSPM0G1X0X_G3X0X" while="" timeout="0" info="">
[22:26:58.357]      // if-block "!isMSPM0G1X0X_G3X0X"
[22:26:58.357]        // =>  FALSE
[22:26:58.357]      // skip if-block "!isMSPM0G1X0X_G3X0X"
[22:26:58.357]    </control>
[22:26:58.357]    <control if="continueId == 4" while="" timeout="0" info="">
[22:26:58.357]      // if-block "continueId == 4"
[22:26:58.357]        // =>  FALSE
[22:26:58.357]      // skip if-block "continueId == 4"
[22:26:58.357]    </control>
[22:26:58.357]    <control if="!isProduction" while="" timeout="0" info="">
[22:26:58.357]      // if-block "!isProduction"
[22:26:58.357]        // =>  FALSE
[22:26:58.357]      // skip if-block "!isProduction"
[22:26:58.357]    </control>
[22:26:58.357]  </sequence>
[22:26:58.357]  
