/*
 *  CMSIS Pack Debug Access Sequence Log
 *  File        : C:\Users\xxs13\Desktop\MSPM0G3507_Library\SeekFree_MSPM0G3507_Opensource_Library\project\mdk\SeekFree_MSPM0G3507_Device_Library_Sequences_0030.log
 *  Created     : 09:57:20 (30/07/2026)
 *  Device      : MSPM0G3507
 *  PDSC File   : D:/MDK5.36/Packs/TexasInstruments/MSPM0G1X0X_G3X0X_DFP/1.3.1/TexasInstruments.MSPM0G1X0X_G3X0X_DFP.pdsc
 *
 */

[09:57:20.666]  **********  Sequence "DebugPortSetup"  (Context="Connect", Pname="", info="")
[09:57:20.666]  
[09:57:20.666]  <debugvars>
[09:57:20.666]    // Pre-defined
[09:57:20.666]    __protocol=0x00010002      (Protocol="SWD", SWJ-DP="True")
[09:57:20.667]    __connection=0x00000202    (Connection Type="Flash", Reset Type="System Reset")
[09:57:20.667]    __dp=0x00000000
[09:57:20.667]    __ap=0x00000000
[09:57:20.667]    __traceout=0x00000000      (Trace Disabled)
[09:57:20.667]    __errorcontrol=0x00000000  (Skip Errors="False")
[09:57:20.667]    __FlashAddr=0x00000000
[09:57:20.667]    __FlashLen=0x00000000
[09:57:20.667]    __FlashArg=0x00000000
[09:57:20.668]    __FlashOp=0x00000000
[09:57:20.668]    __Result=0x00000000
[09:57:20.668]  </debugvars>
[09:57:20.668]  
[09:57:20.668]  <sequence name="DebugPortSetup" Pname="" disable="false" info="">
[09:57:20.668]    <block atomic="false" info="">
[09:57:20.668]      __var isSWJ      = ((__protocol & 0x00010000) != 0);
[09:57:20.668]        // -> [isSWJ <= 0x00000001]
[09:57:20.668]      __var hasDormant = __protocol & 0x00020000;
[09:57:20.669]        // -> [hasDormant <= 0x00000000]
[09:57:20.669]      __var protType   = __protocol & 0x0000FFFF;
[09:57:20.669]        // -> [protType <= 0x00000002]
[09:57:20.669]    </block>
[09:57:20.669]    <control if="protType == 1" while="" timeout="0" info="">
[09:57:20.669]      // if-block "protType == 1"
[09:57:20.669]        // =>  FALSE
[09:57:20.669]      // skip if-block "protType == 1"
[09:57:20.669]    </control>
[09:57:20.669]    <control if="protType == 2" while="" timeout="0" info="">
[09:57:20.669]      // if-block "protType == 2"
[09:57:20.669]        // =>  TRUE
[09:57:20.669]      <control if="isSWJ" while="" timeout="0" info="">
[09:57:20.670]        // if-block "isSWJ"
[09:57:20.670]          // =>  TRUE
[09:57:20.670]        <control if="hasDormant" while="" timeout="0" info="">
[09:57:20.670]          // if-block "hasDormant"
[09:57:20.670]            // =>  FALSE
[09:57:20.670]          // skip if-block "hasDormant"
[09:57:20.670]        </control>
[09:57:20.670]        <control if="!hasDormant" while="" timeout="0" info="">
[09:57:20.670]          // if-block "!hasDormant"
[09:57:20.670]            // =>  TRUE
[09:57:20.670]          <block atomic="false" info="">
[09:57:20.670]            DAP_SWJ_Sequence(51, 0x0007FFFFFFFFFFFF); //lets put the JTAG line in a reset state
[09:57:20.673]              // -> [DAP_SWJ_Sequence(51, 0x0007FFFFFFFFFFFF)]
[09:57:20.673]            DAP_SWJ_Sequence(16,0xE73C); //SWD to JTAG, this is to ensure the state machine is initialized
[09:57:20.675]              // -> [DAP_SWJ_Sequence(16, 0x000000000000E73C)]
[09:57:20.675]            DAP_SWJ_Sequence(51, 0x0007FFFFFFFFFFFF); //Put it back in reset
[09:57:20.677]              // -> [DAP_SWJ_Sequence(51, 0x0007FFFFFFFFFFFF)]
[09:57:20.677]            DAP_SWJ_Sequence(16, 0xE79E); //JTAG to SWD switch
[09:57:20.679]              // -> [DAP_SWJ_Sequence(16, 0x000000000000E79E)]
[09:57:20.679]            DAP_SWJ_Sequence(51, 0x0007FFFFFFFFFFFF);  //Ensure the switch is successful 
[09:57:20.682]              // -> [DAP_SWJ_Sequence(51, 0x0007FFFFFFFFFFFF)]
[09:57:20.682]            DAP_SWJ_Sequence(7,  0x00); //Give the line some time to initialize
[09:57:20.685]              // -> [DAP_SWJ_Sequence(7, 0x0000000000000000)]
[09:57:20.685]          </block>
[09:57:20.685]          // end if-block "!hasDormant"
[09:57:20.685]        </control>
[09:57:20.685]        // end if-block "isSWJ"
[09:57:20.685]      </control>
[09:57:20.685]      <control if="!isSWJ" while="" timeout="0" info="">
[09:57:20.686]        // if-block "!isSWJ"
[09:57:20.686]          // =>  FALSE
[09:57:20.686]        // skip if-block "!isSWJ"
[09:57:20.686]      </control>
[09:57:20.686]      <block atomic="false" info="">
[09:57:20.686]        ReadDP(0x0);
[09:57:20.688]          // -> [ReadDP(0x00000000) => 0x6BA02477]   (__dp=0x00000000)
[09:57:20.688]      </block>
[09:57:20.688]      // end if-block "protType == 2"
[09:57:20.688]    </control>
[09:57:20.688]  </sequence>
[09:57:20.688]  
[09:57:20.694]  **********  Sequence "DebugPortStart"  (Context="Connect", Pname="", info="")
[09:57:20.694]  
[09:57:20.694]  <debugvars>
[09:57:20.694]    // Pre-defined
[09:57:20.695]    __protocol=0x00010002      (Protocol="SWD", SWJ-DP="True")
[09:57:20.695]    __connection=0x00000202    (Connection Type="Flash", Reset Type="System Reset")
[09:57:20.695]    __dp=0x00000000
[09:57:20.695]    __ap=0x00000000
[09:57:20.695]    __traceout=0x00000000      (Trace Disabled)
[09:57:20.695]    __errorcontrol=0x00000000  (Skip Errors="False")
[09:57:20.695]    __FlashAddr=0x00000000
[09:57:20.695]    __FlashLen=0x00000000
[09:57:20.695]    __FlashArg=0x00000000
[09:57:20.695]    __FlashOp=0x00000000
[09:57:20.696]    __Result=0x00000000
[09:57:20.696]  </debugvars>
[09:57:20.696]  
[09:57:20.696]  <sequence name="DebugPortStart" Pname="" disable="false" info="">
[09:57:20.696]    <block atomic="false" info="">
[09:57:20.696]      __var SW_DP_ABORT       = 0x0;
[09:57:20.696]        // -> [SW_DP_ABORT <= 0x00000000]
[09:57:20.696]      __var DP_CTRL_STAT      = 0x4;
[09:57:20.697]        // -> [DP_CTRL_STAT <= 0x00000004]
[09:57:20.697]      __var DP_SELECT         = 0x8;
[09:57:20.697]        // -> [DP_SELECT <= 0x00000008]
[09:57:20.697]      __var powered_down      = 0;
[09:57:20.697]        // -> [powered_down <= 0x00000000]
[09:57:20.697]      WriteDP(DP_SELECT, 0x00000000);
[09:57:20.699]        // -> [WriteDP(0x00000008, 0x00000000)]   (__dp=0x00000000)
[09:57:20.699]      powered_down = ((ReadDP(DP_CTRL_STAT) & 0xA0000000) != 0xA0000000);
[09:57:20.703]        // -> [ReadDP(0x00000004) => 0x00000040]   (__dp=0x00000000)
[09:57:20.703]        // -> [powered_down <= 0x00000001]
[09:57:20.703]    </block>
[09:57:20.703]    <control if="powered_down" while="" timeout="0" info="">
[09:57:20.703]      // if-block "powered_down"
[09:57:20.703]        // =>  TRUE
[09:57:20.703]      <block atomic="false" info="">
[09:57:20.703]        Message(0, "Debug/System power-up request sent");
[09:57:20.706]        WriteDP(DP_CTRL_STAT, 0x50000000);
[09:57:20.709]          // -> [WriteDP(0x00000004, 0x50000000)]   (__dp=0x00000000)
[09:57:20.709]      </block>
[09:57:20.709]      <control if="" while="(ReadDP(DP_CTRL_STAT) & 0xA0000000) != 0xA0000000" timeout="1000000" info="">
[09:57:20.709]        // while "(ReadDP(DP_CTRL_STAT) & 0xA0000000) != 0xA0000000"  (timeout="1000000")
[09:57:20.711]          // -> [ReadDP(0x00000004) => 0xF0000040]   (__dp=0x00000000)
[09:57:20.711]        // while-condition  =>  FALSE
[09:57:20.711]        // end while "(ReadDP(DP_CTRL_STAT) & 0xA0000000) != 0xA0000000"
[09:57:20.711]      </control>
[09:57:20.711]      <control if="(__protocol & 0xFFFF) == 1" while="" timeout="0" info="">
[09:57:20.712]        // if-block "(__protocol & 0xFFFF) == 1"
[09:57:20.712]          // =>  FALSE
[09:57:20.712]        // skip if-block "(__protocol & 0xFFFF) == 1"
[09:57:20.712]      </control>
[09:57:20.712]      <control if="(__protocol & 0xFFFF) == 2" while="" timeout="0" info="">
[09:57:20.712]        // if-block "(__protocol & 0xFFFF) == 2"
[09:57:20.712]          // =>  TRUE
[09:57:20.712]        <block atomic="false" info="">
[09:57:20.712]          Message(0, "executing SWD power up");
[09:57:20.715]          WriteDP(DP_CTRL_STAT, 0x50000F00);
[09:57:20.718]            // -> [WriteDP(0x00000004, 0x50000F00)]   (__dp=0x00000000)
[09:57:20.718]          WriteDP(SW_DP_ABORT, 0x0000001E);
[09:57:20.723]            // -> [WriteDP(0x00000000, 0x0000001E)]   (__dp=0x00000000)
[09:57:20.723]        </block>
[09:57:20.723]        // end if-block "(__protocol & 0xFFFF) == 2"
[09:57:20.723]      </control>
[09:57:20.723]      // end if-block "powered_down"
[09:57:20.723]    </control>
[09:57:20.723]    <block atomic="false" info="">
[09:57:20.723]      __var DEBUG_PORT_VAL    = 0;
[09:57:20.724]        // -> [DEBUG_PORT_VAL <= 0x00000000]
[09:57:20.724]      __var ACCESS_POINT_VAL  = 0;
[09:57:20.724]        // -> [ACCESS_POINT_VAL <= 0x00000000]
[09:57:20.724]      __ap = 1; 
[09:57:20.724]        // -> [__ap <= 0x00000001]
[09:57:20.724]      WriteAP(0x0C, 0x04); //lets use the mini pwr-ap as backup
[09:57:20.729]        // -> [WriteAP(0x0000000C, 0x00000004)]   (__dp=0x00000000, __ap=0x00000001)
[09:57:20.729]      __ap = 4;
[09:57:20.729]        // -> [__ap <= 0x00000004]
[09:57:20.729]      ACCESS_POINT_VAL = ReadAP(0x00);//Reading current state of access point
[09:57:20.733]        // -> [ReadAP(0x00000000) => 0x00080027]   (__dp=0x00000000, __ap=0x00000004)
[09:57:20.734]        // -> [ACCESS_POINT_VAL <= 0x00080027]
[09:57:20.734]      Message(0, "Current state of access point is: %x",ACCESS_POINT_VAL);
[09:57:20.736]    </block>
[09:57:20.736]    <block atomic="false" info="">
[09:57:20.736]      __var nReset = 0x80;
[09:57:20.736]        // -> [nReset <= 0x00000080]
[09:57:20.737]      __var canReadPins = 0;
[09:57:20.737]        // -> [canReadPins <= 0x00000000]
[09:57:20.737]      canReadPins = (DAP_SWJ_Pins(0x00, nReset, 0) != 0xFFFFFFFF);
[09:57:20.739]        // -> [DAP_SWJ_Pins(0x00, 0x80, 0) => 0x0F]   (Out: nRESET=0  =>  In: SWCLK/TCK=1, SWDIO/TMS=1, TDI=1, TDO=1, nTRST=0, nRESET=0)
[09:57:20.740]        // -> [canReadPins <= 0x00000001]
[09:57:20.740]    </block>
[09:57:20.740]    <control if="" while="1" timeout="200" info="">
[09:57:20.740]      // while "1"  (timeout="200")
[09:57:20.740]      // while-condition  =>  TRUE
[09:57:20.740]      // while "1"  (timeout="200")
[09:57:20.740]      // while-condition  =>  TRUE
[09:57:20.740]      // while "1"  (timeout="200")
[09:57:20.740]      // while-condition  =>  TRUE
[09:57:20.740]      // while "1"  (timeout="200")
[09:57:20.740]      // while-condition  =>  TRUE
[09:57:20.740]      // while "1"  (timeout="200")
[09:57:20.740]      // while-condition  =>  TRUE
[09:57:20.740]      // while "1"  (timeout="200")
[09:57:20.740]      // while-condition  =>  TRUE
[09:57:20.740]      // while "1"  (timeout="200")
[09:57:20.740]      // while-condition  =>  TRUE
[09:57:20.740]      // while "1"  (timeout="200")
[09:57:20.740]      // while-condition  =>  TRUE
[09:57:20.740]      // while "1"  (timeout="200")
[09:57:20.740]      // while-condition  =>  TRUE
[09:57:20.741]      // while "1"  (timeout="200")
[09:57:20.741]      // while-condition  =>  TRUE
[09:57:20.741]      // while "1"  (timeout="200")
[09:57:20.741]      // while-condition  =>  TRUE
[09:57:20.741]      // while "1"  (timeout="200")
[09:57:20.741]      // while-condition  =>  TRUE
[09:57:20.741]      // while "1"  (timeout="200")
[09:57:20.741]      // while-condition  =>  TRUE
[09:57:20.741]      // while "1"  (timeout="200")
[09:57:20.741]      // while-condition  =>  TRUE
[09:57:20.741]      // while "1"  (timeout="200")
[09:57:20.741]      // while-condition  =>  TRUE
[09:57:20.741]      // while "1"  (timeout="200")
[09:57:20.742]      // while-condition  =>  TRUE
[09:57:20.742]      // while "1"  (timeout="200")
[09:57:20.742]      // while-condition  =>  TRUE
[09:57:20.742]      // while "1"  (timeout="200")
[09:57:20.742]      // while-condition  =>  TRUE
[09:57:20.742]      // while "1"  (timeout="200")
[09:57:20.742]      // while-condition  =>  TRUE
[09:57:20.742]      // while "1"  (timeout="200")
[09:57:20.742]      // while-condition  =>  TRUE
[09:57:20.742]      // while "1"  (timeout="200")
[09:57:20.742]      // while-condition  =>  TRUE
[09:57:20.742]      // while "1"  (timeout="200")
[09:57:20.742]      // while-condition  =>  TRUE
[09:57:20.742]      // while "1"  (timeout="200")
[09:57:20.742]      // while-condition  =>  TRUE
[09:57:20.743]      // while "1"  (timeout="200")
[09:57:20.743]      // while-condition  =>  TRUE
[09:57:20.743]      // while "1"  (timeout="200")
[09:57:20.743]      // while-condition  =>  TRUE
[09:57:20.743]      // while "1"  (timeout="200")
[09:57:20.743]      // while-condition  =>  TRUE
[09:57:20.743]      // while "1"  (timeout="200")
[09:57:20.743]      // while-condition  =>  TRUE
[09:57:20.743]      // while "1"  (timeout="200")
[09:57:20.743]      // while-condition  =>  TRUE
[09:57:20.743]      // while "1"  (timeout="200")
[09:57:20.743]      // while-condition  =>  TRUE
[09:57:20.743]      // while "1"  (timeout="200")
[09:57:20.743]      // while-condition  =>  TRUE
[09:57:20.743]      // while "1"  (timeout="200")
[09:57:20.743]      // while-condition  =>  TRUE
[09:57:20.743]      // while "1"  (timeout="200")
[09:57:20.743]      // while-condition  =>  TRUE
[09:57:20.744]      // while "1"  (timeout="200")
[09:57:20.744]      // while-condition  =>  TRUE
[09:57:20.744]      // while "1"  (timeout="200")
[09:57:20.744]      // while-condition  =>  TRUE
[09:57:20.744]      // while "1"  (timeout="200")
[09:57:20.744]      // while-condition  =>  TRUE
[09:57:20.744]      // while "1"  (timeout="200")
[09:57:20.744]      // while-condition  =>  TRUE
[09:57:20.744]      // while "1"  (timeout="200")
[09:57:20.744]      // while-condition  =>  TRUE
[09:57:20.744]      // while "1"  (timeout="200")
[09:57:20.744]      // while-condition  =>  TRUE
[09:57:20.744]      // while "1"  (timeout="200")
[09:57:20.744]      // while-condition  =>  TRUE
[09:57:20.744]      // while "1"  (timeout="200")
[09:57:20.744]      // while-condition  =>  TRUE
[09:57:20.744]      // while "1"  (timeout="200")
[09:57:20.744]      // while-condition  =>  TRUE
[09:57:20.745]      // while "1"  (timeout="200")
[09:57:20.745]      // while-condition  =>  TRUE
[09:57:20.745]      // while "1"  (timeout="200")
[09:57:20.745]      // while-condition  =>  TRUE
[09:57:20.745]      // while "1"  (timeout="200")
[09:57:20.745]      // while-condition  =>  TRUE
[09:57:20.745]      // while "1"  (timeout="200")
[09:57:20.745]      // while-condition  =>  TRUE
[09:57:20.745]      // while "1"  (timeout="200")
[09:57:20.745]      // while-condition  =>  TRUE
[09:57:20.745]      // while "1"  (timeout="200")
[09:57:20.745]      // while-condition  =>  TRUE
[09:57:20.745]      // while "1"  (timeout="200")
[09:57:20.745]      // while-condition  =>  TRUE
[09:57:20.745]      // while "1"  (timeout="200")
[09:57:20.745]      // while-condition  =>  TRUE
[09:57:20.745]      // while "1"  (timeout="200")
[09:57:20.745]      // while-condition  =>  TRUE
[09:57:20.746]      // while "1"  (timeout="200")
[09:57:20.746]      // while-condition  =>  TRUE
[09:57:20.746]      // while "1"  (timeout="200")
[09:57:20.746]      // while-condition  =>  TRUE
[09:57:20.746]      // while "1"  (timeout="200")
[09:57:20.746]      // while-condition  =>  TRUE
[09:57:20.746]      // while "1"  (timeout="200")
[09:57:20.747]      // while-condition  =>  TRUE
[09:57:20.747]      // while "1"  (timeout="200")
[09:57:20.747]      // while-condition  =>  TRUE
[09:57:20.747]      // while "1"  (timeout="200")
[09:57:20.747]      // while-condition  =>  TRUE
[09:57:20.747]      // while "1"  (timeout="200")
[09:57:20.747]      // while-condition  =>  TRUE
[09:57:20.748]      // while "1"  (timeout="200")
[09:57:20.748]      // while-condition  =>  TRUE
[09:57:20.748]      // while "1"  (timeout="200")
[09:57:20.748]      // while-condition  =>  TRUE
[09:57:20.748]      // while "1"  (timeout="200")
[09:57:20.748]      // while-condition  =>  TRUE
[09:57:20.748]      // while "1"  (timeout="200")
[09:57:20.748]      // while-condition  =>  TRUE
[09:57:20.748]      // while "1"  (timeout="200")
[09:57:20.748]      // while-condition  =>  TRUE
[09:57:20.748]      // while "1"  (timeout="200")
[09:57:20.748]      // while-condition  =>  TRUE
[09:57:20.748]      // while "1"  (timeout="200")
[09:57:20.748]      // while-condition  =>  TRUE
[09:57:20.748]      // while "1"  (timeout="200")
[09:57:20.748]      // while-condition  =>  TRUE
[09:57:20.748]      // while "1"  (timeout="200")
[09:57:20.748]      // while-condition  =>  TRUE
[09:57:20.748]      // while "1"  (timeout="200")
[09:57:20.748]      // while-condition  =>  TRUE
[09:57:20.748]      // while "1"  (timeout="200")
[09:57:20.748]      // while-condition  =>  TRUE
[09:57:20.748]      // while "1"  (timeout="200")
[09:57:20.748]      // while-condition  =>  TRUE
[09:57:20.748]      // while "1"  (timeout="200")
[09:57:20.748]      // while-condition  =>  TRUE
[09:57:20.748]      // while "1"  (timeout="200")
[09:57:20.748]      // while-condition  =>  TRUE
[09:57:20.748]      // while "1"  (timeout="200")
[09:57:20.748]      // while-condition  =>  TRUE
[09:57:20.748]      // while "1"  (timeout="200")
[09:57:20.748]      // while-condition  =>  TRUE
[09:57:20.748]      // while "1"  (timeout="200")
[09:57:20.748]      // while-condition  =>  TRUE
[09:57:20.753]      // while "1"  (timeout="200")
[09:57:20.753]      // while-condition  =>  TRUE
[09:57:20.753]      // while "1"  (timeout="200")
[09:57:20.753]      // while-condition  =>  TRUE
[09:57:20.753]      // while "1"  (timeout="200")
[09:57:20.753]      // while-condition  =>  TRUE
[09:57:20.753]      // while "1"  (timeout="200")
[09:57:20.753]      // while-condition  =>  TRUE
[09:57:20.753]      // while "1"  (timeout="200")
[09:57:20.753]      // while-condition  =>  TRUE
[09:57:20.753]      // while "1"  (timeout="200")
[09:57:20.753]      // while-condition  =>  TRUE
[09:57:20.753]      // while "1"  (timeout="200")
[09:57:20.753]      // while-condition  =>  TRUE
[09:57:20.753]      // while "1"  (timeout="200")
[09:57:20.753]      // while-condition  =>  TRUE
[09:57:20.753]      // while "1"  (timeout="200")
[09:57:20.753]      // while-condition  =>  TRUE
[09:57:20.753]      // while "1"  (timeout="200")
[09:57:20.753]      // while-condition  =>  TRUE
[09:57:20.753]      // while "1"  (timeout="200")
[09:57:20.753]      // while-condition  =>  TRUE
[09:57:20.753]      // while "1"  (timeout="200")
[09:57:20.753]      // while-condition  =>  TRUE
[09:57:20.753]      // while "1"  (timeout="200")
[09:57:20.753]      // while-condition  =>  TRUE
[09:57:20.753]      // while "1"  (timeout="200")
[09:57:20.758]      // while-condition  =>  TRUE
[09:57:20.758]      // while "1"  (timeout="200")
[09:57:20.758]      // while  =>  TIMEOUT
[09:57:20.758]      // end while "1"
[09:57:20.758]    </control>
[09:57:20.758]    <control if="canReadPins" while="" timeout="0" info="">
[09:57:20.758]      // if-block "canReadPins"
[09:57:20.759]        // =>  TRUE
[09:57:20.759]      <control if="" while="(DAP_SWJ_Pins(nReset, nReset, 0) & nReset) == 0" timeout="1000000" info="">
[09:57:20.759]        // while "(DAP_SWJ_Pins(nReset, nReset, 0) & nReset) == 0"  (timeout="1000000")
[09:57:20.760]          // -> [DAP_SWJ_Pins(0x80, 0x80, 0) => 0x8F]   (Out: nRESET=1  =>  In: SWCLK/TCK=1, SWDIO/TMS=1, TDI=1, TDO=1, nTRST=0, nRESET=1)
[09:57:20.761]        // while-condition  =>  FALSE
[09:57:20.761]        // end while "(DAP_SWJ_Pins(nReset, nReset, 0) & nReset) == 0"
[09:57:20.761]      </control>
[09:57:20.761]      // end if-block "canReadPins"
[09:57:20.761]    </control>
[09:57:20.761]    <control if="!canReadPins" while="" timeout="0" info="">
[09:57:20.761]      // if-block "!canReadPins"
[09:57:20.761]        // =>  FALSE
[09:57:20.761]      // skip if-block "!canReadPins"
[09:57:20.761]    </control>
[09:57:20.761]    <control if="(ACCESS_POINT_VAL & 0x00E00000) == 0" while="" timeout="0" info="">
[09:57:20.761]      // if-block "(ACCESS_POINT_VAL & 0x00E00000) == 0"
[09:57:20.761]        // =>  TRUE
[09:57:20.762]      <block atomic="false" info="">
[09:57:20.762]        WriteAP(0x00, 0x190008);
[09:57:20.763]          // -> [WriteAP(0x00000000, 0x00190008)]   (__dp=0x00000000, __ap=0x00000004)
[09:57:20.763]        WriteAP(0xF0, 0x01);
[09:57:20.767]          // -> [WriteAP(0x000000F0, 0x00000001)]   (__dp=0x00000000, __ap=0x00000004)
[09:57:20.767]      </block>
[09:57:20.767]      // end if-block "(ACCESS_POINT_VAL & 0x00E00000) == 0"
[09:57:20.767]    </control>
[09:57:20.767]    <control if="(ACCESS_POINT_VAL & 0x00E00000) != 0" while="" timeout="0" info="">
[09:57:20.767]      // if-block "(ACCESS_POINT_VAL & 0x00E00000) != 0"
[09:57:20.767]        // =>  FALSE
[09:57:20.767]      // skip if-block "(ACCESS_POINT_VAL & 0x00E00000) != 0"
[09:57:20.767]    </control>
[09:57:20.767]    <block atomic="false" info="">
[09:57:20.767]      ACCESS_POINT_VAL = ReadAP(0x00);//Reading current state of access point
[09:57:20.773]        // -> [ReadAP(0x00000000) => 0x0079002F]   (__dp=0x00000000, __ap=0x00000004)
[09:57:20.773]        // -> [ACCESS_POINT_VAL <= 0x0079002F]
[09:57:20.773]      Message(0, "Current state of access point is: %x",ACCESS_POINT_VAL);
[09:57:20.774]      __ap = 0; //lets make sure we reset the access point selection
[09:57:20.774]        // -> [__ap <= 0x00000000]
[09:57:20.775]    </block>
[09:57:20.775]  </sequence>
[09:57:20.775]  
[09:57:20.796]  **********  Sequence "DebugDeviceUnlock"  (Context="Connect", Pname="", info="")
[09:57:20.796]  
[09:57:20.796]  <debugvars>
[09:57:20.797]    // Pre-defined
[09:57:20.797]    __protocol=0x00010002      (Protocol="SWD", SWJ-DP="True")
[09:57:20.797]    __connection=0x00000202    (Connection Type="Flash", Reset Type="System Reset")
[09:57:20.797]    __dp=0x00000000
[09:57:20.797]    __ap=0x00000000
[09:57:20.797]    __traceout=0x00000000      (Trace Disabled)
[09:57:20.798]    __errorcontrol=0x00000000  (Skip Errors="False")
[09:57:20.798]    __FlashAddr=0x00000000
[09:57:20.798]    __FlashLen=0x00000000
[09:57:20.798]    __FlashArg=0x00000000
[09:57:20.798]    __FlashOp=0x00000000
[09:57:20.798]    __Result=0x00000000
[09:57:20.798]  </debugvars>
[09:57:20.798]  
[09:57:20.798]  <sequence name="DebugDeviceUnlock" Pname="" disable="false" info="">
[09:57:20.798]    <block atomic="false" info="">
[09:57:20.798]      __var deviceID = 0;
[09:57:20.798]        // -> [deviceID <= 0x00000000]
[09:57:20.798]      __var version = 0;
[09:57:20.798]        // -> [version <= 0x00000000]
[09:57:20.798]      __var partNum = 0;
[09:57:20.798]        // -> [partNum <= 0x00000000]
[09:57:20.799]      __var manuf = 0;
[09:57:20.799]        // -> [manuf <= 0x00000000]
[09:57:20.799]      __var isMSPM0G1X0X_G3X0X = 0;
[09:57:20.799]        // -> [isMSPM0G1X0X_G3X0X <= 0x00000000]
[09:57:20.799]      __var isProduction = 0;
[09:57:20.799]        // -> [isProduction <= 0x00000000]
[09:57:20.799]      __var continueId = 0;
[09:57:20.799]        // -> [continueId <= 0x00000000]
[09:57:20.799]      deviceID =   Read32(0x41C40004);
[09:57:20.806]        // -> [Read32(0x41C40004) => 0x2BB8802F]   (__dp=0x00000000, __ap=0x00000000)
[09:57:20.806]        // -> [deviceID <= 0x2BB8802F]
[09:57:20.806]      version = deviceID >> 28;
[09:57:20.806]        // -> [version <= 0x00000002]
[09:57:20.806]      partNum = (deviceID & 0x0FFFF000) >> 12;
[09:57:20.807]        // -> [partNum <= 0x0000BB88]
[09:57:20.807]      manuf = (deviceID & 0x00000FFE) >> 1;
[09:57:20.807]        // -> [manuf <= 0x00000017]
[09:57:20.807]      isMSPM0G1X0X_G3X0X = (partNum == 0xBB88) && (manuf == 0x17);
[09:57:20.807]        // -> [isMSPM0G1X0X_G3X0X <= 0x00000001]
[09:57:20.807]      isProduction = (version > 0);
[09:57:20.807]        // -> [isProduction <= 0x00000001]
[09:57:20.807]    </block>
[09:57:20.807]    <control if="!isMSPM0G1X0X_G3X0X" while="" timeout="0" info="">
[09:57:20.807]      // if-block "!isMSPM0G1X0X_G3X0X"
[09:57:20.807]        // =>  FALSE
[09:57:20.807]      // skip if-block "!isMSPM0G1X0X_G3X0X"
[09:57:20.807]    </control>
[09:57:20.807]    <control if="continueId == 4" while="" timeout="0" info="">
[09:57:20.807]      // if-block "continueId == 4"
[09:57:20.807]        // =>  FALSE
[09:57:20.808]      // skip if-block "continueId == 4"
[09:57:20.808]    </control>
[09:57:20.808]    <control if="!isProduction" while="" timeout="0" info="">
[09:57:20.808]      // if-block "!isProduction"
[09:57:20.808]        // =>  FALSE
[09:57:20.808]      // skip if-block "!isProduction"
[09:57:20.808]    </control>
[09:57:20.808]  </sequence>
[09:57:20.808]  
[09:57:25.238]  **********  Sequence "DebugPortSetup"  (Context="Connect", Pname="", info="")
[09:57:25.238]  
[09:57:25.239]  <debugvars>
[09:57:25.239]    // Pre-defined
[09:57:25.239]    __protocol=0x00010002      (Protocol="SWD", SWJ-DP="True")
[09:57:25.239]    __connection=0x00000201    (Connection Type="Debug", Reset Type="System Reset")
[09:57:25.239]    __dp=0x00000000
[09:57:25.240]    __ap=0x00000000
[09:57:25.240]    __traceout=0x00000000      (Trace Disabled)
[09:57:25.240]    __errorcontrol=0x00000000  (Skip Errors="False")
[09:57:25.240]    __FlashAddr=0x00000000
[09:57:25.240]    __FlashLen=0x00000000
[09:57:25.240]    __FlashArg=0x00000000
[09:57:25.240]    __FlashOp=0x00000000
[09:57:25.240]    __Result=0x00000000
[09:57:25.240]  </debugvars>
[09:57:25.240]  
[09:57:25.240]  <sequence name="DebugPortSetup" Pname="" disable="false" info="">
[09:57:25.240]    <block atomic="false" info="">
[09:57:25.240]      __var isSWJ      = ((__protocol & 0x00010000) != 0);
[09:57:25.240]        // -> [isSWJ <= 0x00000001]
[09:57:25.240]      __var hasDormant = __protocol & 0x00020000;
[09:57:25.240]        // -> [hasDormant <= 0x00000000]
[09:57:25.240]      __var protType   = __protocol & 0x0000FFFF;
[09:57:25.240]        // -> [protType <= 0x00000002]
[09:57:25.240]    </block>
[09:57:25.240]    <control if="protType == 1" while="" timeout="0" info="">
[09:57:25.241]      // if-block "protType == 1"
[09:57:25.241]        // =>  FALSE
[09:57:25.241]      // skip if-block "protType == 1"
[09:57:25.241]    </control>
[09:57:25.241]    <control if="protType == 2" while="" timeout="0" info="">
[09:57:25.241]      // if-block "protType == 2"
[09:57:25.241]        // =>  TRUE
[09:57:25.241]      <control if="isSWJ" while="" timeout="0" info="">
[09:57:25.241]        // if-block "isSWJ"
[09:57:25.241]          // =>  TRUE
[09:57:25.241]        <control if="hasDormant" while="" timeout="0" info="">
[09:57:25.241]          // if-block "hasDormant"
[09:57:25.241]            // =>  FALSE
[09:57:25.241]          // skip if-block "hasDormant"
[09:57:25.241]        </control>
[09:57:25.241]        <control if="!hasDormant" while="" timeout="0" info="">
[09:57:25.241]          // if-block "!hasDormant"
[09:57:25.241]            // =>  TRUE
[09:57:25.241]          <block atomic="false" info="">
[09:57:25.241]            DAP_SWJ_Sequence(51, 0x0007FFFFFFFFFFFF); //lets put the JTAG line in a reset state
[09:57:25.243]              // -> [DAP_SWJ_Sequence(51, 0x0007FFFFFFFFFFFF)]
[09:57:25.243]            DAP_SWJ_Sequence(16,0xE73C); //SWD to JTAG, this is to ensure the state machine is initialized
[09:57:25.245]              // -> [DAP_SWJ_Sequence(16, 0x000000000000E73C)]
[09:57:25.245]            DAP_SWJ_Sequence(51, 0x0007FFFFFFFFFFFF); //Put it back in reset
[09:57:25.247]              // -> [DAP_SWJ_Sequence(51, 0x0007FFFFFFFFFFFF)]
[09:57:25.247]            DAP_SWJ_Sequence(16, 0xE79E); //JTAG to SWD switch
[09:57:25.249]              // -> [DAP_SWJ_Sequence(16, 0x000000000000E79E)]
[09:57:25.249]            DAP_SWJ_Sequence(51, 0x0007FFFFFFFFFFFF);  //Ensure the switch is successful 
[09:57:25.251]              // -> [DAP_SWJ_Sequence(51, 0x0007FFFFFFFFFFFF)]
[09:57:25.251]            DAP_SWJ_Sequence(7,  0x00); //Give the line some time to initialize
[09:57:25.253]              // -> [DAP_SWJ_Sequence(7, 0x0000000000000000)]
[09:57:25.254]          </block>
[09:57:25.254]          // end if-block "!hasDormant"
[09:57:25.254]        </control>
[09:57:25.254]        // end if-block "isSWJ"
[09:57:25.254]      </control>
[09:57:25.254]      <control if="!isSWJ" while="" timeout="0" info="">
[09:57:25.254]        // if-block "!isSWJ"
[09:57:25.254]          // =>  FALSE
[09:57:25.254]        // skip if-block "!isSWJ"
[09:57:25.254]      </control>
[09:57:25.254]      <block atomic="false" info="">
[09:57:25.254]        ReadDP(0x0);
[09:57:25.256]          // -> [ReadDP(0x00000000) => 0x6BA02477]   (__dp=0x00000000)
[09:57:25.256]      </block>
[09:57:25.256]      // end if-block "protType == 2"
[09:57:25.256]    </control>
[09:57:25.256]  </sequence>
[09:57:25.256]  
[09:57:25.260]  **********  Sequence "DebugPortStart"  (Context="Connect", Pname="", info="")
[09:57:25.260]  
[09:57:25.260]  <debugvars>
[09:57:25.260]    // Pre-defined
[09:57:25.260]    __protocol=0x00010002      (Protocol="SWD", SWJ-DP="True")
[09:57:25.260]    __connection=0x00000201    (Connection Type="Debug", Reset Type="System Reset")
[09:57:25.260]    __dp=0x00000000
[09:57:25.260]    __ap=0x00000000
[09:57:25.260]    __traceout=0x00000000      (Trace Disabled)
[09:57:25.261]    __errorcontrol=0x00000000  (Skip Errors="False")
[09:57:25.261]    __FlashAddr=0x00000000
[09:57:25.261]    __FlashLen=0x00000000
[09:57:25.261]    __FlashArg=0x00000000
[09:57:25.261]    __FlashOp=0x00000000
[09:57:25.261]    __Result=0x00000000
[09:57:25.261]  </debugvars>
[09:57:25.261]  
[09:57:25.261]  <sequence name="DebugPortStart" Pname="" disable="false" info="">
[09:57:25.261]    <block atomic="false" info="">
[09:57:25.262]      __var SW_DP_ABORT       = 0x0;
[09:57:25.262]        // -> [SW_DP_ABORT <= 0x00000000]
[09:57:25.262]      __var DP_CTRL_STAT      = 0x4;
[09:57:25.262]        // -> [DP_CTRL_STAT <= 0x00000004]
[09:57:25.262]      __var DP_SELECT         = 0x8;
[09:57:25.262]        // -> [DP_SELECT <= 0x00000008]
[09:57:25.262]      __var powered_down      = 0;
[09:57:25.262]        // -> [powered_down <= 0x00000000]
[09:57:25.262]      WriteDP(DP_SELECT, 0x00000000);
[09:57:25.264]        // -> [WriteDP(0x00000008, 0x00000000)]   (__dp=0x00000000)
[09:57:25.265]      powered_down = ((ReadDP(DP_CTRL_STAT) & 0xA0000000) != 0xA0000000);
[09:57:25.266]        // -> [ReadDP(0x00000004) => 0x00000040]   (__dp=0x00000000)
[09:57:25.266]        // -> [powered_down <= 0x00000001]
[09:57:25.266]    </block>
[09:57:25.266]    <control if="powered_down" while="" timeout="0" info="">
[09:57:25.266]      // if-block "powered_down"
[09:57:25.266]        // =>  TRUE
[09:57:25.266]      <block atomic="false" info="">
[09:57:25.267]        Message(0, "Debug/System power-up request sent");
[09:57:25.268]        WriteDP(DP_CTRL_STAT, 0x50000000);
[09:57:25.270]          // -> [WriteDP(0x00000004, 0x50000000)]   (__dp=0x00000000)
[09:57:25.271]      </block>
[09:57:25.271]      <control if="" while="(ReadDP(DP_CTRL_STAT) & 0xA0000000) != 0xA0000000" timeout="1000000" info="">
[09:57:25.271]        // while "(ReadDP(DP_CTRL_STAT) & 0xA0000000) != 0xA0000000"  (timeout="1000000")
[09:57:25.272]          // -> [ReadDP(0x00000004) => 0xF0000040]   (__dp=0x00000000)
[09:57:25.272]        // while-condition  =>  FALSE
[09:57:25.272]        // end while "(ReadDP(DP_CTRL_STAT) & 0xA0000000) != 0xA0000000"
[09:57:25.272]      </control>
[09:57:25.272]      <control if="(__protocol & 0xFFFF) == 1" while="" timeout="0" info="">
[09:57:25.272]        // if-block "(__protocol & 0xFFFF) == 1"
[09:57:25.272]          // =>  FALSE
[09:57:25.272]        // skip if-block "(__protocol & 0xFFFF) == 1"
[09:57:25.273]      </control>
[09:57:25.273]      <control if="(__protocol & 0xFFFF) == 2" while="" timeout="0" info="">
[09:57:25.273]        // if-block "(__protocol & 0xFFFF) == 2"
[09:57:25.273]          // =>  TRUE
[09:57:25.273]        <block atomic="false" info="">
[09:57:25.273]          Message(0, "executing SWD power up");
[09:57:25.275]          WriteDP(DP_CTRL_STAT, 0x50000F00);
[09:57:25.277]            // -> [WriteDP(0x00000004, 0x50000F00)]   (__dp=0x00000000)
[09:57:25.277]          WriteDP(SW_DP_ABORT, 0x0000001E);
[09:57:25.280]            // -> [WriteDP(0x00000000, 0x0000001E)]   (__dp=0x00000000)
[09:57:25.280]        </block>
[09:57:25.280]        // end if-block "(__protocol & 0xFFFF) == 2"
[09:57:25.280]      </control>
[09:57:25.280]      // end if-block "powered_down"
[09:57:25.280]    </control>
[09:57:25.280]    <block atomic="false" info="">
[09:57:25.281]      __var DEBUG_PORT_VAL    = 0;
[09:57:25.281]        // -> [DEBUG_PORT_VAL <= 0x00000000]
[09:57:25.281]      __var ACCESS_POINT_VAL  = 0;
[09:57:25.281]        // -> [ACCESS_POINT_VAL <= 0x00000000]
[09:57:25.281]      __ap = 1; 
[09:57:25.281]        // -> [__ap <= 0x00000001]
[09:57:25.281]      WriteAP(0x0C, 0x04); //lets use the mini pwr-ap as backup
[09:57:25.285]        // -> [WriteAP(0x0000000C, 0x00000004)]   (__dp=0x00000000, __ap=0x00000001)
[09:57:25.285]      __ap = 4;
[09:57:25.286]        // -> [__ap <= 0x00000004]
[09:57:25.286]      ACCESS_POINT_VAL = ReadAP(0x00);//Reading current state of access point
[09:57:25.289]        // -> [ReadAP(0x00000000) => 0x00080027]   (__dp=0x00000000, __ap=0x00000004)
[09:57:25.289]        // -> [ACCESS_POINT_VAL <= 0x00080027]
[09:57:25.289]      Message(0, "Current state of access point is: %x",ACCESS_POINT_VAL);
[09:57:25.290]    </block>
[09:57:25.290]    <block atomic="false" info="">
[09:57:25.290]      __var nReset = 0x80;
[09:57:25.291]        // -> [nReset <= 0x00000080]
[09:57:25.291]      __var canReadPins = 0;
[09:57:25.291]        // -> [canReadPins <= 0x00000000]
[09:57:25.291]      canReadPins = (DAP_SWJ_Pins(0x00, nReset, 0) != 0xFFFFFFFF);
[09:57:25.293]        // -> [DAP_SWJ_Pins(0x00, 0x80, 0) => 0x0F]   (Out: nRESET=0  =>  In: SWCLK/TCK=1, SWDIO/TMS=1, TDI=1, TDO=1, nTRST=0, nRESET=0)
[09:57:25.293]        // -> [canReadPins <= 0x00000001]
[09:57:25.293]    </block>
[09:57:25.293]    <control if="" while="1" timeout="200" info="">
[09:57:25.293]      // while "1"  (timeout="200")
[09:57:25.294]      // while-condition  =>  TRUE
[09:57:25.294]      // while "1"  (timeout="200")
[09:57:25.294]      // while-condition  =>  TRUE
[09:57:25.294]      // while "1"  (timeout="200")
[09:57:25.294]      // while-condition  =>  TRUE
[09:57:25.294]      // while "1"  (timeout="200")
[09:57:25.294]      // while-condition  =>  TRUE
[09:57:25.294]      // while "1"  (timeout="200")
[09:57:25.294]      // while-condition  =>  TRUE
[09:57:25.294]      // while "1"  (timeout="200")
[09:57:25.294]      // while-condition  =>  TRUE
[09:57:25.294]      // while "1"  (timeout="200")
[09:57:25.294]      // while-condition  =>  TRUE
[09:57:25.294]      // while "1"  (timeout="200")
[09:57:25.294]      // while-condition  =>  TRUE
[09:57:25.294]      // while "1"  (timeout="200")
[09:57:25.294]      // while-condition  =>  TRUE
[09:57:25.294]      // while "1"  (timeout="200")
[09:57:25.295]      // while-condition  =>  TRUE
[09:57:25.295]      // while "1"  (timeout="200")
[09:57:25.295]      // while-condition  =>  TRUE
[09:57:25.295]      // while "1"  (timeout="200")
[09:57:25.295]      // while-condition  =>  TRUE
[09:57:25.295]      // while "1"  (timeout="200")
[09:57:25.295]      // while-condition  =>  TRUE
[09:57:25.295]      // while "1"  (timeout="200")
[09:57:25.295]      // while-condition  =>  TRUE
[09:57:25.295]      // while "1"  (timeout="200")
[09:57:25.296]      // while-condition  =>  TRUE
[09:57:25.296]      // while "1"  (timeout="200")
[09:57:25.296]      // while-condition  =>  TRUE
[09:57:25.296]      // while "1"  (timeout="200")
[09:57:25.296]      // while-condition  =>  TRUE
[09:57:25.296]      // while "1"  (timeout="200")
[09:57:25.296]      // while-condition  =>  TRUE
[09:57:25.296]      // while "1"  (timeout="200")
[09:57:25.296]      // while-condition  =>  TRUE
[09:57:25.296]      // while "1"  (timeout="200")
[09:57:25.296]      // while-condition  =>  TRUE
[09:57:25.296]      // while "1"  (timeout="200")
[09:57:25.296]      // while-condition  =>  TRUE
[09:57:25.296]      // while "1"  (timeout="200")
[09:57:25.296]      // while-condition  =>  TRUE
[09:57:25.296]      // while "1"  (timeout="200")
[09:57:25.296]      // while-condition  =>  TRUE
[09:57:25.296]      // while "1"  (timeout="200")
[09:57:25.297]      // while-condition  =>  TRUE
[09:57:25.297]      // while "1"  (timeout="200")
[09:57:25.297]      // while-condition  =>  TRUE
[09:57:25.297]      // while "1"  (timeout="200")
[09:57:25.297]      // while-condition  =>  TRUE
[09:57:25.297]      // while "1"  (timeout="200")
[09:57:25.297]      // while-condition  =>  TRUE
[09:57:25.297]      // while "1"  (timeout="200")
[09:57:25.297]      // while-condition  =>  TRUE
[09:57:25.297]      // while "1"  (timeout="200")
[09:57:25.297]      // while-condition  =>  TRUE
[09:57:25.297]      // while "1"  (timeout="200")
[09:57:25.297]      // while-condition  =>  TRUE
[09:57:25.298]      // while "1"  (timeout="200")
[09:57:25.298]      // while-condition  =>  TRUE
[09:57:25.298]      // while "1"  (timeout="200")
[09:57:25.298]      // while-condition  =>  TRUE
[09:57:25.298]      // while "1"  (timeout="200")
[09:57:25.298]      // while-condition  =>  TRUE
[09:57:25.298]      // while "1"  (timeout="200")
[09:57:25.298]      // while-condition  =>  TRUE
[09:57:25.298]      // while "1"  (timeout="200")
[09:57:25.299]      // while-condition  =>  TRUE
[09:57:25.299]      // while "1"  (timeout="200")
[09:57:25.299]      // while-condition  =>  TRUE
[09:57:25.299]      // while "1"  (timeout="200")
[09:57:25.299]      // while-condition  =>  TRUE
[09:57:25.299]      // while "1"  (timeout="200")
[09:57:25.299]      // while-condition  =>  TRUE
[09:57:25.299]      // while "1"  (timeout="200")
[09:57:25.299]      // while-condition  =>  TRUE
[09:57:25.299]      // while "1"  (timeout="200")
[09:57:25.299]      // while-condition  =>  TRUE
[09:57:25.299]      // while "1"  (timeout="200")
[09:57:25.299]      // while-condition  =>  TRUE
[09:57:25.299]      // while "1"  (timeout="200")
[09:57:25.299]      // while-condition  =>  TRUE
[09:57:25.299]      // while "1"  (timeout="200")
[09:57:25.299]      // while-condition  =>  TRUE
[09:57:25.299]      // while "1"  (timeout="200")
[09:57:25.300]      // while-condition  =>  TRUE
[09:57:25.300]      // while "1"  (timeout="200")
[09:57:25.300]      // while-condition  =>  TRUE
[09:57:25.300]      // while "1"  (timeout="200")
[09:57:25.300]      // while-condition  =>  TRUE
[09:57:25.300]      // while "1"  (timeout="200")
[09:57:25.300]      // while-condition  =>  TRUE
[09:57:25.300]      // while "1"  (timeout="200")
[09:57:25.300]      // while-condition  =>  TRUE
[09:57:25.300]      // while "1"  (timeout="200")
[09:57:25.300]      // while-condition  =>  TRUE
[09:57:25.300]      // while "1"  (timeout="200")
[09:57:25.300]      // while  =>  TIMEOUT
[09:57:25.300]      // end while "1"
[09:57:25.300]    </control>
[09:57:25.300]    <control if="canReadPins" while="" timeout="0" info="">
[09:57:25.300]      // if-block "canReadPins"
[09:57:25.300]        // =>  TRUE
[09:57:25.300]      <control if="" while="(DAP_SWJ_Pins(nReset, nReset, 0) & nReset) == 0" timeout="1000000" info="">
[09:57:25.300]        // while "(DAP_SWJ_Pins(nReset, nReset, 0) & nReset) == 0"  (timeout="1000000")
[09:57:25.302]          // -> [DAP_SWJ_Pins(0x80, 0x80, 0) => 0x8F]   (Out: nRESET=1  =>  In: SWCLK/TCK=1, SWDIO/TMS=1, TDI=1, TDO=1, nTRST=0, nRESET=1)
[09:57:25.302]        // while-condition  =>  FALSE
[09:57:25.302]        // end while "(DAP_SWJ_Pins(nReset, nReset, 0) & nReset) == 0"
[09:57:25.302]      </control>
[09:57:25.303]      // end if-block "canReadPins"
[09:57:25.303]    </control>
[09:57:25.303]    <control if="!canReadPins" while="" timeout="0" info="">
[09:57:25.303]      // if-block "!canReadPins"
[09:57:25.303]        // =>  FALSE
[09:57:25.303]      // skip if-block "!canReadPins"
[09:57:25.303]    </control>
[09:57:25.303]    <control if="(ACCESS_POINT_VAL & 0x00E00000) == 0" while="" timeout="0" info="">
[09:57:25.303]      // if-block "(ACCESS_POINT_VAL & 0x00E00000) == 0"
[09:57:25.303]        // =>  TRUE
[09:57:25.303]      <block atomic="false" info="">
[09:57:25.303]        WriteAP(0x00, 0x190008);
[09:57:25.305]          // -> [WriteAP(0x00000000, 0x00190008)]   (__dp=0x00000000, __ap=0x00000004)
[09:57:25.305]        WriteAP(0xF0, 0x01);
[09:57:25.311]          // -> [WriteAP(0x000000F0, 0x00000001)]   (__dp=0x00000000, __ap=0x00000004)
[09:57:25.311]      </block>
[09:57:25.312]      // end if-block "(ACCESS_POINT_VAL & 0x00E00000) == 0"
[09:57:25.312]    </control>
[09:57:25.312]    <control if="(ACCESS_POINT_VAL & 0x00E00000) != 0" while="" timeout="0" info="">
[09:57:25.312]      // if-block "(ACCESS_POINT_VAL & 0x00E00000) != 0"
[09:57:25.312]        // =>  FALSE
[09:57:25.312]      // skip if-block "(ACCESS_POINT_VAL & 0x00E00000) != 0"
[09:57:25.312]    </control>
[09:57:25.312]    <block atomic="false" info="">
[09:57:25.312]      ACCESS_POINT_VAL = ReadAP(0x00);//Reading current state of access point
[09:57:25.317]        // -> [ReadAP(0x00000000) => 0x0079002F]   (__dp=0x00000000, __ap=0x00000004)
[09:57:25.318]        // -> [ACCESS_POINT_VAL <= 0x0079002F]
[09:57:25.318]      Message(0, "Current state of access point is: %x",ACCESS_POINT_VAL);
[09:57:25.319]      __ap = 0; //lets make sure we reset the access point selection
[09:57:25.319]        // -> [__ap <= 0x00000000]
[09:57:25.319]    </block>
[09:57:25.319]  </sequence>
[09:57:25.319]  
[09:57:25.340]  **********  Sequence "DebugDeviceUnlock"  (Context="Connect", Pname="", info="")
[09:57:25.340]  
[09:57:25.341]  <debugvars>
[09:57:25.341]    // Pre-defined
[09:57:25.341]    __protocol=0x00010002      (Protocol="SWD", SWJ-DP="True")
[09:57:25.341]    __connection=0x00000201    (Connection Type="Debug", Reset Type="System Reset")
[09:57:25.341]    __dp=0x00000000
[09:57:25.341]    __ap=0x00000000
[09:57:25.341]    __traceout=0x00000000      (Trace Disabled)
[09:57:25.341]    __errorcontrol=0x00000000  (Skip Errors="False")
[09:57:25.341]    __FlashAddr=0x00000000
[09:57:25.341]    __FlashLen=0x00000000
[09:57:25.341]    __FlashArg=0x00000000
[09:57:25.341]    __FlashOp=0x00000000
[09:57:25.341]    __Result=0x00000000
[09:57:25.341]  </debugvars>
[09:57:25.341]  
[09:57:25.341]  <sequence name="DebugDeviceUnlock" Pname="" disable="false" info="">
[09:57:25.341]    <block atomic="false" info="">
[09:57:25.341]      __var deviceID = 0;
[09:57:25.342]        // -> [deviceID <= 0x00000000]
[09:57:25.342]      __var version = 0;
[09:57:25.342]        // -> [version <= 0x00000000]
[09:57:25.342]      __var partNum = 0;
[09:57:25.342]        // -> [partNum <= 0x00000000]
[09:57:25.342]      __var manuf = 0;
[09:57:25.342]        // -> [manuf <= 0x00000000]
[09:57:25.342]      __var isMSPM0G1X0X_G3X0X = 0;
[09:57:25.342]        // -> [isMSPM0G1X0X_G3X0X <= 0x00000000]
[09:57:25.342]      __var isProduction = 0;
[09:57:25.342]        // -> [isProduction <= 0x00000000]
[09:57:25.342]      __var continueId = 0;
[09:57:25.342]        // -> [continueId <= 0x00000000]
[09:57:25.342]      deviceID =   Read32(0x41C40004);
[09:57:25.348]        // -> [Read32(0x41C40004) => 0x2BB8802F]   (__dp=0x00000000, __ap=0x00000000)
[09:57:25.348]        // -> [deviceID <= 0x2BB8802F]
[09:57:25.348]      version = deviceID >> 28;
[09:57:25.349]        // -> [version <= 0x00000002]
[09:57:25.349]      partNum = (deviceID & 0x0FFFF000) >> 12;
[09:57:25.349]        // -> [partNum <= 0x0000BB88]
[09:57:25.349]      manuf = (deviceID & 0x00000FFE) >> 1;
[09:57:25.349]        // -> [manuf <= 0x00000017]
[09:57:25.350]      isMSPM0G1X0X_G3X0X = (partNum == 0xBB88) && (manuf == 0x17);
[09:57:25.350]        // -> [isMSPM0G1X0X_G3X0X <= 0x00000001]
[09:57:25.350]      isProduction = (version > 0);
[09:57:25.350]        // -> [isProduction <= 0x00000001]
[09:57:25.350]    </block>
[09:57:25.350]    <control if="!isMSPM0G1X0X_G3X0X" while="" timeout="0" info="">
[09:57:25.350]      // if-block "!isMSPM0G1X0X_G3X0X"
[09:57:25.350]        // =>  FALSE
[09:57:25.350]      // skip if-block "!isMSPM0G1X0X_G3X0X"
[09:57:25.350]    </control>
[09:57:25.350]    <control if="continueId == 4" while="" timeout="0" info="">
[09:57:25.350]      // if-block "continueId == 4"
[09:57:25.350]        // =>  FALSE
[09:57:25.350]      // skip if-block "continueId == 4"
[09:57:25.350]    </control>
[09:57:25.350]    <control if="!isProduction" while="" timeout="0" info="">
[09:57:25.351]      // if-block "!isProduction"
[09:57:25.351]        // =>  FALSE
[09:57:25.351]      // skip if-block "!isProduction"
[09:57:25.351]    </control>
[09:57:25.351]  </sequence>
[09:57:25.352]  
