/*
 *  CMSIS Pack Debug Access Sequence Log
 *  File        : C:\Users\xxs13\Desktop\MSPM0G3507_Library\SeekFree_MSPM0G3507_Opensource_Library\project\mdk\SeekFree_MSPM0G3507_Device_Library_Sequences_0016.log
 *  Created     : 21:22:37 (19/07/2026)
 *  Device      : MSPM0G3507
 *  PDSC File   : D:/MDK5.36/Packs/TexasInstruments/MSPM0G1X0X_G3X0X_DFP/1.3.1/TexasInstruments.MSPM0G1X0X_G3X0X_DFP.pdsc
 *
 */

[21:22:37.643]  **********  Sequence "DebugPortSetup"  (Context="Connect", Pname="", info="")
[21:22:37.643]  
[21:22:37.644]  <debugvars>
[21:22:37.644]    // Pre-defined
[21:22:37.644]    __protocol=0x00010002      (Protocol="SWD", SWJ-DP="True")
[21:22:37.644]    __connection=0x00000202    (Connection Type="Flash", Reset Type="System Reset")
[21:22:37.644]    __dp=0x00000000
[21:22:37.644]    __ap=0x00000000
[21:22:37.644]    __traceout=0x00000000      (Trace Disabled)
[21:22:37.644]    __errorcontrol=0x00000000  (Skip Errors="False")
[21:22:37.644]    __FlashAddr=0x00000000
[21:22:37.644]    __FlashLen=0x00000000
[21:22:37.646]    __FlashArg=0x00000000
[21:22:37.646]    __FlashOp=0x00000000
[21:22:37.646]    __Result=0x00000000
[21:22:37.646]  </debugvars>
[21:22:37.646]  
[21:22:37.646]  <sequence name="DebugPortSetup" Pname="" disable="false" info="">
[21:22:37.646]    <block atomic="false" info="">
[21:22:37.646]      __var isSWJ      = ((__protocol & 0x00010000) != 0);
[21:22:37.647]        // -> [isSWJ <= 0x00000001]
[21:22:37.647]      __var hasDormant = __protocol & 0x00020000;
[21:22:37.647]        // -> [hasDormant <= 0x00000000]
[21:22:37.647]      __var protType   = __protocol & 0x0000FFFF;
[21:22:37.647]        // -> [protType <= 0x00000002]
[21:22:37.647]    </block>
[21:22:37.647]    <control if="protType == 1" while="" timeout="0" info="">
[21:22:37.647]      // if-block "protType == 1"
[21:22:37.647]        // =>  FALSE
[21:22:37.648]      // skip if-block "protType == 1"
[21:22:37.648]    </control>
[21:22:37.648]    <control if="protType == 2" while="" timeout="0" info="">
[21:22:37.648]      // if-block "protType == 2"
[21:22:37.648]        // =>  TRUE
[21:22:37.648]      <control if="isSWJ" while="" timeout="0" info="">
[21:22:37.648]        // if-block "isSWJ"
[21:22:37.649]          // =>  TRUE
[21:22:37.649]        <control if="hasDormant" while="" timeout="0" info="">
[21:22:37.649]          // if-block "hasDormant"
[21:22:37.649]            // =>  FALSE
[21:22:37.649]          // skip if-block "hasDormant"
[21:22:37.649]        </control>
[21:22:37.649]        <control if="!hasDormant" while="" timeout="0" info="">
[21:22:37.649]          // if-block "!hasDormant"
[21:22:37.649]            // =>  TRUE
[21:22:37.650]          <block atomic="false" info="">
[21:22:37.650]            DAP_SWJ_Sequence(51, 0x0007FFFFFFFFFFFF); //lets put the JTAG line in a reset state
[21:22:37.652]              // -> [DAP_SWJ_Sequence(51, 0x0007FFFFFFFFFFFF)]
[21:22:37.652]            DAP_SWJ_Sequence(16,0xE73C); //SWD to JTAG, this is to ensure the state machine is initialized
[21:22:37.653]              // -> [DAP_SWJ_Sequence(16, 0x000000000000E73C)]
[21:22:37.653]            DAP_SWJ_Sequence(51, 0x0007FFFFFFFFFFFF); //Put it back in reset
[21:22:37.657]              // -> [DAP_SWJ_Sequence(51, 0x0007FFFFFFFFFFFF)]
[21:22:37.657]            DAP_SWJ_Sequence(16, 0xE79E); //JTAG to SWD switch
[21:22:37.659]              // -> [DAP_SWJ_Sequence(16, 0x000000000000E79E)]
[21:22:37.659]            DAP_SWJ_Sequence(51, 0x0007FFFFFFFFFFFF);  //Ensure the switch is successful 
[21:22:37.661]              // -> [DAP_SWJ_Sequence(51, 0x0007FFFFFFFFFFFF)]
[21:22:37.661]            DAP_SWJ_Sequence(7,  0x00); //Give the line some time to initialize
[21:22:37.663]              // -> [DAP_SWJ_Sequence(7, 0x0000000000000000)]
[21:22:37.663]          </block>
[21:22:37.663]          // end if-block "!hasDormant"
[21:22:37.663]        </control>
[21:22:37.663]        // end if-block "isSWJ"
[21:22:37.663]      </control>
[21:22:37.663]      <control if="!isSWJ" while="" timeout="0" info="">
[21:22:37.663]        // if-block "!isSWJ"
[21:22:37.663]          // =>  FALSE
[21:22:37.664]        // skip if-block "!isSWJ"
[21:22:37.664]      </control>
[21:22:37.664]      <block atomic="false" info="">
[21:22:37.664]        ReadDP(0x0);
[21:22:37.666]          // -> [ReadDP(0x00000000) => 0x6BA02477]   (__dp=0x00000000)
[21:22:37.666]      </block>
[21:22:37.666]      // end if-block "protType == 2"
[21:22:37.666]    </control>
[21:22:37.666]  </sequence>
[21:22:37.666]  
[21:22:37.669]  **********  Sequence "DebugPortStart"  (Context="Connect", Pname="", info="")
[21:22:37.669]  
[21:22:37.669]  <debugvars>
[21:22:37.669]    // Pre-defined
[21:22:37.669]    __protocol=0x00010002      (Protocol="SWD", SWJ-DP="True")
[21:22:37.670]    __connection=0x00000202    (Connection Type="Flash", Reset Type="System Reset")
[21:22:37.670]    __dp=0x00000000
[21:22:37.670]    __ap=0x00000000
[21:22:37.670]    __traceout=0x00000000      (Trace Disabled)
[21:22:37.670]    __errorcontrol=0x00000000  (Skip Errors="False")
[21:22:37.670]    __FlashAddr=0x00000000
[21:22:37.670]    __FlashLen=0x00000000
[21:22:37.670]    __FlashArg=0x00000000
[21:22:37.670]    __FlashOp=0x00000000
[21:22:37.671]    __Result=0x00000000
[21:22:37.671]  </debugvars>
[21:22:37.671]  
[21:22:37.671]  <sequence name="DebugPortStart" Pname="" disable="false" info="">
[21:22:37.671]    <block atomic="false" info="">
[21:22:37.671]      __var SW_DP_ABORT       = 0x0;
[21:22:37.671]        // -> [SW_DP_ABORT <= 0x00000000]
[21:22:37.671]      __var DP_CTRL_STAT      = 0x4;
[21:22:37.671]        // -> [DP_CTRL_STAT <= 0x00000004]
[21:22:37.671]      __var DP_SELECT         = 0x8;
[21:22:37.671]        // -> [DP_SELECT <= 0x00000008]
[21:22:37.671]      __var powered_down      = 0;
[21:22:37.671]        // -> [powered_down <= 0x00000000]
[21:22:37.671]      WriteDP(DP_SELECT, 0x00000000);
[21:22:37.673]        // -> [WriteDP(0x00000008, 0x00000000)]   (__dp=0x00000000)
[21:22:37.673]      powered_down = ((ReadDP(DP_CTRL_STAT) & 0xA0000000) != 0xA0000000);
[21:22:37.676]        // -> [ReadDP(0x00000004) => 0x00000040]   (__dp=0x00000000)
[21:22:37.676]        // -> [powered_down <= 0x00000001]
[21:22:37.676]    </block>
[21:22:37.676]    <control if="powered_down" while="" timeout="0" info="">
[21:22:37.676]      // if-block "powered_down"
[21:22:37.676]        // =>  TRUE
[21:22:37.676]      <block atomic="false" info="">
[21:22:37.676]        Message(0, "Debug/System power-up request sent");
[21:22:37.678]        WriteDP(DP_CTRL_STAT, 0x50000000);
[21:22:37.680]          // -> [WriteDP(0x00000004, 0x50000000)]   (__dp=0x00000000)
[21:22:37.680]      </block>
[21:22:37.680]      <control if="" while="(ReadDP(DP_CTRL_STAT) & 0xA0000000) != 0xA0000000" timeout="1000000" info="">
[21:22:37.680]        // while "(ReadDP(DP_CTRL_STAT) & 0xA0000000) != 0xA0000000"  (timeout="1000000")
[21:22:37.682]          // -> [ReadDP(0x00000004) => 0xF0000040]   (__dp=0x00000000)
[21:22:37.682]        // while-condition  =>  FALSE
[21:22:37.682]        // end while "(ReadDP(DP_CTRL_STAT) & 0xA0000000) != 0xA0000000"
[21:22:37.682]      </control>
[21:22:37.682]      <control if="(__protocol & 0xFFFF) == 1" while="" timeout="0" info="">
[21:22:37.682]        // if-block "(__protocol & 0xFFFF) == 1"
[21:22:37.682]          // =>  FALSE
[21:22:37.682]        // skip if-block "(__protocol & 0xFFFF) == 1"
[21:22:37.682]      </control>
[21:22:37.682]      <control if="(__protocol & 0xFFFF) == 2" while="" timeout="0" info="">
[21:22:37.682]        // if-block "(__protocol & 0xFFFF) == 2"
[21:22:37.682]          // =>  TRUE
[21:22:37.682]        <block atomic="false" info="">
[21:22:37.682]          Message(0, "executing SWD power up");
[21:22:37.684]          WriteDP(DP_CTRL_STAT, 0x50000F00);
[21:22:37.686]            // -> [WriteDP(0x00000004, 0x50000F00)]   (__dp=0x00000000)
[21:22:37.687]          WriteDP(SW_DP_ABORT, 0x0000001E);
[21:22:37.688]            // -> [WriteDP(0x00000000, 0x0000001E)]   (__dp=0x00000000)
[21:22:37.689]        </block>
[21:22:37.689]        // end if-block "(__protocol & 0xFFFF) == 2"
[21:22:37.689]      </control>
[21:22:37.689]      // end if-block "powered_down"
[21:22:37.689]    </control>
[21:22:37.689]    <block atomic="false" info="">
[21:22:37.689]      __var DEBUG_PORT_VAL    = 0;
[21:22:37.689]        // -> [DEBUG_PORT_VAL <= 0x00000000]
[21:22:37.689]      __var ACCESS_POINT_VAL  = 0;
[21:22:37.689]        // -> [ACCESS_POINT_VAL <= 0x00000000]
[21:22:37.689]      __ap = 1; 
[21:22:37.689]        // -> [__ap <= 0x00000001]
[21:22:37.689]      WriteAP(0x0C, 0x04); //lets use the mini pwr-ap as backup
[21:22:37.693]        // -> [WriteAP(0x0000000C, 0x00000004)]   (__dp=0x00000000, __ap=0x00000001)
[21:22:37.694]      __ap = 4;
[21:22:37.694]        // -> [__ap <= 0x00000004]
[21:22:37.694]      ACCESS_POINT_VAL = ReadAP(0x00);//Reading current state of access point
[21:22:37.699]        // -> [ReadAP(0x00000000) => 0x00080027]   (__dp=0x00000000, __ap=0x00000004)
[21:22:37.699]        // -> [ACCESS_POINT_VAL <= 0x00080027]
[21:22:37.699]      Message(0, "Current state of access point is: %x",ACCESS_POINT_VAL);
[21:22:37.701]    </block>
[21:22:37.701]    <block atomic="false" info="">
[21:22:37.701]      __var nReset = 0x80;
[21:22:37.701]        // -> [nReset <= 0x00000080]
[21:22:37.701]      __var canReadPins = 0;
[21:22:37.701]        // -> [canReadPins <= 0x00000000]
[21:22:37.701]      canReadPins = (DAP_SWJ_Pins(0x00, nReset, 0) != 0xFFFFFFFF);
[21:22:37.704]        // -> [DAP_SWJ_Pins(0x00, 0x80, 0) => 0x0F]   (Out: nRESET=0  =>  In: SWCLK/TCK=1, SWDIO/TMS=1, TDI=1, TDO=1, nTRST=0, nRESET=0)
[21:22:37.704]        // -> [canReadPins <= 0x00000001]
[21:22:37.704]    </block>
[21:22:37.704]    <control if="" while="1" timeout="200" info="">
[21:22:37.704]      // while "1"  (timeout="200")
[21:22:37.705]      // while-condition  =>  TRUE
[21:22:37.705]      // while "1"  (timeout="200")
[21:22:37.705]      // while-condition  =>  TRUE
[21:22:37.705]      // while "1"  (timeout="200")
[21:22:37.705]      // while-condition  =>  TRUE
[21:22:37.705]      // while "1"  (timeout="200")
[21:22:37.705]      // while-condition  =>  TRUE
[21:22:37.705]      // while "1"  (timeout="200")
[21:22:37.705]      // while-condition  =>  TRUE
[21:22:37.705]      // while "1"  (timeout="200")
[21:22:37.705]      // while-condition  =>  TRUE
[21:22:37.705]      // while "1"  (timeout="200")
[21:22:37.705]      // while-condition  =>  TRUE
[21:22:37.705]      // while "1"  (timeout="200")
[21:22:37.705]      // while-condition  =>  TRUE
[21:22:37.705]      // while "1"  (timeout="200")
[21:22:37.705]      // while-condition  =>  TRUE
[21:22:37.705]      // while "1"  (timeout="200")
[21:22:37.705]      // while-condition  =>  TRUE
[21:22:37.706]      // while "1"  (timeout="200")
[21:22:37.706]      // while-condition  =>  TRUE
[21:22:37.706]      // while "1"  (timeout="200")
[21:22:37.706]      // while-condition  =>  TRUE
[21:22:37.706]      // while "1"  (timeout="200")
[21:22:37.706]      // while-condition  =>  TRUE
[21:22:37.706]      // while "1"  (timeout="200")
[21:22:37.706]      // while-condition  =>  TRUE
[21:22:37.706]      // while "1"  (timeout="200")
[21:22:37.706]      // while-condition  =>  TRUE
[21:22:37.706]      // while "1"  (timeout="200")
[21:22:37.706]      // while-condition  =>  TRUE
[21:22:37.706]      // while "1"  (timeout="200")
[21:22:37.707]      // while-condition  =>  TRUE
[21:22:37.707]      // while "1"  (timeout="200")
[21:22:37.707]      // while-condition  =>  TRUE
[21:22:37.707]      // while "1"  (timeout="200")
[21:22:37.707]      // while-condition  =>  TRUE
[21:22:37.707]      // while "1"  (timeout="200")
[21:22:37.707]      // while-condition  =>  TRUE
[21:22:37.707]      // while "1"  (timeout="200")
[21:22:37.707]      // while-condition  =>  TRUE
[21:22:37.707]      // while "1"  (timeout="200")
[21:22:37.707]      // while-condition  =>  TRUE
[21:22:37.707]      // while "1"  (timeout="200")
[21:22:37.707]      // while-condition  =>  TRUE
[21:22:37.708]      // while "1"  (timeout="200")
[21:22:37.708]      // while-condition  =>  TRUE
[21:22:37.708]      // while "1"  (timeout="200")
[21:22:37.708]      // while-condition  =>  TRUE
[21:22:37.708]      // while "1"  (timeout="200")
[21:22:37.708]      // while-condition  =>  TRUE
[21:22:37.708]      // while "1"  (timeout="200")
[21:22:37.708]      // while-condition  =>  TRUE
[21:22:37.708]      // while "1"  (timeout="200")
[21:22:37.708]      // while-condition  =>  TRUE
[21:22:37.708]      // while "1"  (timeout="200")
[21:22:37.709]      // while-condition  =>  TRUE
[21:22:37.709]      // while "1"  (timeout="200")
[21:22:37.709]      // while-condition  =>  TRUE
[21:22:37.709]      // while "1"  (timeout="200")
[21:22:37.709]      // while-condition  =>  TRUE
[21:22:37.709]      // while "1"  (timeout="200")
[21:22:37.709]      // while-condition  =>  TRUE
[21:22:37.709]      // while "1"  (timeout="200")
[21:22:37.709]      // while-condition  =>  TRUE
[21:22:37.709]      // while "1"  (timeout="200")
[21:22:37.709]      // while-condition  =>  TRUE
[21:22:37.709]      // while "1"  (timeout="200")
[21:22:37.709]      // while-condition  =>  TRUE
[21:22:37.709]      // while "1"  (timeout="200")
[21:22:37.709]      // while-condition  =>  TRUE
[21:22:37.709]      // while "1"  (timeout="200")
[21:22:37.710]      // while-condition  =>  TRUE
[21:22:37.710]      // while "1"  (timeout="200")
[21:22:37.710]      // while-condition  =>  TRUE
[21:22:37.710]      // while "1"  (timeout="200")
[21:22:37.710]      // while-condition  =>  TRUE
[21:22:37.710]      // while "1"  (timeout="200")
[21:22:37.710]      // while-condition  =>  TRUE
[21:22:37.710]      // while "1"  (timeout="200")
[21:22:37.710]      // while-condition  =>  TRUE
[21:22:37.710]      // while "1"  (timeout="200")
[21:22:37.710]      // while-condition  =>  TRUE
[21:22:37.710]      // while "1"  (timeout="200")
[21:22:37.710]      // while-condition  =>  TRUE
[21:22:37.710]      // while "1"  (timeout="200")
[21:22:37.711]      // while-condition  =>  TRUE
[21:22:37.711]      // while "1"  (timeout="200")
[21:22:37.711]      // while-condition  =>  TRUE
[21:22:37.711]      // while "1"  (timeout="200")
[21:22:37.711]      // while-condition  =>  TRUE
[21:22:37.711]      // while "1"  (timeout="200")
[21:22:37.711]      // while-condition  =>  TRUE
[21:22:37.711]      // while "1"  (timeout="200")
[21:22:37.711]      // while-condition  =>  TRUE
[21:22:37.711]      // while "1"  (timeout="200")
[21:22:37.711]      // while-condition  =>  TRUE
[21:22:37.711]      // while "1"  (timeout="200")
[21:22:37.711]      // while-condition  =>  TRUE
[21:22:37.712]      // while "1"  (timeout="200")
[21:22:37.712]      // while-condition  =>  TRUE
[21:22:37.712]      // while "1"  (timeout="200")
[21:22:37.712]      // while-condition  =>  TRUE
[21:22:37.712]      // while "1"  (timeout="200")
[21:22:37.712]      // while-condition  =>  TRUE
[21:22:37.712]      // while "1"  (timeout="200")
[21:22:37.712]      // while-condition  =>  TRUE
[21:22:37.712]      // while "1"  (timeout="200")
[21:22:37.712]      // while-condition  =>  TRUE
[21:22:37.712]      // while "1"  (timeout="200")
[21:22:37.712]      // while-condition  =>  TRUE
[21:22:37.712]      // while "1"  (timeout="200")
[21:22:37.712]      // while-condition  =>  TRUE
[21:22:37.712]      // while "1"  (timeout="200")
[21:22:37.712]      // while-condition  =>  TRUE
[21:22:37.712]      // while "1"  (timeout="200")
[21:22:37.712]      // while-condition  =>  TRUE
[21:22:37.713]      // while "1"  (timeout="200")
[21:22:37.713]      // while-condition  =>  TRUE
[21:22:37.713]      // while "1"  (timeout="200")
[21:22:37.713]      // while-condition  =>  TRUE
[21:22:37.713]      // while "1"  (timeout="200")
[21:22:37.713]      // while-condition  =>  TRUE
[21:22:37.713]      // while "1"  (timeout="200")
[21:22:37.713]      // while-condition  =>  TRUE
[21:22:37.713]      // while "1"  (timeout="200")
[21:22:37.713]      // while-condition  =>  TRUE
[21:22:37.713]      // while "1"  (timeout="200")
[21:22:37.713]      // while-condition  =>  TRUE
[21:22:37.713]      // while "1"  (timeout="200")
[21:22:37.713]      // while-condition  =>  TRUE
[21:22:37.713]      // while "1"  (timeout="200")
[21:22:37.713]      // while-condition  =>  TRUE
[21:22:37.713]      // while "1"  (timeout="200")
[21:22:37.713]      // while-condition  =>  TRUE
[21:22:37.713]      // while "1"  (timeout="200")
[21:22:37.714]      // while-condition  =>  TRUE
[21:22:37.714]      // while "1"  (timeout="200")
[21:22:37.714]      // while  =>  TIMEOUT
[21:22:37.714]      // end while "1"
[21:22:37.714]    </control>
[21:22:37.714]    <control if="canReadPins" while="" timeout="0" info="">
[21:22:37.714]      // if-block "canReadPins"
[21:22:37.714]        // =>  TRUE
[21:22:37.714]      <control if="" while="(DAP_SWJ_Pins(nReset, nReset, 0) & nReset) == 0" timeout="1000000" info="">
[21:22:37.714]        // while "(DAP_SWJ_Pins(nReset, nReset, 0) & nReset) == 0"  (timeout="1000000")
[21:22:37.717]          // -> [DAP_SWJ_Pins(0x80, 0x80, 0) => 0x8F]   (Out: nRESET=1  =>  In: SWCLK/TCK=1, SWDIO/TMS=1, TDI=1, TDO=1, nTRST=0, nRESET=1)
[21:22:37.717]        // while-condition  =>  FALSE
[21:22:37.717]        // end while "(DAP_SWJ_Pins(nReset, nReset, 0) & nReset) == 0"
[21:22:37.717]      </control>
[21:22:37.717]      // end if-block "canReadPins"
[21:22:37.717]    </control>
[21:22:37.717]    <control if="!canReadPins" while="" timeout="0" info="">
[21:22:37.717]      // if-block "!canReadPins"
[21:22:37.717]        // =>  FALSE
[21:22:37.717]      // skip if-block "!canReadPins"
[21:22:37.717]    </control>
[21:22:37.717]    <control if="(ACCESS_POINT_VAL & 0x00E00000) == 0" while="" timeout="0" info="">
[21:22:37.718]      // if-block "(ACCESS_POINT_VAL & 0x00E00000) == 0"
[21:22:37.718]        // =>  TRUE
[21:22:37.718]      <block atomic="false" info="">
[21:22:37.718]        WriteAP(0x00, 0x190008);
[21:22:37.720]          // -> [WriteAP(0x00000000, 0x00190008)]   (__dp=0x00000000, __ap=0x00000004)
[21:22:37.720]        WriteAP(0xF0, 0x01);
[21:22:37.724]          // -> [WriteAP(0x000000F0, 0x00000001)]   (__dp=0x00000000, __ap=0x00000004)
[21:22:37.724]      </block>
[21:22:37.724]      // end if-block "(ACCESS_POINT_VAL & 0x00E00000) == 0"
[21:22:37.724]    </control>
[21:22:37.724]    <control if="(ACCESS_POINT_VAL & 0x00E00000) != 0" while="" timeout="0" info="">
[21:22:37.724]      // if-block "(ACCESS_POINT_VAL & 0x00E00000) != 0"
[21:22:37.724]        // =>  FALSE
[21:22:37.724]      // skip if-block "(ACCESS_POINT_VAL & 0x00E00000) != 0"
[21:22:37.724]    </control>
[21:22:37.724]    <block atomic="false" info="">
[21:22:37.724]      ACCESS_POINT_VAL = ReadAP(0x00);//Reading current state of access point
[21:22:37.728]        // -> [ReadAP(0x00000000) => 0x0079002F]   (__dp=0x00000000, __ap=0x00000004)
[21:22:37.728]        // -> [ACCESS_POINT_VAL <= 0x0079002F]
[21:22:37.729]      Message(0, "Current state of access point is: %x",ACCESS_POINT_VAL);
[21:22:37.730]      __ap = 0; //lets make sure we reset the access point selection
[21:22:37.730]        // -> [__ap <= 0x00000000]
[21:22:37.730]    </block>
[21:22:37.730]  </sequence>
[21:22:37.730]  
[21:22:37.750]  **********  Sequence "DebugDeviceUnlock"  (Context="Connect", Pname="", info="")
[21:22:37.750]  
[21:22:37.750]  <debugvars>
[21:22:37.750]    // Pre-defined
[21:22:37.750]    __protocol=0x00010002      (Protocol="SWD", SWJ-DP="True")
[21:22:37.750]    __connection=0x00000202    (Connection Type="Flash", Reset Type="System Reset")
[21:22:37.750]    __dp=0x00000000
[21:22:37.750]    __ap=0x00000000
[21:22:37.750]    __traceout=0x00000000      (Trace Disabled)
[21:22:37.752]    __errorcontrol=0x00000000  (Skip Errors="False")
[21:22:37.752]    __FlashAddr=0x00000000
[21:22:37.752]    __FlashLen=0x00000000
[21:22:37.752]    __FlashArg=0x00000000
[21:22:37.752]    __FlashOp=0x00000000
[21:22:37.752]    __Result=0x00000000
[21:22:37.752]  </debugvars>
[21:22:37.752]  
[21:22:37.752]  <sequence name="DebugDeviceUnlock" Pname="" disable="false" info="">
[21:22:37.752]    <block atomic="false" info="">
[21:22:37.752]      __var deviceID = 0;
[21:22:37.752]        // -> [deviceID <= 0x00000000]
[21:22:37.752]      __var version = 0;
[21:22:37.752]        // -> [version <= 0x00000000]
[21:22:37.752]      __var partNum = 0;
[21:22:37.752]        // -> [partNum <= 0x00000000]
[21:22:37.752]      __var manuf = 0;
[21:22:37.753]        // -> [manuf <= 0x00000000]
[21:22:37.753]      __var isMSPM0G1X0X_G3X0X = 0;
[21:22:37.753]        // -> [isMSPM0G1X0X_G3X0X <= 0x00000000]
[21:22:37.753]      __var isProduction = 0;
[21:22:37.753]        // -> [isProduction <= 0x00000000]
[21:22:37.753]      __var continueId = 0;
[21:22:37.753]        // -> [continueId <= 0x00000000]
[21:22:37.753]      deviceID =   Read32(0x41C40004);
[21:22:37.758]        // -> [Read32(0x41C40004) => 0x2BB8802F]   (__dp=0x00000000, __ap=0x00000000)
[21:22:37.759]        // -> [deviceID <= 0x2BB8802F]
[21:22:37.759]      version = deviceID >> 28;
[21:22:37.759]        // -> [version <= 0x00000002]
[21:22:37.759]      partNum = (deviceID & 0x0FFFF000) >> 12;
[21:22:37.759]        // -> [partNum <= 0x0000BB88]
[21:22:37.759]      manuf = (deviceID & 0x00000FFE) >> 1;
[21:22:37.759]        // -> [manuf <= 0x00000017]
[21:22:37.759]      isMSPM0G1X0X_G3X0X = (partNum == 0xBB88) && (manuf == 0x17);
[21:22:37.759]        // -> [isMSPM0G1X0X_G3X0X <= 0x00000001]
[21:22:37.759]      isProduction = (version > 0);
[21:22:37.759]        // -> [isProduction <= 0x00000001]
[21:22:37.759]    </block>
[21:22:37.759]    <control if="!isMSPM0G1X0X_G3X0X" while="" timeout="0" info="">
[21:22:37.759]      // if-block "!isMSPM0G1X0X_G3X0X"
[21:22:37.759]        // =>  FALSE
[21:22:37.759]      // skip if-block "!isMSPM0G1X0X_G3X0X"
[21:22:37.759]    </control>
[21:22:37.760]    <control if="continueId == 4" while="" timeout="0" info="">
[21:22:37.760]      // if-block "continueId == 4"
[21:22:37.760]        // =>  FALSE
[21:22:37.760]      // skip if-block "continueId == 4"
[21:22:37.760]    </control>
[21:22:37.760]    <control if="!isProduction" while="" timeout="0" info="">
[21:22:37.760]      // if-block "!isProduction"
[21:22:37.760]        // =>  FALSE
[21:22:37.760]      // skip if-block "!isProduction"
[21:22:37.760]    </control>
[21:22:37.760]  </sequence>
[21:22:37.760]  
[21:24:29.557]  **********  Sequence "DebugPortSetup"  (Context="Connect", Pname="", info="")
[21:24:29.557]  
[21:24:29.557]  <debugvars>
[21:24:29.558]    // Pre-defined
[21:24:29.558]    __protocol=0x00010002      (Protocol="SWD", SWJ-DP="True")
[21:24:29.558]    __connection=0x00000202    (Connection Type="Flash", Reset Type="System Reset")
[21:24:29.558]    __dp=0x00000000
[21:24:29.558]    __ap=0x00000000
[21:24:29.558]    __traceout=0x00000000      (Trace Disabled)
[21:24:29.558]    __errorcontrol=0x00000000  (Skip Errors="False")
[21:24:29.558]    __FlashAddr=0x00000000
[21:24:29.558]    __FlashLen=0x00000000
[21:24:29.558]    __FlashArg=0x00000000
[21:24:29.558]    __FlashOp=0x00000000
[21:24:29.558]    __Result=0x00000000
[21:24:29.559]  </debugvars>
[21:24:29.559]  
[21:24:29.559]  <sequence name="DebugPortSetup" Pname="" disable="false" info="">
[21:24:29.559]    <block atomic="false" info="">
[21:24:29.559]      __var isSWJ      = ((__protocol & 0x00010000) != 0);
[21:24:29.559]        // -> [isSWJ <= 0x00000001]
[21:24:29.559]      __var hasDormant = __protocol & 0x00020000;
[21:24:29.559]        // -> [hasDormant <= 0x00000000]
[21:24:29.559]      __var protType   = __protocol & 0x0000FFFF;
[21:24:29.559]        // -> [protType <= 0x00000002]
[21:24:29.559]    </block>
[21:24:29.559]    <control if="protType == 1" while="" timeout="0" info="">
[21:24:29.560]      // if-block "protType == 1"
[21:24:29.560]        // =>  FALSE
[21:24:29.560]      // skip if-block "protType == 1"
[21:24:29.560]    </control>
[21:24:29.560]    <control if="protType == 2" while="" timeout="0" info="">
[21:24:29.560]      // if-block "protType == 2"
[21:24:29.560]        // =>  TRUE
[21:24:29.560]      <control if="isSWJ" while="" timeout="0" info="">
[21:24:29.560]        // if-block "isSWJ"
[21:24:29.560]          // =>  TRUE
[21:24:29.560]        <control if="hasDormant" while="" timeout="0" info="">
[21:24:29.560]          // if-block "hasDormant"
[21:24:29.560]            // =>  FALSE
[21:24:29.560]          // skip if-block "hasDormant"
[21:24:29.560]        </control>
[21:24:29.561]        <control if="!hasDormant" while="" timeout="0" info="">
[21:24:29.561]          // if-block "!hasDormant"
[21:24:29.561]            // =>  TRUE
[21:24:29.561]          <block atomic="false" info="">
[21:24:29.561]            DAP_SWJ_Sequence(51, 0x0007FFFFFFFFFFFF); //lets put the JTAG line in a reset state
[21:24:29.563]              // -> [DAP_SWJ_Sequence(51, 0x0007FFFFFFFFFFFF)]
[21:24:29.563]            DAP_SWJ_Sequence(16,0xE73C); //SWD to JTAG, this is to ensure the state machine is initialized
[21:24:29.565]              // -> [DAP_SWJ_Sequence(16, 0x000000000000E73C)]
[21:24:29.565]            DAP_SWJ_Sequence(51, 0x0007FFFFFFFFFFFF); //Put it back in reset
[21:24:29.567]              // -> [DAP_SWJ_Sequence(51, 0x0007FFFFFFFFFFFF)]
[21:24:29.567]            DAP_SWJ_Sequence(16, 0xE79E); //JTAG to SWD switch
[21:24:29.569]              // -> [DAP_SWJ_Sequence(16, 0x000000000000E79E)]
[21:24:29.569]            DAP_SWJ_Sequence(51, 0x0007FFFFFFFFFFFF);  //Ensure the switch is successful 
[21:24:29.571]              // -> [DAP_SWJ_Sequence(51, 0x0007FFFFFFFFFFFF)]
[21:24:29.571]            DAP_SWJ_Sequence(7,  0x00); //Give the line some time to initialize
[21:24:29.573]              // -> [DAP_SWJ_Sequence(7, 0x0000000000000000)]
[21:24:29.573]          </block>
[21:24:29.574]          // end if-block "!hasDormant"
[21:24:29.574]        </control>
[21:24:29.574]        // end if-block "isSWJ"
[21:24:29.574]      </control>
[21:24:29.574]      <control if="!isSWJ" while="" timeout="0" info="">
[21:24:29.574]        // if-block "!isSWJ"
[21:24:29.574]          // =>  FALSE
[21:24:29.574]        // skip if-block "!isSWJ"
[21:24:29.574]      </control>
[21:24:29.574]      <block atomic="false" info="">
[21:24:29.574]        ReadDP(0x0);
[21:24:29.576]          // -> [ReadDP(0x00000000) => 0x6BA02477]   (__dp=0x00000000)
[21:24:29.576]      </block>
[21:24:29.576]      // end if-block "protType == 2"
[21:24:29.576]    </control>
[21:24:29.576]  </sequence>
[21:24:29.576]  
[21:24:29.581]  **********  Sequence "DebugPortStart"  (Context="Connect", Pname="", info="")
[21:24:29.581]  
[21:24:29.581]  <debugvars>
[21:24:29.581]    // Pre-defined
[21:24:29.581]    __protocol=0x00010002      (Protocol="SWD", SWJ-DP="True")
[21:24:29.581]    __connection=0x00000202    (Connection Type="Flash", Reset Type="System Reset")
[21:24:29.581]    __dp=0x00000000
[21:24:29.582]    __ap=0x00000000
[21:24:29.582]    __traceout=0x00000000      (Trace Disabled)
[21:24:29.582]    __errorcontrol=0x00000000  (Skip Errors="False")
[21:24:29.582]    __FlashAddr=0x00000000
[21:24:29.582]    __FlashLen=0x00000000
[21:24:29.582]    __FlashArg=0x00000000
[21:24:29.582]    __FlashOp=0x00000000
[21:24:29.582]    __Result=0x00000000
[21:24:29.582]  </debugvars>
[21:24:29.582]  
[21:24:29.582]  <sequence name="DebugPortStart" Pname="" disable="false" info="">
[21:24:29.582]    <block atomic="false" info="">
[21:24:29.582]      __var SW_DP_ABORT       = 0x0;
[21:24:29.582]        // -> [SW_DP_ABORT <= 0x00000000]
[21:24:29.582]      __var DP_CTRL_STAT      = 0x4;
[21:24:29.582]        // -> [DP_CTRL_STAT <= 0x00000004]
[21:24:29.584]      __var DP_SELECT         = 0x8;
[21:24:29.584]        // -> [DP_SELECT <= 0x00000008]
[21:24:29.584]      __var powered_down      = 0;
[21:24:29.584]        // -> [powered_down <= 0x00000000]
[21:24:29.584]      WriteDP(DP_SELECT, 0x00000000);
[21:24:29.586]        // -> [WriteDP(0x00000008, 0x00000000)]   (__dp=0x00000000)
[21:24:29.586]      powered_down = ((ReadDP(DP_CTRL_STAT) & 0xA0000000) != 0xA0000000);
[21:24:29.588]        // -> [ReadDP(0x00000004) => 0x00000040]   (__dp=0x00000000)
[21:24:29.588]        // -> [powered_down <= 0x00000001]
[21:24:29.589]    </block>
[21:24:29.589]    <control if="powered_down" while="" timeout="0" info="">
[21:24:29.589]      // if-block "powered_down"
[21:24:29.589]        // =>  TRUE
[21:24:29.589]      <block atomic="false" info="">
[21:24:29.589]        Message(0, "Debug/System power-up request sent");
[21:24:29.592]        WriteDP(DP_CTRL_STAT, 0x50000000);
[21:24:29.593]          // -> [WriteDP(0x00000004, 0x50000000)]   (__dp=0x00000000)
[21:24:29.593]      </block>
[21:24:29.594]      <control if="" while="(ReadDP(DP_CTRL_STAT) & 0xA0000000) != 0xA0000000" timeout="1000000" info="">
[21:24:29.594]        // while "(ReadDP(DP_CTRL_STAT) & 0xA0000000) != 0xA0000000"  (timeout="1000000")
[21:24:29.596]          // -> [ReadDP(0x00000004) => 0xF0000040]   (__dp=0x00000000)
[21:24:29.596]        // while-condition  =>  FALSE
[21:24:29.596]        // end while "(ReadDP(DP_CTRL_STAT) & 0xA0000000) != 0xA0000000"
[21:24:29.597]      </control>
[21:24:29.597]      <control if="(__protocol & 0xFFFF) == 1" while="" timeout="0" info="">
[21:24:29.597]        // if-block "(__protocol & 0xFFFF) == 1"
[21:24:29.597]          // =>  FALSE
[21:24:29.597]        // skip if-block "(__protocol & 0xFFFF) == 1"
[21:24:29.597]      </control>
[21:24:29.597]      <control if="(__protocol & 0xFFFF) == 2" while="" timeout="0" info="">
[21:24:29.597]        // if-block "(__protocol & 0xFFFF) == 2"
[21:24:29.597]          // =>  TRUE
[21:24:29.597]        <block atomic="false" info="">
[21:24:29.597]          Message(0, "executing SWD power up");
[21:24:29.600]          WriteDP(DP_CTRL_STAT, 0x50000F00);
[21:24:29.603]            // -> [WriteDP(0x00000004, 0x50000F00)]   (__dp=0x00000000)
[21:24:29.603]          WriteDP(SW_DP_ABORT, 0x0000001E);
[21:24:29.605]            // -> [WriteDP(0x00000000, 0x0000001E)]   (__dp=0x00000000)
[21:24:29.605]        </block>
[21:24:29.605]        // end if-block "(__protocol & 0xFFFF) == 2"
[21:24:29.605]      </control>
[21:24:29.606]      // end if-block "powered_down"
[21:24:29.606]    </control>
[21:24:29.606]    <block atomic="false" info="">
[21:24:29.606]      __var DEBUG_PORT_VAL    = 0;
[21:24:29.606]        // -> [DEBUG_PORT_VAL <= 0x00000000]
[21:24:29.606]      __var ACCESS_POINT_VAL  = 0;
[21:24:29.606]        // -> [ACCESS_POINT_VAL <= 0x00000000]
[21:24:29.606]      __ap = 1; 
[21:24:29.607]        // -> [__ap <= 0x00000001]
[21:24:29.607]      WriteAP(0x0C, 0x04); //lets use the mini pwr-ap as backup
[21:24:29.611]        // -> [WriteAP(0x0000000C, 0x00000004)]   (__dp=0x00000000, __ap=0x00000001)
[21:24:29.612]      __ap = 4;
[21:24:29.612]        // -> [__ap <= 0x00000004]
[21:24:29.612]      ACCESS_POINT_VAL = ReadAP(0x00);//Reading current state of access point
[21:24:29.617]        // -> [ReadAP(0x00000000) => 0x00080027]   (__dp=0x00000000, __ap=0x00000004)
[21:24:29.617]        // -> [ACCESS_POINT_VAL <= 0x00080027]
[21:24:29.617]      Message(0, "Current state of access point is: %x",ACCESS_POINT_VAL);
[21:24:29.620]    </block>
[21:24:29.620]    <block atomic="false" info="">
[21:24:29.620]      __var nReset = 0x80;
[21:24:29.620]        // -> [nReset <= 0x00000080]
[21:24:29.620]      __var canReadPins = 0;
[21:24:29.620]        // -> [canReadPins <= 0x00000000]
[21:24:29.620]      canReadPins = (DAP_SWJ_Pins(0x00, nReset, 0) != 0xFFFFFFFF);
[21:24:29.622]        // -> [DAP_SWJ_Pins(0x00, 0x80, 0) => 0x0F]   (Out: nRESET=0  =>  In: SWCLK/TCK=1, SWDIO/TMS=1, TDI=1, TDO=1, nTRST=0, nRESET=0)
[21:24:29.622]        // -> [canReadPins <= 0x00000001]
[21:24:29.622]    </block>
[21:24:29.622]    <control if="" while="1" timeout="200" info="">
[21:24:29.622]      // while "1"  (timeout="200")
[21:24:29.623]      // while-condition  =>  TRUE
[21:24:29.623]      // while "1"  (timeout="200")
[21:24:29.623]      // while-condition  =>  TRUE
[21:24:29.624]      // while "1"  (timeout="200")
[21:24:29.624]      // while-condition  =>  TRUE
[21:24:29.624]      // while "1"  (timeout="200")
[21:24:29.624]      // while-condition  =>  TRUE
[21:24:29.624]      // while "1"  (timeout="200")
[21:24:29.624]      // while-condition  =>  TRUE
[21:24:29.624]      // while "1"  (timeout="200")
[21:24:29.625]      // while-condition  =>  TRUE
[21:24:29.625]      // while "1"  (timeout="200")
[21:24:29.625]      // while-condition  =>  TRUE
[21:24:29.625]      // while "1"  (timeout="200")
[21:24:29.625]      // while-condition  =>  TRUE
[21:24:29.625]      // while "1"  (timeout="200")
[21:24:29.625]      // while-condition  =>  TRUE
[21:24:29.625]      // while "1"  (timeout="200")
[21:24:29.625]      // while-condition  =>  TRUE
[21:24:29.626]      // while "1"  (timeout="200")
[21:24:29.626]      // while-condition  =>  TRUE
[21:24:29.626]      // while "1"  (timeout="200")
[21:24:29.626]      // while-condition  =>  TRUE
[21:24:29.626]      // while "1"  (timeout="200")
[21:24:29.626]      // while-condition  =>  TRUE
[21:24:29.626]      // while "1"  (timeout="200")
[21:24:29.627]      // while-condition  =>  TRUE
[21:24:29.627]      // while "1"  (timeout="200")
[21:24:29.627]      // while-condition  =>  TRUE
[21:24:29.627]      // while "1"  (timeout="200")
[21:24:29.627]      // while-condition  =>  TRUE
[21:24:29.627]      // while "1"  (timeout="200")
[21:24:29.627]      // while-condition  =>  TRUE
[21:24:29.627]      // while "1"  (timeout="200")
[21:24:29.627]      // while-condition  =>  TRUE
[21:24:29.627]      // while "1"  (timeout="200")
[21:24:29.627]      // while-condition  =>  TRUE
[21:24:29.628]      // while "1"  (timeout="200")
[21:24:29.628]      // while-condition  =>  TRUE
[21:24:29.628]      // while "1"  (timeout="200")
[21:24:29.628]      // while-condition  =>  TRUE
[21:24:29.628]      // while "1"  (timeout="200")
[21:24:29.628]      // while-condition  =>  TRUE
[21:24:29.628]      // while "1"  (timeout="200")
[21:24:29.628]      // while-condition  =>  TRUE
[21:24:29.628]      // while "1"  (timeout="200")
[21:24:29.628]      // while-condition  =>  TRUE
[21:24:29.629]      // while "1"  (timeout="200")
[21:24:29.629]      // while-condition  =>  TRUE
[21:24:29.629]      // while "1"  (timeout="200")
[21:24:29.629]      // while-condition  =>  TRUE
[21:24:29.629]      // while "1"  (timeout="200")
[21:24:29.629]      // while-condition  =>  TRUE
[21:24:29.629]      // while "1"  (timeout="200")
[21:24:29.629]      // while-condition  =>  TRUE
[21:24:29.629]      // while "1"  (timeout="200")
[21:24:29.630]      // while-condition  =>  TRUE
[21:24:29.630]      // while "1"  (timeout="200")
[21:24:29.630]      // while-condition  =>  TRUE
[21:24:29.630]      // while "1"  (timeout="200")
[21:24:29.630]      // while-condition  =>  TRUE
[21:24:29.630]      // while "1"  (timeout="200")
[21:24:29.630]      // while-condition  =>  TRUE
[21:24:29.630]      // while "1"  (timeout="200")
[21:24:29.630]      // while-condition  =>  TRUE
[21:24:29.630]      // while "1"  (timeout="200")
[21:24:29.630]      // while-condition  =>  TRUE
[21:24:29.630]      // while "1"  (timeout="200")
[21:24:29.630]      // while-condition  =>  TRUE
[21:24:29.630]      // while "1"  (timeout="200")
[21:24:29.631]      // while-condition  =>  TRUE
[21:24:29.631]      // while "1"  (timeout="200")
[21:24:29.631]      // while-condition  =>  TRUE
[21:24:29.631]      // while "1"  (timeout="200")
[21:24:29.631]      // while-condition  =>  TRUE
[21:24:29.631]      // while "1"  (timeout="200")
[21:24:29.631]      // while-condition  =>  TRUE
[21:24:29.631]      // while "1"  (timeout="200")
[21:24:29.631]      // while-condition  =>  TRUE
[21:24:29.631]      // while "1"  (timeout="200")
[21:24:29.632]      // while-condition  =>  TRUE
[21:24:29.632]      // while "1"  (timeout="200")
[21:24:29.632]      // while-condition  =>  TRUE
[21:24:29.632]      // while "1"  (timeout="200")
[21:24:29.632]      // while-condition  =>  TRUE
[21:24:29.632]      // while "1"  (timeout="200")
[21:24:29.632]      // while-condition  =>  TRUE
[21:24:29.632]      // while "1"  (timeout="200")
[21:24:29.632]      // while-condition  =>  TRUE
[21:24:29.632]      // while "1"  (timeout="200")
[21:24:29.632]      // while-condition  =>  TRUE
[21:24:29.632]      // while "1"  (timeout="200")
[21:24:29.632]      // while-condition  =>  TRUE
[21:24:29.633]      // while "1"  (timeout="200")
[21:24:29.633]      // while-condition  =>  TRUE
[21:24:29.633]      // while "1"  (timeout="200")
[21:24:29.633]      // while-condition  =>  TRUE
[21:24:29.633]      // while "1"  (timeout="200")
[21:24:29.634]      // while-condition  =>  TRUE
[21:24:29.634]      // while "1"  (timeout="200")
[21:24:29.634]      // while-condition  =>  TRUE
[21:24:29.634]      // while "1"  (timeout="200")
[21:24:29.634]      // while-condition  =>  TRUE
[21:24:29.634]      // while "1"  (timeout="200")
[21:24:29.634]      // while  =>  TIMEOUT
[21:24:29.634]      // end while "1"
[21:24:29.634]    </control>
[21:24:29.634]    <control if="canReadPins" while="" timeout="0" info="">
[21:24:29.634]      // if-block "canReadPins"
[21:24:29.634]        // =>  TRUE
[21:24:29.635]      <control if="" while="(DAP_SWJ_Pins(nReset, nReset, 0) & nReset) == 0" timeout="1000000" info="">
[21:24:29.635]        // while "(DAP_SWJ_Pins(nReset, nReset, 0) & nReset) == 0"  (timeout="1000000")
[21:24:29.637]          // -> [DAP_SWJ_Pins(0x80, 0x80, 0) => 0x8F]   (Out: nRESET=1  =>  In: SWCLK/TCK=1, SWDIO/TMS=1, TDI=1, TDO=1, nTRST=0, nRESET=1)
[21:24:29.637]        // while-condition  =>  FALSE
[21:24:29.637]        // end while "(DAP_SWJ_Pins(nReset, nReset, 0) & nReset) == 0"
[21:24:29.638]      </control>
[21:24:29.638]      // end if-block "canReadPins"
[21:24:29.638]    </control>
[21:24:29.638]    <control if="!canReadPins" while="" timeout="0" info="">
[21:24:29.638]      // if-block "!canReadPins"
[21:24:29.638]        // =>  FALSE
[21:24:29.638]      // skip if-block "!canReadPins"
[21:24:29.638]    </control>
[21:24:29.638]    <control if="(ACCESS_POINT_VAL & 0x00E00000) == 0" while="" timeout="0" info="">
[21:24:29.638]      // if-block "(ACCESS_POINT_VAL & 0x00E00000) == 0"
[21:24:29.639]        // =>  TRUE
[21:24:29.639]      <block atomic="false" info="">
[21:24:29.639]        WriteAP(0x00, 0x190008);
[21:24:29.643]          // -> [WriteAP(0x00000000, 0x00190008)]   (__dp=0x00000000, __ap=0x00000004)
[21:24:29.643]        WriteAP(0xF0, 0x01);
[21:24:29.647]          // -> [WriteAP(0x000000F0, 0x00000001)]   (__dp=0x00000000, __ap=0x00000004)
[21:24:29.647]      </block>
[21:24:29.647]      // end if-block "(ACCESS_POINT_VAL & 0x00E00000) == 0"
[21:24:29.647]    </control>
[21:24:29.647]    <control if="(ACCESS_POINT_VAL & 0x00E00000) != 0" while="" timeout="0" info="">
[21:24:29.647]      // if-block "(ACCESS_POINT_VAL & 0x00E00000) != 0"
[21:24:29.647]        // =>  FALSE
[21:24:29.647]      // skip if-block "(ACCESS_POINT_VAL & 0x00E00000) != 0"
[21:24:29.648]    </control>
[21:24:29.648]    <block atomic="false" info="">
[21:24:29.648]      ACCESS_POINT_VAL = ReadAP(0x00);//Reading current state of access point
[21:24:29.652]        // -> [ReadAP(0x00000000) => 0x0079002F]   (__dp=0x00000000, __ap=0x00000004)
[21:24:29.652]        // -> [ACCESS_POINT_VAL <= 0x0079002F]
[21:24:29.652]      Message(0, "Current state of access point is: %x",ACCESS_POINT_VAL);
[21:24:29.655]      __ap = 0; //lets make sure we reset the access point selection
[21:24:29.655]        // -> [__ap <= 0x00000000]
[21:24:29.655]    </block>
[21:24:29.655]  </sequence>
[21:24:29.655]  
[21:24:29.678]  **********  Sequence "DebugDeviceUnlock"  (Context="Connect", Pname="", info="")
[21:24:29.678]  
[21:24:29.679]  <debugvars>
[21:24:29.679]    // Pre-defined
[21:24:29.679]    __protocol=0x00010002      (Protocol="SWD", SWJ-DP="True")
[21:24:29.679]    __connection=0x00000202    (Connection Type="Flash", Reset Type="System Reset")
[21:24:29.679]    __dp=0x00000000
[21:24:29.679]    __ap=0x00000000
[21:24:29.679]    __traceout=0x00000000      (Trace Disabled)
[21:24:29.679]    __errorcontrol=0x00000000  (Skip Errors="False")
[21:24:29.679]    __FlashAddr=0x00000000
[21:24:29.679]    __FlashLen=0x00000000
[21:24:29.679]    __FlashArg=0x00000000
[21:24:29.679]    __FlashOp=0x00000000
[21:24:29.680]    __Result=0x00000000
[21:24:29.680]  </debugvars>
[21:24:29.680]  
[21:24:29.680]  <sequence name="DebugDeviceUnlock" Pname="" disable="false" info="">
[21:24:29.680]    <block atomic="false" info="">
[21:24:29.680]      __var deviceID = 0;
[21:24:29.680]        // -> [deviceID <= 0x00000000]
[21:24:29.680]      __var version = 0;
[21:24:29.680]        // -> [version <= 0x00000000]
[21:24:29.680]      __var partNum = 0;
[21:24:29.680]        // -> [partNum <= 0x00000000]
[21:24:29.680]      __var manuf = 0;
[21:24:29.680]        // -> [manuf <= 0x00000000]
[21:24:29.680]      __var isMSPM0G1X0X_G3X0X = 0;
[21:24:29.681]        // -> [isMSPM0G1X0X_G3X0X <= 0x00000000]
[21:24:29.681]      __var isProduction = 0;
[21:24:29.681]        // -> [isProduction <= 0x00000000]
[21:24:29.681]      __var continueId = 0;
[21:24:29.681]        // -> [continueId <= 0x00000000]
[21:24:29.681]      deviceID =   Read32(0x41C40004);
[21:24:29.687]        // -> [Read32(0x41C40004) => 0x2BB8802F]   (__dp=0x00000000, __ap=0x00000000)
[21:24:29.687]        // -> [deviceID <= 0x2BB8802F]
[21:24:29.687]      version = deviceID >> 28;
[21:24:29.687]        // -> [version <= 0x00000002]
[21:24:29.687]      partNum = (deviceID & 0x0FFFF000) >> 12;
[21:24:29.687]        // -> [partNum <= 0x0000BB88]
[21:24:29.688]      manuf = (deviceID & 0x00000FFE) >> 1;
[21:24:29.688]        // -> [manuf <= 0x00000017]
[21:24:29.688]      isMSPM0G1X0X_G3X0X = (partNum == 0xBB88) && (manuf == 0x17);
[21:24:29.688]        // -> [isMSPM0G1X0X_G3X0X <= 0x00000001]
[21:24:29.688]      isProduction = (version > 0);
[21:24:29.688]        // -> [isProduction <= 0x00000001]
[21:24:29.688]    </block>
[21:24:29.688]    <control if="!isMSPM0G1X0X_G3X0X" while="" timeout="0" info="">
[21:24:29.688]      // if-block "!isMSPM0G1X0X_G3X0X"
[21:24:29.689]        // =>  FALSE
[21:24:29.689]      // skip if-block "!isMSPM0G1X0X_G3X0X"
[21:24:29.689]    </control>
[21:24:29.689]    <control if="continueId == 4" while="" timeout="0" info="">
[21:24:29.689]      // if-block "continueId == 4"
[21:24:29.689]        // =>  FALSE
[21:24:29.689]      // skip if-block "continueId == 4"
[21:24:29.689]    </control>
[21:24:29.689]    <control if="!isProduction" while="" timeout="0" info="">
[21:24:29.689]      // if-block "!isProduction"
[21:24:29.690]        // =>  FALSE
[21:24:29.690]      // skip if-block "!isProduction"
[21:24:29.690]    </control>
[21:24:29.690]  </sequence>
[21:24:29.690]  
[21:33:57.796]  **********  Sequence "DebugPortSetup"  (Context="Connect", Pname="", info="")
[21:33:57.796]  
[21:33:57.796]  <debugvars>
[21:33:57.796]    // Pre-defined
[21:33:57.796]    __protocol=0x00010002      (Protocol="SWD", SWJ-DP="True")
[21:33:57.797]    __connection=0x00000202    (Connection Type="Flash", Reset Type="System Reset")
[21:33:57.797]    __dp=0x00000000
[21:33:57.797]    __ap=0x00000000
[21:33:57.797]    __traceout=0x00000000      (Trace Disabled)
[21:33:57.797]    __errorcontrol=0x00000000  (Skip Errors="False")
[21:33:57.797]    __FlashAddr=0x00000000
[21:33:57.797]    __FlashLen=0x00000000
[21:33:57.797]    __FlashArg=0x00000000
[21:33:57.797]    __FlashOp=0x00000000
[21:33:57.797]    __Result=0x00000000
[21:33:57.797]  </debugvars>
[21:33:57.797]  
[21:33:57.798]  <sequence name="DebugPortSetup" Pname="" disable="false" info="">
[21:33:57.798]    <block atomic="false" info="">
[21:33:57.798]      __var isSWJ      = ((__protocol & 0x00010000) != 0);
[21:33:57.798]        // -> [isSWJ <= 0x00000001]
[21:33:57.798]      __var hasDormant = __protocol & 0x00020000;
[21:33:57.798]        // -> [hasDormant <= 0x00000000]
[21:33:57.798]      __var protType   = __protocol & 0x0000FFFF;
[21:33:57.798]        // -> [protType <= 0x00000002]
[21:33:57.798]    </block>
[21:33:57.798]    <control if="protType == 1" while="" timeout="0" info="">
[21:33:57.798]      // if-block "protType == 1"
[21:33:57.798]        // =>  FALSE
[21:33:57.798]      // skip if-block "protType == 1"
[21:33:57.798]    </control>
[21:33:57.799]    <control if="protType == 2" while="" timeout="0" info="">
[21:33:57.799]      // if-block "protType == 2"
[21:33:57.799]        // =>  TRUE
[21:33:57.799]      <control if="isSWJ" while="" timeout="0" info="">
[21:33:57.799]        // if-block "isSWJ"
[21:33:57.799]          // =>  TRUE
[21:33:57.799]        <control if="hasDormant" while="" timeout="0" info="">
[21:33:57.799]          // if-block "hasDormant"
[21:33:57.799]            // =>  FALSE
[21:33:57.799]          // skip if-block "hasDormant"
[21:33:57.800]        </control>
[21:33:57.800]        <control if="!hasDormant" while="" timeout="0" info="">
[21:33:57.800]          // if-block "!hasDormant"
[21:33:57.800]            // =>  TRUE
[21:33:57.800]          <block atomic="false" info="">
[21:33:57.800]            DAP_SWJ_Sequence(51, 0x0007FFFFFFFFFFFF); //lets put the JTAG line in a reset state
[21:33:57.802]              // -> [DAP_SWJ_Sequence(51, 0x0007FFFFFFFFFFFF)]
[21:33:57.802]            DAP_SWJ_Sequence(16,0xE73C); //SWD to JTAG, this is to ensure the state machine is initialized
[21:33:57.804]              // -> [DAP_SWJ_Sequence(16, 0x000000000000E73C)]
[21:33:57.804]            DAP_SWJ_Sequence(51, 0x0007FFFFFFFFFFFF); //Put it back in reset
[21:33:57.808]              // -> [DAP_SWJ_Sequence(51, 0x0007FFFFFFFFFFFF)]
[21:33:57.808]            DAP_SWJ_Sequence(16, 0xE79E); //JTAG to SWD switch
[21:33:57.810]              // -> [DAP_SWJ_Sequence(16, 0x000000000000E79E)]
[21:33:57.810]            DAP_SWJ_Sequence(51, 0x0007FFFFFFFFFFFF);  //Ensure the switch is successful 
[21:33:57.812]              // -> [DAP_SWJ_Sequence(51, 0x0007FFFFFFFFFFFF)]
[21:33:57.812]            DAP_SWJ_Sequence(7,  0x00); //Give the line some time to initialize
[21:33:57.814]              // -> [DAP_SWJ_Sequence(7, 0x0000000000000000)]
[21:33:57.814]          </block>
[21:33:57.814]          // end if-block "!hasDormant"
[21:33:57.815]        </control>
[21:33:57.815]        // end if-block "isSWJ"
[21:33:57.815]      </control>
[21:33:57.815]      <control if="!isSWJ" while="" timeout="0" info="">
[21:33:57.815]        // if-block "!isSWJ"
[21:33:57.815]          // =>  FALSE
[21:33:57.815]        // skip if-block "!isSWJ"
[21:33:57.815]      </control>
[21:33:57.815]      <block atomic="false" info="">
[21:33:57.815]        ReadDP(0x0);
[21:33:57.817]          // -> [ReadDP(0x00000000) => 0x6BA02477]   (__dp=0x00000000)
[21:33:57.817]      </block>
[21:33:57.818]      // end if-block "protType == 2"
[21:33:57.818]    </control>
[21:33:57.818]  </sequence>
[21:33:57.818]  
[21:33:57.822]  **********  Sequence "DebugPortStart"  (Context="Connect", Pname="", info="")
[21:33:57.822]  
[21:33:57.822]  <debugvars>
[21:33:57.822]    // Pre-defined
[21:33:57.823]    __protocol=0x00010002      (Protocol="SWD", SWJ-DP="True")
[21:33:57.823]    __connection=0x00000202    (Connection Type="Flash", Reset Type="System Reset")
[21:33:57.823]    __dp=0x00000000
[21:33:57.823]    __ap=0x00000000
[21:33:57.823]    __traceout=0x00000000      (Trace Disabled)
[21:33:57.823]    __errorcontrol=0x00000000  (Skip Errors="False")
[21:33:57.823]    __FlashAddr=0x00000000
[21:33:57.823]    __FlashLen=0x00000000
[21:33:57.823]    __FlashArg=0x00000000
[21:33:57.823]    __FlashOp=0x00000000
[21:33:57.823]    __Result=0x00000000
[21:33:57.824]  </debugvars>
[21:33:57.824]  
[21:33:57.824]  <sequence name="DebugPortStart" Pname="" disable="false" info="">
[21:33:57.824]    <block atomic="false" info="">
[21:33:57.824]      __var SW_DP_ABORT       = 0x0;
[21:33:57.824]        // -> [SW_DP_ABORT <= 0x00000000]
[21:33:57.824]      __var DP_CTRL_STAT      = 0x4;
[21:33:57.824]        // -> [DP_CTRL_STAT <= 0x00000004]
[21:33:57.824]      __var DP_SELECT         = 0x8;
[21:33:57.824]        // -> [DP_SELECT <= 0x00000008]
[21:33:57.825]      __var powered_down      = 0;
[21:33:57.825]        // -> [powered_down <= 0x00000000]
[21:33:57.825]      WriteDP(DP_SELECT, 0x00000000);
[21:33:57.828]        // -> [WriteDP(0x00000008, 0x00000000)]   (__dp=0x00000000)
[21:33:57.828]      powered_down = ((ReadDP(DP_CTRL_STAT) & 0xA0000000) != 0xA0000000);
[21:33:57.830]        // -> [ReadDP(0x00000004) => 0x00000040]   (__dp=0x00000000)
[21:33:57.830]        // -> [powered_down <= 0x00000001]
[21:33:57.830]    </block>
[21:33:57.830]    <control if="powered_down" while="" timeout="0" info="">
[21:33:57.830]      // if-block "powered_down"
[21:33:57.830]        // =>  TRUE
[21:33:57.831]      <block atomic="false" info="">
[21:33:57.831]        Message(0, "Debug/System power-up request sent");
[21:33:57.833]        WriteDP(DP_CTRL_STAT, 0x50000000);
[21:33:57.835]          // -> [WriteDP(0x00000004, 0x50000000)]   (__dp=0x00000000)
[21:33:57.835]      </block>
[21:33:57.835]      <control if="" while="(ReadDP(DP_CTRL_STAT) & 0xA0000000) != 0xA0000000" timeout="1000000" info="">
[21:33:57.835]        // while "(ReadDP(DP_CTRL_STAT) & 0xA0000000) != 0xA0000000"  (timeout="1000000")
[21:33:57.838]          // -> [ReadDP(0x00000004) => 0xF0000040]   (__dp=0x00000000)
[21:33:57.838]        // while-condition  =>  FALSE
[21:33:57.838]        // end while "(ReadDP(DP_CTRL_STAT) & 0xA0000000) != 0xA0000000"
[21:33:57.838]      </control>
[21:33:57.838]      <control if="(__protocol & 0xFFFF) == 1" while="" timeout="0" info="">
[21:33:57.838]        // if-block "(__protocol & 0xFFFF) == 1"
[21:33:57.838]          // =>  FALSE
[21:33:57.839]        // skip if-block "(__protocol & 0xFFFF) == 1"
[21:33:57.839]      </control>
[21:33:57.839]      <control if="(__protocol & 0xFFFF) == 2" while="" timeout="0" info="">
[21:33:57.839]        // if-block "(__protocol & 0xFFFF) == 2"
[21:33:57.839]          // =>  TRUE
[21:33:57.839]        <block atomic="false" info="">
[21:33:57.839]          Message(0, "executing SWD power up");
[21:33:57.841]          WriteDP(DP_CTRL_STAT, 0x50000F00);
[21:33:57.842]            // -> [WriteDP(0x00000004, 0x50000F00)]   (__dp=0x00000000)
[21:33:57.844]          WriteDP(SW_DP_ABORT, 0x0000001E);
[21:33:57.845]            // -> [WriteDP(0x00000000, 0x0000001E)]   (__dp=0x00000000)
[21:33:57.846]        </block>
[21:33:57.846]        // end if-block "(__protocol & 0xFFFF) == 2"
[21:33:57.846]      </control>
[21:33:57.846]      // end if-block "powered_down"
[21:33:57.846]    </control>
[21:33:57.846]    <block atomic="false" info="">
[21:33:57.846]      __var DEBUG_PORT_VAL    = 0;
[21:33:57.846]        // -> [DEBUG_PORT_VAL <= 0x00000000]
[21:33:57.846]      __var ACCESS_POINT_VAL  = 0;
[21:33:57.846]        // -> [ACCESS_POINT_VAL <= 0x00000000]
[21:33:57.847]      __ap = 1; 
[21:33:57.847]        // -> [__ap <= 0x00000001]
[21:33:57.847]      WriteAP(0x0C, 0x04); //lets use the mini pwr-ap as backup
[21:33:57.850]        // -> [WriteAP(0x0000000C, 0x00000004)]   (__dp=0x00000000, __ap=0x00000001)
[21:33:57.851]      __ap = 4;
[21:33:57.851]        // -> [__ap <= 0x00000004]
[21:33:57.851]      ACCESS_POINT_VAL = ReadAP(0x00);//Reading current state of access point
[21:33:57.854]        // -> [ReadAP(0x00000000) => 0x00080027]   (__dp=0x00000000, __ap=0x00000004)
[21:33:57.854]        // -> [ACCESS_POINT_VAL <= 0x00080027]
[21:33:57.855]      Message(0, "Current state of access point is: %x",ACCESS_POINT_VAL);
[21:33:57.856]    </block>
[21:33:57.856]    <block atomic="false" info="">
[21:33:57.856]      __var nReset = 0x80;
[21:33:57.856]        // -> [nReset <= 0x00000080]
[21:33:57.856]      __var canReadPins = 0;
[21:33:57.856]        // -> [canReadPins <= 0x00000000]
[21:33:57.856]      canReadPins = (DAP_SWJ_Pins(0x00, nReset, 0) != 0xFFFFFFFF);
[21:33:57.858]        // -> [DAP_SWJ_Pins(0x00, 0x80, 0) => 0x0F]   (Out: nRESET=0  =>  In: SWCLK/TCK=1, SWDIO/TMS=1, TDI=1, TDO=1, nTRST=0, nRESET=0)
[21:33:57.858]        // -> [canReadPins <= 0x00000001]
[21:33:57.858]    </block>
[21:33:57.859]    <control if="" while="1" timeout="200" info="">
[21:33:57.859]      // while "1"  (timeout="200")
[21:33:57.859]      // while-condition  =>  TRUE
[21:33:57.859]      // while "1"  (timeout="200")
[21:33:57.859]      // while-condition  =>  TRUE
[21:33:57.859]      // while "1"  (timeout="200")
[21:33:57.859]      // while-condition  =>  TRUE
[21:33:57.859]      // while "1"  (timeout="200")
[21:33:57.859]      // while-condition  =>  TRUE
[21:33:57.859]      // while "1"  (timeout="200")
[21:33:57.859]      // while-condition  =>  TRUE
[21:33:57.859]      // while "1"  (timeout="200")
[21:33:57.859]      // while-condition  =>  TRUE
[21:33:57.859]      // while "1"  (timeout="200")
[21:33:57.859]      // while-condition  =>  TRUE
[21:33:57.859]      // while "1"  (timeout="200")
[21:33:57.860]      // while-condition  =>  TRUE
[21:33:57.860]      // while "1"  (timeout="200")
[21:33:57.860]      // while-condition  =>  TRUE
[21:33:57.860]      // while "1"  (timeout="200")
[21:33:57.860]      // while-condition  =>  TRUE
[21:33:57.860]      // while "1"  (timeout="200")
[21:33:57.860]      // while-condition  =>  TRUE
[21:33:57.860]      // while "1"  (timeout="200")
[21:33:57.860]      // while-condition  =>  TRUE
[21:33:57.860]      // while "1"  (timeout="200")
[21:33:57.860]      // while-condition  =>  TRUE
[21:33:57.860]      // while "1"  (timeout="200")
[21:33:57.860]      // while-condition  =>  TRUE
[21:33:57.860]      // while "1"  (timeout="200")
[21:33:57.861]      // while-condition  =>  TRUE
[21:33:57.861]      // while "1"  (timeout="200")
[21:33:57.861]      // while-condition  =>  TRUE
[21:33:57.861]      // while "1"  (timeout="200")
[21:33:57.861]      // while-condition  =>  TRUE
[21:33:57.861]      // while "1"  (timeout="200")
[21:33:57.861]      // while-condition  =>  TRUE
[21:33:57.861]      // while "1"  (timeout="200")
[21:33:57.861]      // while-condition  =>  TRUE
[21:33:57.861]      // while "1"  (timeout="200")
[21:33:57.861]      // while-condition  =>  TRUE
[21:33:57.861]      // while "1"  (timeout="200")
[21:33:57.861]      // while-condition  =>  TRUE
[21:33:57.861]      // while "1"  (timeout="200")
[21:33:57.861]      // while-condition  =>  TRUE
[21:33:57.861]      // while "1"  (timeout="200")
[21:33:57.861]      // while-condition  =>  TRUE
[21:33:57.861]      // while "1"  (timeout="200")
[21:33:57.862]      // while-condition  =>  TRUE
[21:33:57.862]      // while "1"  (timeout="200")
[21:33:57.862]      // while-condition  =>  TRUE
[21:33:57.862]      // while "1"  (timeout="200")
[21:33:57.862]      // while-condition  =>  TRUE
[21:33:57.862]      // while "1"  (timeout="200")
[21:33:57.862]      // while-condition  =>  TRUE
[21:33:57.862]      // while "1"  (timeout="200")
[21:33:57.862]      // while-condition  =>  TRUE
[21:33:57.862]      // while "1"  (timeout="200")
[21:33:57.862]      // while-condition  =>  TRUE
[21:33:57.862]      // while "1"  (timeout="200")
[21:33:57.862]      // while-condition  =>  TRUE
[21:33:57.863]      // while "1"  (timeout="200")
[21:33:57.863]      // while-condition  =>  TRUE
[21:33:57.863]      // while "1"  (timeout="200")
[21:33:57.863]      // while-condition  =>  TRUE
[21:33:57.863]      // while "1"  (timeout="200")
[21:33:57.863]      // while-condition  =>  TRUE
[21:33:57.863]      // while "1"  (timeout="200")
[21:33:57.863]      // while-condition  =>  TRUE
[21:33:57.863]      // while "1"  (timeout="200")
[21:33:57.863]      // while-condition  =>  TRUE
[21:33:57.863]      // while "1"  (timeout="200")
[21:33:57.863]      // while-condition  =>  TRUE
[21:33:57.864]      // while "1"  (timeout="200")
[21:33:57.864]      // while-condition  =>  TRUE
[21:33:57.864]      // while "1"  (timeout="200")
[21:33:57.864]      // while-condition  =>  TRUE
[21:33:57.864]      // while "1"  (timeout="200")
[21:33:57.864]      // while-condition  =>  TRUE
[21:33:57.864]      // while "1"  (timeout="200")
[21:33:57.864]      // while-condition  =>  TRUE
[21:33:57.864]      // while "1"  (timeout="200")
[21:33:57.864]      // while-condition  =>  TRUE
[21:33:57.864]      // while "1"  (timeout="200")
[21:33:57.864]      // while-condition  =>  TRUE
[21:33:57.864]      // while "1"  (timeout="200")
[21:33:57.864]      // while-condition  =>  TRUE
[21:33:57.864]      // while "1"  (timeout="200")
[21:33:57.864]      // while-condition  =>  TRUE
[21:33:57.865]      // while "1"  (timeout="200")
[21:33:57.865]      // while-condition  =>  TRUE
[21:33:57.865]      // while "1"  (timeout="200")
[21:33:57.865]      // while-condition  =>  TRUE
[21:33:57.865]      // while "1"  (timeout="200")
[21:33:57.865]      // while-condition  =>  TRUE
[21:33:57.865]      // while "1"  (timeout="200")
[21:33:57.866]      // while-condition  =>  TRUE
[21:33:57.866]      // while "1"  (timeout="200")
[21:33:57.870]      // while-condition  =>  TRUE
[21:33:57.870]      // while "1"  (timeout="200")
[21:33:57.870]      // while-condition  =>  TRUE
[21:33:57.871]      // while "1"  (timeout="200")
[21:33:57.871]      // while-condition  =>  TRUE
[21:33:57.871]      // while "1"  (timeout="200")
[21:33:57.871]      // while-condition  =>  TRUE
[21:33:57.871]      // while "1"  (timeout="200")
[21:33:57.871]      // while-condition  =>  TRUE
[21:33:57.871]      // while "1"  (timeout="200")
[21:33:57.871]      // while-condition  =>  TRUE
[21:33:57.871]      // while "1"  (timeout="200")
[21:33:57.871]      // while-condition  =>  TRUE
[21:33:57.871]      // while "1"  (timeout="200")
[21:33:57.872]      // while-condition  =>  TRUE
[21:33:57.872]      // while "1"  (timeout="200")
[21:33:57.872]      // while-condition  =>  TRUE
[21:33:57.872]      // while "1"  (timeout="200")
[21:33:57.872]      // while-condition  =>  TRUE
[21:33:57.872]      // while "1"  (timeout="200")
[21:33:57.872]      // while-condition  =>  TRUE
[21:33:57.872]      // while "1"  (timeout="200")
[21:33:57.872]      // while-condition  =>  TRUE
[21:33:57.872]      // while "1"  (timeout="200")
[21:33:57.872]      // while-condition  =>  TRUE
[21:33:57.872]      // while "1"  (timeout="200")
[21:33:57.872]      // while-condition  =>  TRUE
[21:33:57.872]      // while "1"  (timeout="200")
[21:33:57.872]      // while-condition  =>  TRUE
[21:33:57.872]      // while "1"  (timeout="200")
[21:33:57.873]      // while-condition  =>  TRUE
[21:33:57.873]      // while "1"  (timeout="200")
[21:33:57.873]      // while-condition  =>  TRUE
[21:33:57.873]      // while "1"  (timeout="200")
[21:33:57.873]      // while-condition  =>  TRUE
[21:33:57.873]      // while "1"  (timeout="200")
[21:33:57.873]      // while-condition  =>  TRUE
[21:33:57.873]      // while "1"  (timeout="200")
[21:33:57.873]      // while-condition  =>  TRUE
[21:33:57.873]      // while "1"  (timeout="200")
[21:33:57.873]      // while-condition  =>  TRUE
[21:33:57.873]      // while "1"  (timeout="200")
[21:33:57.873]      // while-condition  =>  TRUE
[21:33:57.873]      // while "1"  (timeout="200")
[21:33:57.873]      // while-condition  =>  TRUE
[21:33:57.873]      // while "1"  (timeout="200")
[21:33:57.873]      // while-condition  =>  TRUE
[21:33:57.873]      // while "1"  (timeout="200")
[21:33:57.873]      // while-condition  =>  TRUE
[21:33:57.874]      // while "1"  (timeout="200")
[21:33:57.874]      // while-condition  =>  TRUE
[21:33:57.874]      // while "1"  (timeout="200")
[21:33:57.874]      // while-condition  =>  TRUE
[21:33:57.874]      // while "1"  (timeout="200")
[21:33:57.874]      // while-condition  =>  TRUE
[21:33:57.874]      // while "1"  (timeout="200")
[21:33:57.874]      // while-condition  =>  TRUE
[21:33:57.874]      // while "1"  (timeout="200")
[21:33:57.874]      // while-condition  =>  TRUE
[21:33:57.874]      // while "1"  (timeout="200")
[21:33:57.874]      // while-condition  =>  TRUE
[21:33:57.874]      // while "1"  (timeout="200")
[21:33:57.874]      // while-condition  =>  TRUE
[21:33:57.874]      // while "1"  (timeout="200")
[21:33:57.874]      // while-condition  =>  TRUE
[21:33:57.874]      // while "1"  (timeout="200")
[21:33:57.874]      // while-condition  =>  TRUE
[21:33:57.875]      // while "1"  (timeout="200")
[21:33:57.875]      // while  =>  TIMEOUT
[21:33:57.875]      // end while "1"
[21:33:57.875]    </control>
[21:33:57.875]    <control if="canReadPins" while="" timeout="0" info="">
[21:33:57.875]      // if-block "canReadPins"
[21:33:57.875]        // =>  TRUE
[21:33:57.875]      <control if="" while="(DAP_SWJ_Pins(nReset, nReset, 0) & nReset) == 0" timeout="1000000" info="">
[21:33:57.875]        // while "(DAP_SWJ_Pins(nReset, nReset, 0) & nReset) == 0"  (timeout="1000000")
[21:33:57.877]          // -> [DAP_SWJ_Pins(0x80, 0x80, 0) => 0x8F]   (Out: nRESET=1  =>  In: SWCLK/TCK=1, SWDIO/TMS=1, TDI=1, TDO=1, nTRST=0, nRESET=1)
[21:33:57.877]        // while-condition  =>  FALSE
[21:33:57.877]        // end while "(DAP_SWJ_Pins(nReset, nReset, 0) & nReset) == 0"
[21:33:57.878]      </control>
[21:33:57.878]      // end if-block "canReadPins"
[21:33:57.878]    </control>
[21:33:57.878]    <control if="!canReadPins" while="" timeout="0" info="">
[21:33:57.878]      // if-block "!canReadPins"
[21:33:57.878]        // =>  FALSE
[21:33:57.878]      // skip if-block "!canReadPins"
[21:33:57.878]    </control>
[21:33:57.878]    <control if="(ACCESS_POINT_VAL & 0x00E00000) == 0" while="" timeout="0" info="">
[21:33:57.878]      // if-block "(ACCESS_POINT_VAL & 0x00E00000) == 0"
[21:33:57.878]        // =>  TRUE
[21:33:57.878]      <block atomic="false" info="">
[21:33:57.878]        WriteAP(0x00, 0x190008);
[21:33:57.880]          // -> [WriteAP(0x00000000, 0x00190008)]   (__dp=0x00000000, __ap=0x00000004)
[21:33:57.880]        WriteAP(0xF0, 0x01);
[21:33:57.884]          // -> [WriteAP(0x000000F0, 0x00000001)]   (__dp=0x00000000, __ap=0x00000004)
[21:33:57.884]      </block>
[21:33:57.884]      // end if-block "(ACCESS_POINT_VAL & 0x00E00000) == 0"
[21:33:57.884]    </control>
[21:33:57.884]    <control if="(ACCESS_POINT_VAL & 0x00E00000) != 0" while="" timeout="0" info="">
[21:33:57.885]      // if-block "(ACCESS_POINT_VAL & 0x00E00000) != 0"
[21:33:57.885]        // =>  FALSE
[21:33:57.885]      // skip if-block "(ACCESS_POINT_VAL & 0x00E00000) != 0"
[21:33:57.885]    </control>
[21:33:57.885]    <block atomic="false" info="">
[21:33:57.885]      ACCESS_POINT_VAL = ReadAP(0x00);//Reading current state of access point
[21:33:57.891]        // -> [ReadAP(0x00000000) => 0x0079002F]   (__dp=0x00000000, __ap=0x00000004)
[21:33:57.891]        // -> [ACCESS_POINT_VAL <= 0x0079002F]
[21:33:57.891]      Message(0, "Current state of access point is: %x",ACCESS_POINT_VAL);
[21:33:57.893]      __ap = 0; //lets make sure we reset the access point selection
[21:33:57.893]        // -> [__ap <= 0x00000000]
[21:33:57.893]    </block>
[21:33:57.893]  </sequence>
[21:33:57.893]  
[21:33:57.914]  **********  Sequence "DebugDeviceUnlock"  (Context="Connect", Pname="", info="")
[21:33:57.914]  
[21:33:57.914]  <debugvars>
[21:33:57.914]    // Pre-defined
[21:33:57.914]    __protocol=0x00010002      (Protocol="SWD", SWJ-DP="True")
[21:33:57.915]    __connection=0x00000202    (Connection Type="Flash", Reset Type="System Reset")
[21:33:57.915]    __dp=0x00000000
[21:33:57.915]    __ap=0x00000000
[21:33:57.915]    __traceout=0x00000000      (Trace Disabled)
[21:33:57.915]    __errorcontrol=0x00000000  (Skip Errors="False")
[21:33:57.915]    __FlashAddr=0x00000000
[21:33:57.916]    __FlashLen=0x00000000
[21:33:57.916]    __FlashArg=0x00000000
[21:33:57.916]    __FlashOp=0x00000000
[21:33:57.916]    __Result=0x00000000
[21:33:57.916]  </debugvars>
[21:33:57.916]  
[21:33:57.916]  <sequence name="DebugDeviceUnlock" Pname="" disable="false" info="">
[21:33:57.916]    <block atomic="false" info="">
[21:33:57.916]      __var deviceID = 0;
[21:33:57.916]        // -> [deviceID <= 0x00000000]
[21:33:57.916]      __var version = 0;
[21:33:57.916]        // -> [version <= 0x00000000]
[21:33:57.916]      __var partNum = 0;
[21:33:57.916]        // -> [partNum <= 0x00000000]
[21:33:57.916]      __var manuf = 0;
[21:33:57.917]        // -> [manuf <= 0x00000000]
[21:33:57.917]      __var isMSPM0G1X0X_G3X0X = 0;
[21:33:57.917]        // -> [isMSPM0G1X0X_G3X0X <= 0x00000000]
[21:33:57.917]      __var isProduction = 0;
[21:33:57.917]        // -> [isProduction <= 0x00000000]
[21:33:57.917]      __var continueId = 0;
[21:33:57.917]        // -> [continueId <= 0x00000000]
[21:33:57.917]      deviceID =   Read32(0x41C40004);
[21:33:57.929]        // -> [Read32(0x41C40004) => 0x2BB8802F]   (__dp=0x00000000, __ap=0x00000000)
[21:33:57.929]        // -> [deviceID <= 0x2BB8802F]
[21:33:57.929]      version = deviceID >> 28;
[21:33:57.929]        // -> [version <= 0x00000002]
[21:33:57.929]      partNum = (deviceID & 0x0FFFF000) >> 12;
[21:33:57.929]        // -> [partNum <= 0x0000BB88]
[21:33:57.930]      manuf = (deviceID & 0x00000FFE) >> 1;
[21:33:57.930]        // -> [manuf <= 0x00000017]
[21:33:57.930]      isMSPM0G1X0X_G3X0X = (partNum == 0xBB88) && (manuf == 0x17);
[21:33:57.930]        // -> [isMSPM0G1X0X_G3X0X <= 0x00000001]
[21:33:57.930]      isProduction = (version > 0);
[21:33:57.930]        // -> [isProduction <= 0x00000001]
[21:33:57.930]    </block>
[21:33:57.930]    <control if="!isMSPM0G1X0X_G3X0X" while="" timeout="0" info="">
[21:33:57.930]      // if-block "!isMSPM0G1X0X_G3X0X"
[21:33:57.930]        // =>  FALSE
[21:33:57.930]      // skip if-block "!isMSPM0G1X0X_G3X0X"
[21:33:57.931]    </control>
[21:33:57.931]    <control if="continueId == 4" while="" timeout="0" info="">
[21:33:57.931]      // if-block "continueId == 4"
[21:33:57.931]        // =>  FALSE
[21:33:57.931]      // skip if-block "continueId == 4"
[21:33:57.931]    </control>
[21:33:57.931]    <control if="!isProduction" while="" timeout="0" info="">
[21:33:57.931]      // if-block "!isProduction"
[21:33:57.931]        // =>  FALSE
[21:33:57.931]      // skip if-block "!isProduction"
[21:33:57.932]    </control>
[21:33:57.932]  </sequence>
[21:33:57.932]  
[21:48:58.637]  **********  Sequence "DebugPortSetup"  (Context="Connect", Pname="", info="")
[21:48:58.637]  
[21:48:58.637]  <debugvars>
[21:48:58.637]    // Pre-defined
[21:48:58.637]    __protocol=0x00010002      (Protocol="SWD", SWJ-DP="True")
[21:48:58.637]    __connection=0x00000202    (Connection Type="Flash", Reset Type="System Reset")
[21:48:58.637]    __dp=0x00000000
[21:48:58.637]    __ap=0x00000000
[21:48:58.638]    __traceout=0x00000000      (Trace Disabled)
[21:48:58.638]    __errorcontrol=0x00000000  (Skip Errors="False")
[21:48:58.638]    __FlashAddr=0x00000000
[21:48:58.638]    __FlashLen=0x00000000
[21:48:58.638]    __FlashArg=0x00000000
[21:48:58.638]    __FlashOp=0x00000000
[21:48:58.638]    __Result=0x00000000
[21:48:58.638]  </debugvars>
[21:48:58.638]  
[21:48:58.638]  <sequence name="DebugPortSetup" Pname="" disable="false" info="">
[21:48:58.638]    <block atomic="false" info="">
[21:48:58.638]      __var isSWJ      = ((__protocol & 0x00010000) != 0);
[21:48:58.639]        // -> [isSWJ <= 0x00000001]
[21:48:58.639]      __var hasDormant = __protocol & 0x00020000;
[21:48:58.639]        // -> [hasDormant <= 0x00000000]
[21:48:58.639]      __var protType   = __protocol & 0x0000FFFF;
[21:48:58.639]        // -> [protType <= 0x00000002]
[21:48:58.639]    </block>
[21:48:58.639]    <control if="protType == 1" while="" timeout="0" info="">
[21:48:58.639]      // if-block "protType == 1"
[21:48:58.639]        // =>  FALSE
[21:48:58.639]      // skip if-block "protType == 1"
[21:48:58.639]    </control>
[21:48:58.639]    <control if="protType == 2" while="" timeout="0" info="">
[21:48:58.639]      // if-block "protType == 2"
[21:48:58.639]        // =>  TRUE
[21:48:58.639]      <control if="isSWJ" while="" timeout="0" info="">
[21:48:58.639]        // if-block "isSWJ"
[21:48:58.640]          // =>  TRUE
[21:48:58.640]        <control if="hasDormant" while="" timeout="0" info="">
[21:48:58.640]          // if-block "hasDormant"
[21:48:58.640]            // =>  FALSE
[21:48:58.640]          // skip if-block "hasDormant"
[21:48:58.640]        </control>
[21:48:58.640]        <control if="!hasDormant" while="" timeout="0" info="">
[21:48:58.640]          // if-block "!hasDormant"
[21:48:58.640]            // =>  TRUE
[21:48:58.640]          <block atomic="false" info="">
[21:48:58.640]            DAP_SWJ_Sequence(51, 0x0007FFFFFFFFFFFF); //lets put the JTAG line in a reset state
[21:48:58.642]              // -> [DAP_SWJ_Sequence(51, 0x0007FFFFFFFFFFFF)]
[21:48:58.642]            DAP_SWJ_Sequence(16,0xE73C); //SWD to JTAG, this is to ensure the state machine is initialized
[21:48:58.644]              // -> [DAP_SWJ_Sequence(16, 0x000000000000E73C)]
[21:48:58.644]            DAP_SWJ_Sequence(51, 0x0007FFFFFFFFFFFF); //Put it back in reset
[21:48:58.646]              // -> [DAP_SWJ_Sequence(51, 0x0007FFFFFFFFFFFF)]
[21:48:58.646]            DAP_SWJ_Sequence(16, 0xE79E); //JTAG to SWD switch
[21:48:58.648]              // -> [DAP_SWJ_Sequence(16, 0x000000000000E79E)]
[21:48:58.648]            DAP_SWJ_Sequence(51, 0x0007FFFFFFFFFFFF);  //Ensure the switch is successful 
[21:48:58.653]              // -> [DAP_SWJ_Sequence(51, 0x0007FFFFFFFFFFFF)]
[21:48:58.653]            DAP_SWJ_Sequence(7,  0x00); //Give the line some time to initialize
[21:48:58.655]              // -> [DAP_SWJ_Sequence(7, 0x0000000000000000)]
[21:48:58.655]          </block>
[21:48:58.655]          // end if-block "!hasDormant"
[21:48:58.655]        </control>
[21:48:58.655]        // end if-block "isSWJ"
[21:48:58.655]      </control>
[21:48:58.655]      <control if="!isSWJ" while="" timeout="0" info="">
[21:48:58.655]        // if-block "!isSWJ"
[21:48:58.656]          // =>  FALSE
[21:48:58.656]        // skip if-block "!isSWJ"
[21:48:58.656]      </control>
[21:48:58.656]      <block atomic="false" info="">
[21:48:58.656]        ReadDP(0x0);
[21:48:58.658]          // -> [ReadDP(0x00000000) => 0x6BA02477]   (__dp=0x00000000)
[21:48:58.658]      </block>
[21:48:58.658]      // end if-block "protType == 2"
[21:48:58.658]    </control>
[21:48:58.658]  </sequence>
[21:48:58.658]  
[21:48:58.664]  **********  Sequence "DebugPortStart"  (Context="Connect", Pname="", info="")
[21:48:58.664]  
[21:48:58.664]  <debugvars>
[21:48:58.664]    // Pre-defined
[21:48:58.664]    __protocol=0x00010002      (Protocol="SWD", SWJ-DP="True")
[21:48:58.664]    __connection=0x00000202    (Connection Type="Flash", Reset Type="System Reset")
[21:48:58.664]    __dp=0x00000000
[21:48:58.664]    __ap=0x00000000
[21:48:58.664]    __traceout=0x00000000      (Trace Disabled)
[21:48:58.665]    __errorcontrol=0x00000000  (Skip Errors="False")
[21:48:58.665]    __FlashAddr=0x00000000
[21:48:58.665]    __FlashLen=0x00000000
[21:48:58.665]    __FlashArg=0x00000000
[21:48:58.665]    __FlashOp=0x00000000
[21:48:58.665]    __Result=0x00000000
[21:48:58.665]  </debugvars>
[21:48:58.665]  
[21:48:58.665]  <sequence name="DebugPortStart" Pname="" disable="false" info="">
[21:48:58.665]    <block atomic="false" info="">
[21:48:58.665]      __var SW_DP_ABORT       = 0x0;
[21:48:58.665]        // -> [SW_DP_ABORT <= 0x00000000]
[21:48:58.665]      __var DP_CTRL_STAT      = 0x4;
[21:48:58.665]        // -> [DP_CTRL_STAT <= 0x00000004]
[21:48:58.665]      __var DP_SELECT         = 0x8;
[21:48:58.666]        // -> [DP_SELECT <= 0x00000008]
[21:48:58.666]      __var powered_down      = 0;
[21:48:58.666]        // -> [powered_down <= 0x00000000]
[21:48:58.666]      WriteDP(DP_SELECT, 0x00000000);
[21:48:58.668]        // -> [WriteDP(0x00000008, 0x00000000)]   (__dp=0x00000000)
[21:48:58.668]      powered_down = ((ReadDP(DP_CTRL_STAT) & 0xA0000000) != 0xA0000000);
[21:48:58.670]        // -> [ReadDP(0x00000004) => 0x00000040]   (__dp=0x00000000)
[21:48:58.670]        // -> [powered_down <= 0x00000001]
[21:48:58.670]    </block>
[21:48:58.670]    <control if="powered_down" while="" timeout="0" info="">
[21:48:58.670]      // if-block "powered_down"
[21:48:58.670]        // =>  TRUE
[21:48:58.670]      <block atomic="false" info="">
[21:48:58.670]        Message(0, "Debug/System power-up request sent");
[21:48:58.672]        WriteDP(DP_CTRL_STAT, 0x50000000);
[21:48:58.674]          // -> [WriteDP(0x00000004, 0x50000000)]   (__dp=0x00000000)
[21:48:58.674]      </block>
[21:48:58.674]      <control if="" while="(ReadDP(DP_CTRL_STAT) & 0xA0000000) != 0xA0000000" timeout="1000000" info="">
[21:48:58.674]        // while "(ReadDP(DP_CTRL_STAT) & 0xA0000000) != 0xA0000000"  (timeout="1000000")
[21:48:58.677]          // -> [ReadDP(0x00000004) => 0xF0000040]   (__dp=0x00000000)
[21:48:58.677]        // while-condition  =>  FALSE
[21:48:58.677]        // end while "(ReadDP(DP_CTRL_STAT) & 0xA0000000) != 0xA0000000"
[21:48:58.677]      </control>
[21:48:58.677]      <control if="(__protocol & 0xFFFF) == 1" while="" timeout="0" info="">
[21:48:58.678]        // if-block "(__protocol & 0xFFFF) == 1"
[21:48:58.678]          // =>  FALSE
[21:48:58.678]        // skip if-block "(__protocol & 0xFFFF) == 1"
[21:48:58.678]      </control>
[21:48:58.678]      <control if="(__protocol & 0xFFFF) == 2" while="" timeout="0" info="">
[21:48:58.678]        // if-block "(__protocol & 0xFFFF) == 2"
[21:48:58.678]          // =>  TRUE
[21:48:58.679]        <block atomic="false" info="">
[21:48:58.679]          Message(0, "executing SWD power up");
[21:48:58.680]          WriteDP(DP_CTRL_STAT, 0x50000F00);
[21:48:58.682]            // -> [WriteDP(0x00000004, 0x50000F00)]   (__dp=0x00000000)
[21:48:58.682]          WriteDP(SW_DP_ABORT, 0x0000001E);
[21:48:58.684]            // -> [WriteDP(0x00000000, 0x0000001E)]   (__dp=0x00000000)
[21:48:58.684]        </block>
[21:48:58.684]        // end if-block "(__protocol & 0xFFFF) == 2"
[21:48:58.684]      </control>
[21:48:58.684]      // end if-block "powered_down"
[21:48:58.684]    </control>
[21:48:58.684]    <block atomic="false" info="">
[21:48:58.684]      __var DEBUG_PORT_VAL    = 0;
[21:48:58.684]        // -> [DEBUG_PORT_VAL <= 0x00000000]
[21:48:58.684]      __var ACCESS_POINT_VAL  = 0;
[21:48:58.685]        // -> [ACCESS_POINT_VAL <= 0x00000000]
[21:48:58.685]      __ap = 1; 
[21:48:58.685]        // -> [__ap <= 0x00000001]
[21:48:58.685]      WriteAP(0x0C, 0x04); //lets use the mini pwr-ap as backup
[21:48:58.689]        // -> [WriteAP(0x0000000C, 0x00000004)]   (__dp=0x00000000, __ap=0x00000001)
[21:48:58.689]      __ap = 4;
[21:48:58.689]        // -> [__ap <= 0x00000004]
[21:48:58.689]      ACCESS_POINT_VAL = ReadAP(0x00);//Reading current state of access point
[21:48:58.695]        // -> [ReadAP(0x00000000) => 0x00080027]   (__dp=0x00000000, __ap=0x00000004)
[21:48:58.695]        // -> [ACCESS_POINT_VAL <= 0x00080027]
[21:48:58.695]      Message(0, "Current state of access point is: %x",ACCESS_POINT_VAL);
[21:48:58.696]    </block>
[21:48:58.697]    <block atomic="false" info="">
[21:48:58.697]      __var nReset = 0x80;
[21:48:58.697]        // -> [nReset <= 0x00000080]
[21:48:58.697]      __var canReadPins = 0;
[21:48:58.697]        // -> [canReadPins <= 0x00000000]
[21:48:58.697]      canReadPins = (DAP_SWJ_Pins(0x00, nReset, 0) != 0xFFFFFFFF);
[21:48:58.699]        // -> [DAP_SWJ_Pins(0x00, 0x80, 0) => 0x0F]   (Out: nRESET=0  =>  In: SWCLK/TCK=1, SWDIO/TMS=1, TDI=1, TDO=1, nTRST=0, nRESET=0)
[21:48:58.699]        // -> [canReadPins <= 0x00000001]
[21:48:58.699]    </block>
[21:48:58.699]    <control if="" while="1" timeout="200" info="">
[21:48:58.699]      // while "1"  (timeout="200")
[21:48:58.699]      // while-condition  =>  TRUE
[21:48:58.699]      // while "1"  (timeout="200")
[21:48:58.700]      // while-condition  =>  TRUE
[21:48:58.700]      // while "1"  (timeout="200")
[21:48:58.700]      // while-condition  =>  TRUE
[21:48:58.700]      // while "1"  (timeout="200")
[21:48:58.700]      // while-condition  =>  TRUE
[21:48:58.700]      // while "1"  (timeout="200")
[21:48:58.700]      // while-condition  =>  TRUE
[21:48:58.700]      // while "1"  (timeout="200")
[21:48:58.700]      // while-condition  =>  TRUE
[21:48:58.700]      // while "1"  (timeout="200")
[21:48:58.700]      // while-condition  =>  TRUE
[21:48:58.700]      // while "1"  (timeout="200")
[21:48:58.700]      // while-condition  =>  TRUE
[21:48:58.700]      // while "1"  (timeout="200")
[21:48:58.700]      // while-condition  =>  TRUE
[21:48:58.701]      // while "1"  (timeout="200")
[21:48:58.701]      // while-condition  =>  TRUE
[21:48:58.701]      // while "1"  (timeout="200")
[21:48:58.701]      // while-condition  =>  TRUE
[21:48:58.701]      // while "1"  (timeout="200")
[21:48:58.701]      // while-condition  =>  TRUE
[21:48:58.701]      // while "1"  (timeout="200")
[21:48:58.701]      // while-condition  =>  TRUE
[21:48:58.701]      // while "1"  (timeout="200")
[21:48:58.701]      // while-condition  =>  TRUE
[21:48:58.701]      // while "1"  (timeout="200")
[21:48:58.701]      // while-condition  =>  TRUE
[21:48:58.701]      // while "1"  (timeout="200")
[21:48:58.701]      // while-condition  =>  TRUE
[21:48:58.701]      // while "1"  (timeout="200")
[21:48:58.701]      // while-condition  =>  TRUE
[21:48:58.701]      // while "1"  (timeout="200")
[21:48:58.701]      // while-condition  =>  TRUE
[21:48:58.701]      // while "1"  (timeout="200")
[21:48:58.701]      // while-condition  =>  TRUE
[21:48:58.701]      // while "1"  (timeout="200")
[21:48:58.701]      // while-condition  =>  TRUE
[21:48:58.702]      // while "1"  (timeout="200")
[21:48:58.702]      // while-condition  =>  TRUE
[21:48:58.702]      // while "1"  (timeout="200")
[21:48:58.702]      // while-condition  =>  TRUE
[21:48:58.702]      // while "1"  (timeout="200")
[21:48:58.702]      // while-condition  =>  TRUE
[21:48:58.702]      // while "1"  (timeout="200")
[21:48:58.702]      // while-condition  =>  TRUE
[21:48:58.702]      // while "1"  (timeout="200")
[21:48:58.702]      // while-condition  =>  TRUE
[21:48:58.702]      // while "1"  (timeout="200")
[21:48:58.702]      // while-condition  =>  TRUE
[21:48:58.702]      // while "1"  (timeout="200")
[21:48:58.702]      // while-condition  =>  TRUE
[21:48:58.702]      // while "1"  (timeout="200")
[21:48:58.702]      // while-condition  =>  TRUE
[21:48:58.702]      // while "1"  (timeout="200")
[21:48:58.703]      // while-condition  =>  TRUE
[21:48:58.703]      // while "1"  (timeout="200")
[21:48:58.703]      // while-condition  =>  TRUE
[21:48:58.703]      // while "1"  (timeout="200")
[21:48:58.703]      // while-condition  =>  TRUE
[21:48:58.703]      // while "1"  (timeout="200")
[21:48:58.703]      // while-condition  =>  TRUE
[21:48:58.703]      // while "1"  (timeout="200")
[21:48:58.703]      // while-condition  =>  TRUE
[21:48:58.703]      // while "1"  (timeout="200")
[21:48:58.703]      // while-condition  =>  TRUE
[21:48:58.703]      // while "1"  (timeout="200")
[21:48:58.703]      // while-condition  =>  TRUE
[21:48:58.703]      // while "1"  (timeout="200")
[21:48:58.703]      // while-condition  =>  TRUE
[21:48:58.703]      // while "1"  (timeout="200")
[21:48:58.703]      // while-condition  =>  TRUE
[21:48:58.703]      // while "1"  (timeout="200")
[21:48:58.703]      // while-condition  =>  TRUE
[21:48:58.703]      // while "1"  (timeout="200")
[21:48:58.703]      // while-condition  =>  TRUE
[21:48:58.704]      // while "1"  (timeout="200")
[21:48:58.704]      // while-condition  =>  TRUE
[21:48:58.704]      // while "1"  (timeout="200")
[21:48:58.704]      // while-condition  =>  TRUE
[21:48:58.704]      // while "1"  (timeout="200")
[21:48:58.704]      // while-condition  =>  TRUE
[21:48:58.704]      // while "1"  (timeout="200")
[21:48:58.704]      // while-condition  =>  TRUE
[21:48:58.704]      // while "1"  (timeout="200")
[21:48:58.704]      // while-condition  =>  TRUE
[21:48:58.704]      // while "1"  (timeout="200")
[21:48:58.704]      // while-condition  =>  TRUE
[21:48:58.704]      // while "1"  (timeout="200")
[21:48:58.704]      // while-condition  =>  TRUE
[21:48:58.704]      // while "1"  (timeout="200")
[21:48:58.705]      // while-condition  =>  TRUE
[21:48:58.705]      // while "1"  (timeout="200")
[21:48:58.705]      // while-condition  =>  TRUE
[21:48:58.705]      // while "1"  (timeout="200")
[21:48:58.705]      // while-condition  =>  TRUE
[21:48:58.705]      // while "1"  (timeout="200")
[21:48:58.705]      // while-condition  =>  TRUE
[21:48:58.705]      // while "1"  (timeout="200")
[21:48:58.705]      // while-condition  =>  TRUE
[21:48:58.706]      // while "1"  (timeout="200")
[21:48:58.706]      // while-condition  =>  TRUE
[21:48:58.706]      // while "1"  (timeout="200")
[21:48:58.706]      // while-condition  =>  TRUE
[21:48:58.706]      // while "1"  (timeout="200")
[21:48:58.706]      // while-condition  =>  TRUE
[21:48:58.706]      // while "1"  (timeout="200")
[21:48:58.706]      // while-condition  =>  TRUE
[21:48:58.706]      // while "1"  (timeout="200")
[21:48:58.706]      // while-condition  =>  TRUE
[21:48:58.706]      // while "1"  (timeout="200")
[21:48:58.706]      // while-condition  =>  TRUE
[21:48:58.706]      // while "1"  (timeout="200")
[21:48:58.707]      // while-condition  =>  TRUE
[21:48:58.707]      // while "1"  (timeout="200")
[21:48:58.707]      // while  =>  TIMEOUT
[21:48:58.707]      // end while "1"
[21:48:58.707]    </control>
[21:48:58.707]    <control if="canReadPins" while="" timeout="0" info="">
[21:48:58.707]      // if-block "canReadPins"
[21:48:58.707]        // =>  TRUE
[21:48:58.707]      <control if="" while="(DAP_SWJ_Pins(nReset, nReset, 0) & nReset) == 0" timeout="1000000" info="">
[21:48:58.707]        // while "(DAP_SWJ_Pins(nReset, nReset, 0) & nReset) == 0"  (timeout="1000000")
[21:48:58.709]          // -> [DAP_SWJ_Pins(0x80, 0x80, 0) => 0x8F]   (Out: nRESET=1  =>  In: SWCLK/TCK=1, SWDIO/TMS=1, TDI=1, TDO=1, nTRST=0, nRESET=1)
[21:48:58.709]        // while-condition  =>  FALSE
[21:48:58.709]        // end while "(DAP_SWJ_Pins(nReset, nReset, 0) & nReset) == 0"
[21:48:58.709]      </control>
[21:48:58.709]      // end if-block "canReadPins"
[21:48:58.709]    </control>
[21:48:58.709]    <control if="!canReadPins" while="" timeout="0" info="">
[21:48:58.709]      // if-block "!canReadPins"
[21:48:58.710]        // =>  FALSE
[21:48:58.710]      // skip if-block "!canReadPins"
[21:48:58.710]    </control>
[21:48:58.710]    <control if="(ACCESS_POINT_VAL & 0x00E00000) == 0" while="" timeout="0" info="">
[21:48:58.710]      // if-block "(ACCESS_POINT_VAL & 0x00E00000) == 0"
[21:48:58.710]        // =>  TRUE
[21:48:58.710]      <block atomic="false" info="">
[21:48:58.710]        WriteAP(0x00, 0x190008);
[21:48:58.713]          // -> [WriteAP(0x00000000, 0x00190008)]   (__dp=0x00000000, __ap=0x00000004)
[21:48:58.713]        WriteAP(0xF0, 0x01);
[21:48:58.717]          // -> [WriteAP(0x000000F0, 0x00000001)]   (__dp=0x00000000, __ap=0x00000004)
[21:48:58.717]      </block>
[21:48:58.717]      // end if-block "(ACCESS_POINT_VAL & 0x00E00000) == 0"
[21:48:58.717]    </control>
[21:48:58.717]    <control if="(ACCESS_POINT_VAL & 0x00E00000) != 0" while="" timeout="0" info="">
[21:48:58.717]      // if-block "(ACCESS_POINT_VAL & 0x00E00000) != 0"
[21:48:58.717]        // =>  FALSE
[21:48:58.717]      // skip if-block "(ACCESS_POINT_VAL & 0x00E00000) != 0"
[21:48:58.718]    </control>
[21:48:58.718]    <block atomic="false" info="">
[21:48:58.718]      ACCESS_POINT_VAL = ReadAP(0x00);//Reading current state of access point
[21:48:58.722]        // -> [ReadAP(0x00000000) => 0x0079002F]   (__dp=0x00000000, __ap=0x00000004)
[21:48:58.722]        // -> [ACCESS_POINT_VAL <= 0x0079002F]
[21:48:58.722]      Message(0, "Current state of access point is: %x",ACCESS_POINT_VAL);
[21:48:58.724]      __ap = 0; //lets make sure we reset the access point selection
[21:48:58.724]        // -> [__ap <= 0x00000000]
[21:48:58.724]    </block>
[21:48:58.724]  </sequence>
[21:48:58.724]  
[21:48:58.744]  **********  Sequence "DebugDeviceUnlock"  (Context="Connect", Pname="", info="")
[21:48:58.744]  
[21:48:58.744]  <debugvars>
[21:48:58.744]    // Pre-defined
[21:48:58.745]    __protocol=0x00010002      (Protocol="SWD", SWJ-DP="True")
[21:48:58.745]    __connection=0x00000202    (Connection Type="Flash", Reset Type="System Reset")
[21:48:58.745]    __dp=0x00000000
[21:48:58.745]    __ap=0x00000000
[21:48:58.745]    __traceout=0x00000000      (Trace Disabled)
[21:48:58.745]    __errorcontrol=0x00000000  (Skip Errors="False")
[21:48:58.745]    __FlashAddr=0x00000000
[21:48:58.745]    __FlashLen=0x00000000
[21:48:58.745]    __FlashArg=0x00000000
[21:48:58.745]    __FlashOp=0x00000000
[21:48:58.745]    __Result=0x00000000
[21:48:58.745]  </debugvars>
[21:48:58.746]  
[21:48:58.746]  <sequence name="DebugDeviceUnlock" Pname="" disable="false" info="">
[21:48:58.746]    <block atomic="false" info="">
[21:48:58.746]      __var deviceID = 0;
[21:48:58.746]        // -> [deviceID <= 0x00000000]
[21:48:58.746]      __var version = 0;
[21:48:58.746]        // -> [version <= 0x00000000]
[21:48:58.746]      __var partNum = 0;
[21:48:58.746]        // -> [partNum <= 0x00000000]
[21:48:58.746]      __var manuf = 0;
[21:48:58.746]        // -> [manuf <= 0x00000000]
[21:48:58.746]      __var isMSPM0G1X0X_G3X0X = 0;
[21:48:58.746]        // -> [isMSPM0G1X0X_G3X0X <= 0x00000000]
[21:48:58.747]      __var isProduction = 0;
[21:48:58.747]        // -> [isProduction <= 0x00000000]
[21:48:58.747]      __var continueId = 0;
[21:48:58.747]        // -> [continueId <= 0x00000000]
[21:48:58.747]      deviceID =   Read32(0x41C40004);
[21:48:58.755]        // -> [Read32(0x41C40004) => 0x2BB8802F]   (__dp=0x00000000, __ap=0x00000000)
[21:48:58.755]        // -> [deviceID <= 0x2BB8802F]
[21:48:58.755]      version = deviceID >> 28;
[21:48:58.755]        // -> [version <= 0x00000002]
[21:48:58.755]      partNum = (deviceID & 0x0FFFF000) >> 12;
[21:48:58.755]        // -> [partNum <= 0x0000BB88]
[21:48:58.755]      manuf = (deviceID & 0x00000FFE) >> 1;
[21:48:58.755]        // -> [manuf <= 0x00000017]
[21:48:58.756]      isMSPM0G1X0X_G3X0X = (partNum == 0xBB88) && (manuf == 0x17);
[21:48:58.756]        // -> [isMSPM0G1X0X_G3X0X <= 0x00000001]
[21:48:58.756]      isProduction = (version > 0);
[21:48:58.756]        // -> [isProduction <= 0x00000001]
[21:48:58.756]    </block>
[21:48:58.756]    <control if="!isMSPM0G1X0X_G3X0X" while="" timeout="0" info="">
[21:48:58.756]      // if-block "!isMSPM0G1X0X_G3X0X"
[21:48:58.756]        // =>  FALSE
[21:48:58.756]      // skip if-block "!isMSPM0G1X0X_G3X0X"
[21:48:58.756]    </control>
[21:48:58.756]    <control if="continueId == 4" while="" timeout="0" info="">
[21:48:58.756]      // if-block "continueId == 4"
[21:48:58.756]        // =>  FALSE
[21:48:58.756]      // skip if-block "continueId == 4"
[21:48:58.756]    </control>
[21:48:58.757]    <control if="!isProduction" while="" timeout="0" info="">
[21:48:58.757]      // if-block "!isProduction"
[21:48:58.757]        // =>  FALSE
[21:48:58.757]      // skip if-block "!isProduction"
[21:48:58.757]    </control>
[21:48:58.757]  </sequence>
[21:48:58.757]  
