/*
 *  CMSIS Pack Debug Access Sequence Log
 *  File        : C:\Users\xxs13\Desktop\MSPM0G3507_Library\SeekFree_MSPM0G3507_Opensource_Library\project\mdk\SeekFree_MSPM0G3507_Device_Library_Sequences_0019.log
 *  Created     : 13:04:41 (21/07/2026)
 *  Device      : MSPM0G3507
 *  PDSC File   : D:/MDK5.36/Packs/TexasInstruments/MSPM0G1X0X_G3X0X_DFP/1.3.1/TexasInstruments.MSPM0G1X0X_G3X0X_DFP.pdsc
 *
 */

[13:04:41.773]  **********  Sequence "DebugPortSetup"  (Context="Connect", Pname="", info="")
[13:04:41.773]  
[13:04:41.773]  <debugvars>
[13:04:41.773]    // Pre-defined
[13:04:41.773]    __protocol=0x00010002      (Protocol="SWD", SWJ-DP="True")
[13:04:41.773]    __connection=0x00000202    (Connection Type="Flash", Reset Type="System Reset")
[13:04:41.773]    __dp=0x00000000
[13:04:41.773]    __ap=0x00000000
[13:04:41.773]    __traceout=0x00000000      (Trace Disabled)
[13:04:41.773]    __errorcontrol=0x00000000  (Skip Errors="False")
[13:04:41.773]    __FlashAddr=0x00000000
[13:04:41.773]    __FlashLen=0x00000000
[13:04:41.773]    __FlashArg=0x00000000
[13:04:41.773]    __FlashOp=0x00000000
[13:04:41.773]    __Result=0x00000000
[13:04:41.773]  </debugvars>
[13:04:41.773]  
[13:04:41.773]  <sequence name="DebugPortSetup" Pname="" disable="false" info="">
[13:04:41.773]    <block atomic="false" info="">
[13:04:41.773]      __var isSWJ      = ((__protocol & 0x00010000) != 0);
[13:04:41.773]        // -> [isSWJ <= 0x00000001]
[13:04:41.773]      __var hasDormant = __protocol & 0x00020000;
[13:04:41.773]        // -> [hasDormant <= 0x00000000]
[13:04:41.773]      __var protType   = __protocol & 0x0000FFFF;
[13:04:41.773]        // -> [protType <= 0x00000002]
[13:04:41.773]    </block>
[13:04:41.773]    <control if="protType == 1" while="" timeout="0" info="">
[13:04:41.773]      // if-block "protType == 1"
[13:04:41.773]        // =>  FALSE
[13:04:41.773]      // skip if-block "protType == 1"
[13:04:41.773]    </control>
[13:04:41.773]    <control if="protType == 2" while="" timeout="0" info="">
[13:04:41.773]      // if-block "protType == 2"
[13:04:41.773]        // =>  TRUE
[13:04:41.773]      <control if="isSWJ" while="" timeout="0" info="">
[13:04:41.773]        // if-block "isSWJ"
[13:04:41.773]          // =>  TRUE
[13:04:41.773]        <control if="hasDormant" while="" timeout="0" info="">
[13:04:41.773]          // if-block "hasDormant"
[13:04:41.773]            // =>  FALSE
[13:04:41.773]          // skip if-block "hasDormant"
[13:04:41.773]        </control>
[13:04:41.773]        <control if="!hasDormant" while="" timeout="0" info="">
[13:04:41.773]          // if-block "!hasDormant"
[13:04:41.773]            // =>  TRUE
[13:04:41.773]          <block atomic="false" info="">
[13:04:41.773]            DAP_SWJ_Sequence(51, 0x0007FFFFFFFFFFFF); //lets put the JTAG line in a reset state
[13:04:41.773]              // -> [DAP_SWJ_Sequence(51, 0x0007FFFFFFFFFFFF)]
[13:04:41.773]            DAP_SWJ_Sequence(16,0xE73C); //SWD to JTAG, this is to ensure the state machine is initialized
[13:04:41.773]              // -> [DAP_SWJ_Sequence(16, 0x000000000000E73C)]
[13:04:41.773]            DAP_SWJ_Sequence(51, 0x0007FFFFFFFFFFFF); //Put it back in reset
[13:04:41.783]              // -> [DAP_SWJ_Sequence(51, 0x0007FFFFFFFFFFFF)]
[13:04:41.783]            DAP_SWJ_Sequence(16, 0xE79E); //JTAG to SWD switch
[13:04:41.783]              // -> [DAP_SWJ_Sequence(16, 0x000000000000E79E)]
[13:04:41.783]            DAP_SWJ_Sequence(51, 0x0007FFFFFFFFFFFF);  //Ensure the switch is successful 
[13:04:41.783]              // -> [DAP_SWJ_Sequence(51, 0x0007FFFFFFFFFFFF)]
[13:04:41.783]            DAP_SWJ_Sequence(7,  0x00); //Give the line some time to initialize
[13:04:41.783]              // -> [DAP_SWJ_Sequence(7, 0x0000000000000000)]
[13:04:41.783]          </block>
[13:04:41.783]          // end if-block "!hasDormant"
[13:04:41.783]        </control>
[13:04:41.783]        // end if-block "isSWJ"
[13:04:41.783]      </control>
[13:04:41.783]      <control if="!isSWJ" while="" timeout="0" info="">
[13:04:41.783]        // if-block "!isSWJ"
[13:04:41.783]          // =>  FALSE
[13:04:41.783]        // skip if-block "!isSWJ"
[13:04:41.783]      </control>
[13:04:41.783]      <block atomic="false" info="">
[13:04:41.783]        ReadDP(0x0);
[13:04:41.783]          // -> [ReadDP(0x00000000) => 0x6BA02477]   (__dp=0x00000000)
[13:04:41.783]      </block>
[13:04:41.783]      // end if-block "protType == 2"
[13:04:41.783]    </control>
[13:04:41.783]  </sequence>
[13:04:41.783]  
[13:04:41.793]  **********  Sequence "DebugPortStart"  (Context="Connect", Pname="", info="")
[13:04:41.793]  
[13:04:41.793]  <debugvars>
[13:04:41.793]    // Pre-defined
[13:04:41.793]    __protocol=0x00010002      (Protocol="SWD", SWJ-DP="True")
[13:04:41.793]    __connection=0x00000202    (Connection Type="Flash", Reset Type="System Reset")
[13:04:41.793]    __dp=0x00000000
[13:04:41.793]    __ap=0x00000000
[13:04:41.793]    __traceout=0x00000000      (Trace Disabled)
[13:04:41.793]    __errorcontrol=0x00000000  (Skip Errors="False")
[13:04:41.793]    __FlashAddr=0x00000000
[13:04:41.793]    __FlashLen=0x00000000
[13:04:41.793]    __FlashArg=0x00000000
[13:04:41.793]    __FlashOp=0x00000000
[13:04:41.793]    __Result=0x00000000
[13:04:41.793]  </debugvars>
[13:04:41.793]  
[13:04:41.793]  <sequence name="DebugPortStart" Pname="" disable="false" info="">
[13:04:41.793]    <block atomic="false" info="">
[13:04:41.793]      __var SW_DP_ABORT       = 0x0;
[13:04:41.793]        // -> [SW_DP_ABORT <= 0x00000000]
[13:04:41.793]      __var DP_CTRL_STAT      = 0x4;
[13:04:41.793]        // -> [DP_CTRL_STAT <= 0x00000004]
[13:04:41.793]      __var DP_SELECT         = 0x8;
[13:04:41.793]        // -> [DP_SELECT <= 0x00000008]
[13:04:41.793]      __var powered_down      = 0;
[13:04:41.793]        // -> [powered_down <= 0x00000000]
[13:04:41.793]      WriteDP(DP_SELECT, 0x00000000);
[13:04:41.793]        // -> [WriteDP(0x00000008, 0x00000000)]   (__dp=0x00000000)
[13:04:41.793]      powered_down = ((ReadDP(DP_CTRL_STAT) & 0xA0000000) != 0xA0000000);
[13:04:41.805]        // -> [ReadDP(0x00000004) => 0x00000040]   (__dp=0x00000000)
[13:04:41.805]        // -> [powered_down <= 0x00000001]
[13:04:41.805]    </block>
[13:04:41.805]    <control if="powered_down" while="" timeout="0" info="">
[13:04:41.805]      // if-block "powered_down"
[13:04:41.805]        // =>  TRUE
[13:04:41.805]      <block atomic="false" info="">
[13:04:41.805]        Message(0, "Debug/System power-up request sent");
[13:04:41.805]        WriteDP(DP_CTRL_STAT, 0x50000000);
[13:04:41.805]          // -> [WriteDP(0x00000004, 0x50000000)]   (__dp=0x00000000)
[13:04:41.805]      </block>
[13:04:41.805]      <control if="" while="(ReadDP(DP_CTRL_STAT) & 0xA0000000) != 0xA0000000" timeout="1000000" info="">
[13:04:41.805]        // while "(ReadDP(DP_CTRL_STAT) & 0xA0000000) != 0xA0000000"  (timeout="1000000")
[13:04:41.805]          // -> [ReadDP(0x00000004) => 0xF0000040]   (__dp=0x00000000)
[13:04:41.805]        // while-condition  =>  FALSE
[13:04:41.805]        // end while "(ReadDP(DP_CTRL_STAT) & 0xA0000000) != 0xA0000000"
[13:04:41.805]      </control>
[13:04:41.805]      <control if="(__protocol & 0xFFFF) == 1" while="" timeout="0" info="">
[13:04:41.805]        // if-block "(__protocol & 0xFFFF) == 1"
[13:04:41.805]          // =>  FALSE
[13:04:41.805]        // skip if-block "(__protocol & 0xFFFF) == 1"
[13:04:41.805]      </control>
[13:04:41.805]      <control if="(__protocol & 0xFFFF) == 2" while="" timeout="0" info="">
[13:04:41.805]        // if-block "(__protocol & 0xFFFF) == 2"
[13:04:41.805]          // =>  TRUE
[13:04:41.805]        <block atomic="false" info="">
[13:04:41.805]          Message(0, "executing SWD power up");
[13:04:41.805]          WriteDP(DP_CTRL_STAT, 0x50000F00);
[13:04:41.814]            // -> [WriteDP(0x00000004, 0x50000F00)]   (__dp=0x00000000)
[13:04:41.814]          WriteDP(SW_DP_ABORT, 0x0000001E);
[13:04:41.814]            // -> [WriteDP(0x00000000, 0x0000001E)]   (__dp=0x00000000)
[13:04:41.814]        </block>
[13:04:41.814]        // end if-block "(__protocol & 0xFFFF) == 2"
[13:04:41.814]      </control>
[13:04:41.814]      // end if-block "powered_down"
[13:04:41.814]    </control>
[13:04:41.814]    <block atomic="false" info="">
[13:04:41.814]      __var DEBUG_PORT_VAL    = 0;
[13:04:41.814]        // -> [DEBUG_PORT_VAL <= 0x00000000]
[13:04:41.814]      __var ACCESS_POINT_VAL  = 0;
[13:04:41.814]        // -> [ACCESS_POINT_VAL <= 0x00000000]
[13:04:41.814]      __ap = 1; 
[13:04:41.814]        // -> [__ap <= 0x00000001]
[13:04:41.814]      WriteAP(0x0C, 0x04); //lets use the mini pwr-ap as backup
[13:04:41.823]        // -> [WriteAP(0x0000000C, 0x00000004)]   (__dp=0x00000000, __ap=0x00000001)
[13:04:41.823]      __ap = 4;
[13:04:41.823]        // -> [__ap <= 0x00000004]
[13:04:41.823]      ACCESS_POINT_VAL = ReadAP(0x00);//Reading current state of access point
[13:04:41.824]        // -> [ReadAP(0x00000000) => 0x00080027]   (__dp=0x00000000, __ap=0x00000004)
[13:04:41.824]        // -> [ACCESS_POINT_VAL <= 0x00080027]
[13:04:41.824]      Message(0, "Current state of access point is: %x",ACCESS_POINT_VAL);
[13:04:41.824]    </block>
[13:04:41.824]    <block atomic="false" info="">
[13:04:41.824]      __var nReset = 0x80;
[13:04:41.824]        // -> [nReset <= 0x00000080]
[13:04:41.824]      __var canReadPins = 0;
[13:04:41.824]        // -> [canReadPins <= 0x00000000]
[13:04:41.824]      canReadPins = (DAP_SWJ_Pins(0x00, nReset, 0) != 0xFFFFFFFF);
[13:04:41.824]        // -> [DAP_SWJ_Pins(0x00, 0x80, 0) => 0x0F]   (Out: nRESET=0  =>  In: SWCLK/TCK=1, SWDIO/TMS=1, TDI=1, TDO=1, nTRST=0, nRESET=0)
[13:04:41.824]        // -> [canReadPins <= 0x00000001]
[13:04:41.824]    </block>
[13:04:41.824]    <control if="" while="1" timeout="200" info="">
[13:04:41.824]      // while "1"  (timeout="200")
[13:04:41.824]      // while-condition  =>  TRUE
[13:04:41.824]      // while "1"  (timeout="200")
[13:04:41.824]      // while-condition  =>  TRUE
[13:04:41.824]      // while "1"  (timeout="200")
[13:04:41.824]      // while-condition  =>  TRUE
[13:04:41.824]      // while "1"  (timeout="200")
[13:04:41.824]      // while-condition  =>  TRUE
[13:04:41.824]      // while "1"  (timeout="200")
[13:04:41.824]      // while-condition  =>  TRUE
[13:04:41.824]      // while "1"  (timeout="200")
[13:04:41.824]      // while-condition  =>  TRUE
[13:04:41.824]      // while "1"  (timeout="200")
[13:04:41.824]      // while-condition  =>  TRUE
[13:04:41.824]      // while "1"  (timeout="200")
[13:04:41.824]      // while-condition  =>  TRUE
[13:04:41.824]      // while "1"  (timeout="200")
[13:04:41.824]      // while-condition  =>  TRUE
[13:04:41.824]      // while "1"  (timeout="200")
[13:04:41.824]      // while-condition  =>  TRUE
[13:04:41.824]      // while "1"  (timeout="200")
[13:04:41.824]      // while-condition  =>  TRUE
[13:04:41.824]      // while "1"  (timeout="200")
[13:04:41.824]      // while-condition  =>  TRUE
[13:04:41.824]      // while "1"  (timeout="200")
[13:04:41.824]      // while-condition  =>  TRUE
[13:04:41.824]      // while "1"  (timeout="200")
[13:04:41.824]      // while-condition  =>  TRUE
[13:04:41.824]      // while "1"  (timeout="200")
[13:04:41.824]      // while-condition  =>  TRUE
[13:04:41.824]      // while "1"  (timeout="200")
[13:04:41.824]      // while-condition  =>  TRUE
[13:04:41.824]      // while "1"  (timeout="200")
[13:04:41.824]      // while-condition  =>  TRUE
[13:04:41.824]      // while "1"  (timeout="200")
[13:04:41.824]      // while-condition  =>  TRUE
[13:04:41.824]      // while "1"  (timeout="200")
[13:04:41.824]      // while-condition  =>  TRUE
[13:04:41.824]      // while "1"  (timeout="200")
[13:04:41.824]      // while-condition  =>  TRUE
[13:04:41.824]      // while "1"  (timeout="200")
[13:04:41.824]      // while-condition  =>  TRUE
[13:04:41.824]      // while "1"  (timeout="200")
[13:04:41.824]      // while-condition  =>  TRUE
[13:04:41.824]      // while "1"  (timeout="200")
[13:04:41.824]      // while-condition  =>  TRUE
[13:04:41.824]      // while "1"  (timeout="200")
[13:04:41.824]      // while-condition  =>  TRUE
[13:04:41.824]      // while "1"  (timeout="200")
[13:04:41.824]      // while-condition  =>  TRUE
[13:04:41.824]      // while "1"  (timeout="200")
[13:04:41.824]      // while-condition  =>  TRUE
[13:04:41.824]      // while "1"  (timeout="200")
[13:04:41.824]      // while-condition  =>  TRUE
[13:04:41.824]      // while "1"  (timeout="200")
[13:04:41.824]      // while-condition  =>  TRUE
[13:04:41.824]      // while "1"  (timeout="200")
[13:04:41.824]      // while-condition  =>  TRUE
[13:04:41.824]      // while "1"  (timeout="200")
[13:04:41.824]      // while-condition  =>  TRUE
[13:04:41.824]      // while "1"  (timeout="200")
[13:04:41.824]      // while-condition  =>  TRUE
[13:04:41.824]      // while "1"  (timeout="200")
[13:04:41.824]      // while-condition  =>  TRUE
[13:04:41.824]      // while "1"  (timeout="200")
[13:04:41.824]      // while-condition  =>  TRUE
[13:04:41.824]      // while "1"  (timeout="200")
[13:04:41.824]      // while-condition  =>  TRUE
[13:04:41.824]      // while "1"  (timeout="200")
[13:04:41.824]      // while-condition  =>  TRUE
[13:04:41.824]      // while "1"  (timeout="200")
[13:04:41.824]      // while-condition  =>  TRUE
[13:04:41.824]      // while "1"  (timeout="200")
[13:04:41.824]      // while-condition  =>  TRUE
[13:04:41.835]      // while "1"  (timeout="200")
[13:04:41.835]      // while  =>  TIMEOUT
[13:04:41.835]      // end while "1"
[13:04:41.835]    </control>
[13:04:41.835]    <control if="canReadPins" while="" timeout="0" info="">
[13:04:41.835]      // if-block "canReadPins"
[13:04:41.835]        // =>  TRUE
[13:04:41.835]      <control if="" while="(DAP_SWJ_Pins(nReset, nReset, 0) & nReset) == 0" timeout="1000000" info="">
[13:04:41.835]        // while "(DAP_SWJ_Pins(nReset, nReset, 0) & nReset) == 0"  (timeout="1000000")
[13:04:41.835]          // -> [DAP_SWJ_Pins(0x80, 0x80, 0) => 0x8F]   (Out: nRESET=1  =>  In: SWCLK/TCK=1, SWDIO/TMS=1, TDI=1, TDO=1, nTRST=0, nRESET=1)
[13:04:41.835]        // while-condition  =>  FALSE
[13:04:41.835]        // end while "(DAP_SWJ_Pins(nReset, nReset, 0) & nReset) == 0"
[13:04:41.835]      </control>
[13:04:41.835]      // end if-block "canReadPins"
[13:04:41.835]    </control>
[13:04:41.835]    <control if="!canReadPins" while="" timeout="0" info="">
[13:04:41.835]      // if-block "!canReadPins"
[13:04:41.835]        // =>  FALSE
[13:04:41.835]      // skip if-block "!canReadPins"
[13:04:41.835]    </control>
[13:04:41.835]    <control if="(ACCESS_POINT_VAL & 0x00E00000) == 0" while="" timeout="0" info="">
[13:04:41.835]      // if-block "(ACCESS_POINT_VAL & 0x00E00000) == 0"
[13:04:41.835]        // =>  TRUE
[13:04:41.835]      <block atomic="false" info="">
[13:04:41.835]        WriteAP(0x00, 0x190008);
[13:04:41.835]          // -> [WriteAP(0x00000000, 0x00190008)]   (__dp=0x00000000, __ap=0x00000004)
[13:04:41.835]        WriteAP(0xF0, 0x01);
[13:04:41.848]          // -> [WriteAP(0x000000F0, 0x00000001)]   (__dp=0x00000000, __ap=0x00000004)
[13:04:41.848]      </block>
[13:04:41.848]      // end if-block "(ACCESS_POINT_VAL & 0x00E00000) == 0"
[13:04:41.848]    </control>
[13:04:41.848]    <control if="(ACCESS_POINT_VAL & 0x00E00000) != 0" while="" timeout="0" info="">
[13:04:41.848]      // if-block "(ACCESS_POINT_VAL & 0x00E00000) != 0"
[13:04:41.848]        // =>  FALSE
[13:04:41.848]      // skip if-block "(ACCESS_POINT_VAL & 0x00E00000) != 0"
[13:04:41.848]    </control>
[13:04:41.848]    <block atomic="false" info="">
[13:04:41.848]      ACCESS_POINT_VAL = ReadAP(0x00);//Reading current state of access point
[13:04:41.848]        // -> [ReadAP(0x00000000) => 0x0079002F]   (__dp=0x00000000, __ap=0x00000004)
[13:04:41.848]        // -> [ACCESS_POINT_VAL <= 0x0079002F]
[13:04:41.848]      Message(0, "Current state of access point is: %x",ACCESS_POINT_VAL);
[13:04:41.848]      __ap = 0; //lets make sure we reset the access point selection
[13:04:41.848]        // -> [__ap <= 0x00000000]
[13:04:41.848]    </block>
[13:04:41.848]  </sequence>
[13:04:41.848]  
[13:04:41.878]  **********  Sequence "DebugDeviceUnlock"  (Context="Connect", Pname="", info="")
[13:04:41.878]  
[13:04:41.878]  <debugvars>
[13:04:41.878]    // Pre-defined
[13:04:41.878]    __protocol=0x00010002      (Protocol="SWD", SWJ-DP="True")
[13:04:41.878]    __connection=0x00000202    (Connection Type="Flash", Reset Type="System Reset")
[13:04:41.878]    __dp=0x00000000
[13:04:41.878]    __ap=0x00000000
[13:04:41.878]    __traceout=0x00000000      (Trace Disabled)
[13:04:41.878]    __errorcontrol=0x00000000  (Skip Errors="False")
[13:04:41.878]    __FlashAddr=0x00000000
[13:04:41.878]    __FlashLen=0x00000000
[13:04:41.878]    __FlashArg=0x00000000
[13:04:41.878]    __FlashOp=0x00000000
[13:04:41.878]    __Result=0x00000000
[13:04:41.878]  </debugvars>
[13:04:41.878]  
[13:04:41.878]  <sequence name="DebugDeviceUnlock" Pname="" disable="false" info="">
[13:04:41.878]    <block atomic="false" info="">
[13:04:41.878]      __var deviceID = 0;
[13:04:41.878]        // -> [deviceID <= 0x00000000]
[13:04:41.878]      __var version = 0;
[13:04:41.878]        // -> [version <= 0x00000000]
[13:04:41.878]      __var partNum = 0;
[13:04:41.878]        // -> [partNum <= 0x00000000]
[13:04:41.878]      __var manuf = 0;
[13:04:41.878]        // -> [manuf <= 0x00000000]
[13:04:41.878]      __var isMSPM0G1X0X_G3X0X = 0;
[13:04:41.878]        // -> [isMSPM0G1X0X_G3X0X <= 0x00000000]
[13:04:41.878]      __var isProduction = 0;
[13:04:41.878]        // -> [isProduction <= 0x00000000]
[13:04:41.878]      __var continueId = 0;
[13:04:41.878]        // -> [continueId <= 0x00000000]
[13:04:41.878]      deviceID =   Read32(0x41C40004);
[13:04:41.888]        // -> [Read32(0x41C40004) => 0x2BB8802F]   (__dp=0x00000000, __ap=0x00000000)
[13:04:41.888]        // -> [deviceID <= 0x2BB8802F]
[13:04:41.888]      version = deviceID >> 28;
[13:04:41.888]        // -> [version <= 0x00000002]
[13:04:41.888]      partNum = (deviceID & 0x0FFFF000) >> 12;
[13:04:41.888]        // -> [partNum <= 0x0000BB88]
[13:04:41.888]      manuf = (deviceID & 0x00000FFE) >> 1;
[13:04:41.888]        // -> [manuf <= 0x00000017]
[13:04:41.888]      isMSPM0G1X0X_G3X0X = (partNum == 0xBB88) && (manuf == 0x17);
[13:04:41.888]        // -> [isMSPM0G1X0X_G3X0X <= 0x00000001]
[13:04:41.888]      isProduction = (version > 0);
[13:04:41.888]        // -> [isProduction <= 0x00000001]
[13:04:41.888]    </block>
[13:04:41.888]    <control if="!isMSPM0G1X0X_G3X0X" while="" timeout="0" info="">
[13:04:41.888]      // if-block "!isMSPM0G1X0X_G3X0X"
[13:04:41.888]        // =>  FALSE
[13:04:41.888]      // skip if-block "!isMSPM0G1X0X_G3X0X"
[13:04:41.888]    </control>
[13:04:41.888]    <control if="continueId == 4" while="" timeout="0" info="">
[13:04:41.888]      // if-block "continueId == 4"
[13:04:41.888]        // =>  FALSE
[13:04:41.888]      // skip if-block "continueId == 4"
[13:04:41.888]    </control>
[13:04:41.888]    <control if="!isProduction" while="" timeout="0" info="">
[13:04:41.888]      // if-block "!isProduction"
[13:04:41.888]        // =>  FALSE
[13:04:41.888]      // skip if-block "!isProduction"
[13:04:41.888]    </control>
[13:04:41.888]  </sequence>
[13:04:41.888]  
