<!doctype html public "-//w3c//dtd html 4.0 transitional//en">
<html><head>
<title>Static Call Graph - [.\Objects\SeekFree_MSPM0G3507_Device_Library.axf]</title></head>
<body><HR>
<H1>Static Call Graph for image .\Objects\SeekFree_MSPM0G3507_Device_Library.axf</H1><HR>
<BR><P>#&#060CALLGRAPH&#062# ARM Linker, 6240002: Last Updated: Mon Jul 27 20:57:47 2026
<BR><P>
<H3>Maximum Stack Usage =       1912 bytes + Unknown(Cycles, Untraceable Function Pointers)</H3><H3>
Call chain for Maximum Stack Depth:</H3>
__rt_entry_main &rArr; main &rArr; test_line_follow_real_run &rArr; line_follow_real_show_status &rArr; line_follow_real_show_int &rArr; ili9341_show_int &rArr; ili9341_show_uint &rArr; ili9341_show_string &rArr; ili9341_show_char &rArr; ili9341_set_window &rArr; ili9341_write_command_data &rArr; spi_write_8bit_array &rArr; debug_assert_handler &rArr; debug_output &rArr; sprintf &rArr; _printf_char_common &rArr; __printf
<P>
<H3>
Mutually Recursive functions
</H3> <LI><a href="#[1]">NMI_Handler</a>&nbsp;&nbsp;&nbsp;&rArr;&nbsp;&nbsp;&nbsp;<a href="#[1]">NMI_Handler</a><BR>
 <LI><a href="#[2]">HardFault_Handler</a>&nbsp;&nbsp;&nbsp;&rArr;&nbsp;&nbsp;&nbsp;<a href="#[2]">HardFault_Handler</a><BR>
 <LI><a href="#[3]">SVC_Handler</a>&nbsp;&nbsp;&nbsp;&rArr;&nbsp;&nbsp;&nbsp;<a href="#[3]">SVC_Handler</a><BR>
 <LI><a href="#[4]">PendSV_Handler</a>&nbsp;&nbsp;&nbsp;&rArr;&nbsp;&nbsp;&nbsp;<a href="#[4]">PendSV_Handler</a><BR>
 <LI><a href="#[5]">SysTick_Handler</a>&nbsp;&nbsp;&nbsp;&rArr;&nbsp;&nbsp;&nbsp;<a href="#[5]">SysTick_Handler</a><BR>
</UL>
<P>
<H3>
Function Pointers
</H3><UL>
 <LI><a href="#[a]">ADC0_IRQHandler</a> from startup_mspm0g350x_uvision.o(.text) referenced from startup_mspm0g350x_uvision.o(RESET)
 <LI><a href="#[b]">ADC1_IRQHandler</a> from startup_mspm0g350x_uvision.o(.text) referenced from startup_mspm0g350x_uvision.o(RESET)
 <LI><a href="#[1b]">AES_IRQHandler</a> from startup_mspm0g350x_uvision.o(.text) referenced from startup_mspm0g350x_uvision.o(RESET)
 <LI><a href="#[c]">CANFD0_IRQHandler</a> from startup_mspm0g350x_uvision.o(.text) referenced from startup_mspm0g350x_uvision.o(RESET)
 <LI><a href="#[d]">DAC0_IRQHandler</a> from startup_mspm0g350x_uvision.o(.text) referenced from startup_mspm0g350x_uvision.o(RESET)
 <LI><a href="#[1d]">DMA_IRQHandler</a> from startup_mspm0g350x_uvision.o(.text) referenced from startup_mspm0g350x_uvision.o(RESET)
 <LI><a href="#[6]">GROUP0_IRQHandler</a> from startup_mspm0g350x_uvision.o(.text) referenced from startup_mspm0g350x_uvision.o(RESET)
 <LI><a href="#[7]">GROUP1_IRQHandler</a> from isr.o(.text.GROUP1_IRQHandler) referenced from startup_mspm0g350x_uvision.o(RESET)
 <LI><a href="#[2]">HardFault_Handler</a> from startup_mspm0g350x_uvision.o(.text) referenced from startup_mspm0g350x_uvision.o(RESET)
 <LI><a href="#[19]">I2C0_IRQHandler</a> from startup_mspm0g350x_uvision.o(.text) referenced from startup_mspm0g350x_uvision.o(RESET)
 <LI><a href="#[1a]">I2C1_IRQHandler</a> from startup_mspm0g350x_uvision.o(.text) referenced from startup_mspm0g350x_uvision.o(RESET)
 <LI><a href="#[1]">NMI_Handler</a> from startup_mspm0g350x_uvision.o(.text) referenced from startup_mspm0g350x_uvision.o(RESET)
 <LI><a href="#[4]">PendSV_Handler</a> from startup_mspm0g350x_uvision.o(.text) referenced from startup_mspm0g350x_uvision.o(RESET)
 <LI><a href="#[1c]">RTC_IRQHandler</a> from startup_mspm0g350x_uvision.o(.text) referenced from startup_mspm0g350x_uvision.o(RESET)
 <LI><a href="#[0]">Reset_Handler</a> from startup_mspm0g350x_uvision.o(.text) referenced from startup_mspm0g350x_uvision.o(RESET)
 <LI><a href="#[e]">SPI0_IRQHandler</a> from startup_mspm0g350x_uvision.o(.text) referenced from startup_mspm0g350x_uvision.o(RESET)
 <LI><a href="#[f]">SPI1_IRQHandler</a> from startup_mspm0g350x_uvision.o(.text) referenced from startup_mspm0g350x_uvision.o(RESET)
 <LI><a href="#[3]">SVC_Handler</a> from startup_mspm0g350x_uvision.o(.text) referenced from startup_mspm0g350x_uvision.o(RESET)
 <LI><a href="#[5]">SysTick_Handler</a> from startup_mspm0g350x_uvision.o(.text) referenced from startup_mspm0g350x_uvision.o(RESET)
 <LI><a href="#[15]">TIMA0_IRQHandler</a> from isr.o(.text.TIMA0_IRQHandler) referenced from startup_mspm0g350x_uvision.o(RESET)
 <LI><a href="#[16]">TIMA1_IRQHandler</a> from isr.o(.text.TIMA1_IRQHandler) referenced from startup_mspm0g350x_uvision.o(RESET)
 <LI><a href="#[13]">TIMG0_IRQHandler</a> from isr.o(.text.TIMG0_IRQHandler) referenced from startup_mspm0g350x_uvision.o(RESET)
 <LI><a href="#[18]">TIMG12_IRQHandler</a> from isr.o(.text.TIMG12_IRQHandler) referenced from startup_mspm0g350x_uvision.o(RESET)
 <LI><a href="#[14]">TIMG6_IRQHandler</a> from isr.o(.text.TIMG6_IRQHandler) referenced from startup_mspm0g350x_uvision.o(RESET)
 <LI><a href="#[17]">TIMG7_IRQHandler</a> from isr.o(.text.TIMG7_IRQHandler) referenced from startup_mspm0g350x_uvision.o(RESET)
 <LI><a href="#[8]">TIMG8_IRQHandler</a> from isr.o(.text.TIMG8_IRQHandler) referenced from startup_mspm0g350x_uvision.o(RESET)
 <LI><a href="#[12]">UART0_IRQHandler</a> from isr.o(.text.UART0_IRQHandler) referenced from startup_mspm0g350x_uvision.o(RESET)
 <LI><a href="#[10]">UART1_IRQHandler</a> from isr.o(.text.UART1_IRQHandler) referenced from startup_mspm0g350x_uvision.o(RESET)
 <LI><a href="#[11]">UART2_IRQHandler</a> from isr.o(.text.UART2_IRQHandler) referenced from startup_mspm0g350x_uvision.o(RESET)
 <LI><a href="#[9]">UART3_IRQHandler</a> from isr.o(.text.UART3_IRQHandler) referenced from startup_mspm0g350x_uvision.o(RESET)
 <LI><a href="#[1e]">__main</a> from __main.o(!!!main) referenced from startup_mspm0g350x_uvision.o(.text)
 <LI><a href="#[20]">_get_lc_ctype</a> from lc_ctype_c.o(locale$$code) referenced from rt_ctype_table.o(.text)
 <LI><a href="#[27]">_printf_fp_dec_real</a> from _printf_fp_dec.o(.text) referenced from printf1.o(x$fpl$printf1)
 <LI><a href="#[28]">_printf_fp_hex_real</a> from _printf_fp_hex.o(.text) referenced from printf2.o(x$fpl$printf2)
 <LI><a href="#[21]">_printf_input_char</a> from _printf_char_common.o(.text) referenced from _printf_char_common.o(.text)
 <LI><a href="#[1f]">_sputc</a> from _sputc.o(.text) referenced from sprintf.o(.text)
 <LI><a href="#[22]">control_pit_callback</a> from control_scheduler.o(.text.control_pit_callback) referenced from control_scheduler.o(.text.control_scheduler_start)
 <LI><a href="#[23]">debug_uart_str_output</a> from zf_common_debug.o(.text.debug_uart_str_output) referenced from zf_common_debug.o(.text.debug_init)
 <LI><a href="#[24]">exti_callbakc_defalut</a> from zf_driver_exti.o(.text.exti_callbakc_defalut) referenced 32 times from zf_driver_exti.o(.data.exti_callback_list)
 <LI><a href="#[24]">exti_callbakc_defalut</a> from zf_driver_exti.o(.text.exti_callbakc_defalut) referenced from zf_driver_exti.o(.text.exti_init)
 <LI><a href="#[25]">my_encoder_right_callback</a> from my_lib_encoder.o(.text.my_encoder_right_callback) referenced from my_lib_encoder.o(.text.my_encoder_init)
 <LI><a href="#[26]">pit_callbakc_defalut</a> from zf_driver_pit.o(.text.pit_callbakc_defalut) referenced 7 times from zf_driver_pit.o(.data.pit_callback_ptr_list)
 <LI><a href="#[26]">pit_callbakc_defalut</a> from zf_driver_pit.o(.text.pit_callbakc_defalut) referenced from zf_driver_pit.o(.text.pit_us_init)
 <LI><a href="#[2a]">type_default_callback</a> from zf_device_type.o(.text.type_default_callback) referenced from zf_device_type.o(.data.wireless_module_uart_handler)
 <LI><a href="#[29]">uart_callbakc_defalut</a> from zf_driver_uart.o(.text.uart_callbakc_defalut) referenced 4 times from zf_driver_uart.o(.data.uart_callback_list)
</UL>
<P>
<H3>
Global Symbols
</H3>
<P><STRONG><a name="[1e]"></a>__main</STRONG> (Thumb, 8 bytes, Stack size 0 bytes, __main.o(!!!main))
<BR><BR>[Calls]<UL><LI><a href="#[2c]">&gt;&gt;</a>&nbsp;&nbsp;&nbsp;__rt_entry
<LI><a href="#[2b]">&gt;&gt;</a>&nbsp;&nbsp;&nbsp;__scatterload
</UL>
<BR>[Address Reference Count : 1]<UL><LI> startup_mspm0g350x_uvision.o(.text)
</UL>
<P><STRONG><a name="[2b]"></a>__scatterload</STRONG> (Thumb, 0 bytes, Stack size unknown bytes, __scatter.o(!!!scatter))
<BR><BR>[Called By]<UL><LI><a href="#[1e]">&gt;&gt;</a>&nbsp;&nbsp;&nbsp;__main
</UL>

<P><STRONG><a name="[2d]"></a>__scatterload_rt2</STRONG> (Thumb, 74 bytes, Stack size unknown bytes, __scatter.o(!!!scatter), UNUSED)
<BR><BR>[Calls]<UL><LI><a href="#[2c]">&gt;&gt;</a>&nbsp;&nbsp;&nbsp;__rt_entry
</UL>

<P><STRONG><a name="[21f]"></a>__scatterload_rt2_thumb_only</STRONG> (Thumb, 0 bytes, Stack size unknown bytes, __scatter.o(!!!scatter), UNUSED)

<P><STRONG><a name="[220]"></a>__scatterload_loop</STRONG> (Thumb, 0 bytes, Stack size unknown bytes, __scatter.o(!!!scatter), UNUSED)

<P><STRONG><a name="[2e]"></a>__scatterload_copy</STRONG> (Thumb, 26 bytes, Stack size unknown bytes, __scatter_copy.o(!!handler_copy), UNUSED)
<BR><BR>[Calls]<UL><LI><a href="#[2e]">&gt;&gt;</a>&nbsp;&nbsp;&nbsp;__scatterload_copy
</UL>
<BR>[Called By]<UL><LI><a href="#[2e]">&gt;&gt;</a>&nbsp;&nbsp;&nbsp;__scatterload_copy
</UL>

<P><STRONG><a name="[221]"></a>__scatterload_null</STRONG> (Thumb, 2 bytes, Stack size unknown bytes, __scatter.o(!!handler_null), UNUSED)

<P><STRONG><a name="[222]"></a>__scatterload_zeroinit</STRONG> (Thumb, 28 bytes, Stack size unknown bytes, __scatter_zi.o(!!handler_zi), UNUSED)

<P><STRONG><a name="[8e]"></a>_printf_percent</STRONG> (Thumb, 0 bytes, Stack size unknown bytes, _printf_percent.o(.ARM.Collect$$_printf_percent$$00000000))
<BR><BR>[Called By]<UL><LI><a href="#[87]">&gt;&gt;</a>&nbsp;&nbsp;&nbsp;__printf
</UL>

<P><STRONG><a name="[2f]"></a>_printf_n</STRONG> (Thumb, 0 bytes, Stack size unknown bytes, _printf_n.o(.ARM.Collect$$_printf_percent$$00000001))
<BR><BR>[Stack]<UL><LI>Max Depth = 96 + Unknown Stack Size
<LI>Call Chain = _printf_n &rArr; _printf_p &rArr; _printf_f &rArr; _printf_e &rArr; _printf_g &rArr; _printf_a &rArr; _printf_ll &rArr; _printf_i &rArr; _printf_d &rArr; _printf_u &rArr; _printf_o &rArr; _printf_x &rArr; _printf_int_hex &rArr; _printf_longlong_hex &rArr; _printf_int_common &rArr; _printf_post_padding
</UL>
<BR>[Calls]<UL><LI><a href="#[31]">&gt;&gt;</a>&nbsp;&nbsp;&nbsp;_printf_charcount
<LI><a href="#[30]">&gt;&gt;</a>&nbsp;&nbsp;&nbsp;_printf_p
</UL>

<P><STRONG><a name="[30]"></a>_printf_p</STRONG> (Thumb, 0 bytes, Stack size unknown bytes, _printf_p.o(.ARM.Collect$$_printf_percent$$00000002))
<BR><BR>[Stack]<UL><LI>Max Depth = 96 + Unknown Stack Size
<LI>Call Chain = _printf_p &rArr; _printf_f &rArr; _printf_e &rArr; _printf_g &rArr; _printf_a &rArr; _printf_ll &rArr; _printf_i &rArr; _printf_d &rArr; _printf_u &rArr; _printf_o &rArr; _printf_x &rArr; _printf_int_hex &rArr; _printf_longlong_hex &rArr; _printf_int_common &rArr; _printf_post_padding
</UL>
<BR>[Calls]<UL><LI><a href="#[33]">&gt;&gt;</a>&nbsp;&nbsp;&nbsp;_printf_hex_ptr
<LI><a href="#[32]">&gt;&gt;</a>&nbsp;&nbsp;&nbsp;_printf_f
</UL>
<BR>[Called By]<UL><LI><a href="#[2f]">&gt;&gt;</a>&nbsp;&nbsp;&nbsp;_printf_n
</UL>

<P><STRONG><a name="[32]"></a>_printf_f</STRONG> (Thumb, 0 bytes, Stack size unknown bytes, _printf_f.o(.ARM.Collect$$_printf_percent$$00000003))
<BR><BR>[Stack]<UL><LI>Max Depth = 96 + Unknown Stack Size
<LI>Call Chain = _printf_f &rArr; _printf_e &rArr; _printf_g &rArr; _printf_a &rArr; _printf_ll &rArr; _printf_i &rArr; _printf_d &rArr; _printf_u &rArr; _printf_o &rArr; _printf_x &rArr; _printf_int_hex &rArr; _printf_longlong_hex &rArr; _printf_int_common &rArr; _printf_post_padding
</UL>
<BR>[Calls]<UL><LI><a href="#[35]">&gt;&gt;</a>&nbsp;&nbsp;&nbsp;_printf_fp_dec
<LI><a href="#[34]">&gt;&gt;</a>&nbsp;&nbsp;&nbsp;_printf_e
</UL>
<BR>[Called By]<UL><LI><a href="#[30]">&gt;&gt;</a>&nbsp;&nbsp;&nbsp;_printf_p
</UL>

<P><STRONG><a name="[34]"></a>_printf_e</STRONG> (Thumb, 0 bytes, Stack size unknown bytes, _printf_e.o(.ARM.Collect$$_printf_percent$$00000004))
<BR><BR>[Stack]<UL><LI>Max Depth = 96 + Unknown Stack Size
<LI>Call Chain = _printf_e &rArr; _printf_g &rArr; _printf_a &rArr; _printf_ll &rArr; _printf_i &rArr; _printf_d &rArr; _printf_u &rArr; _printf_o &rArr; _printf_x &rArr; _printf_int_hex &rArr; _printf_longlong_hex &rArr; _printf_int_common &rArr; _printf_post_padding
</UL>
<BR>[Calls]<UL><LI><a href="#[35]">&gt;&gt;</a>&nbsp;&nbsp;&nbsp;_printf_fp_dec
<LI><a href="#[36]">&gt;&gt;</a>&nbsp;&nbsp;&nbsp;_printf_g
</UL>
<BR>[Called By]<UL><LI><a href="#[32]">&gt;&gt;</a>&nbsp;&nbsp;&nbsp;_printf_f
</UL>

<P><STRONG><a name="[36]"></a>_printf_g</STRONG> (Thumb, 0 bytes, Stack size unknown bytes, _printf_g.o(.ARM.Collect$$_printf_percent$$00000005))
<BR><BR>[Stack]<UL><LI>Max Depth = 96 + Unknown Stack Size
<LI>Call Chain = _printf_g &rArr; _printf_a &rArr; _printf_ll &rArr; _printf_i &rArr; _printf_d &rArr; _printf_u &rArr; _printf_o &rArr; _printf_x &rArr; _printf_int_hex &rArr; _printf_longlong_hex &rArr; _printf_int_common &rArr; _printf_post_padding
</UL>
<BR>[Calls]<UL><LI><a href="#[35]">&gt;&gt;</a>&nbsp;&nbsp;&nbsp;_printf_fp_dec
<LI><a href="#[37]">&gt;&gt;</a>&nbsp;&nbsp;&nbsp;_printf_a
</UL>
<BR>[Called By]<UL><LI><a href="#[34]">&gt;&gt;</a>&nbsp;&nbsp;&nbsp;_printf_e
</UL>

<P><STRONG><a name="[37]"></a>_printf_a</STRONG> (Thumb, 0 bytes, Stack size unknown bytes, _printf_a.o(.ARM.Collect$$_printf_percent$$00000006))
<BR><BR>[Stack]<UL><LI>Max Depth = 96 + Unknown Stack Size
<LI>Call Chain = _printf_a &rArr; _printf_ll &rArr; _printf_i &rArr; _printf_d &rArr; _printf_u &rArr; _printf_o &rArr; _printf_x &rArr; _printf_int_hex &rArr; _printf_longlong_hex &rArr; _printf_int_common &rArr; _printf_post_padding
</UL>
<BR>[Calls]<UL><LI><a href="#[39]">&gt;&gt;</a>&nbsp;&nbsp;&nbsp;_printf_fp_hex
<LI><a href="#[38]">&gt;&gt;</a>&nbsp;&nbsp;&nbsp;_printf_ll
</UL>
<BR>[Called By]<UL><LI><a href="#[36]">&gt;&gt;</a>&nbsp;&nbsp;&nbsp;_printf_g
</UL>

<P><STRONG><a name="[38]"></a>_printf_ll</STRONG> (Thumb, 0 bytes, Stack size unknown bytes, _printf_ll.o(.ARM.Collect$$_printf_percent$$00000007))
<BR><BR>[Stack]<UL><LI>Max Depth = 96 + Unknown Stack Size
<LI>Call Chain = _printf_ll &rArr; _printf_i &rArr; _printf_d &rArr; _printf_u &rArr; _printf_o &rArr; _printf_x &rArr; _printf_int_hex &rArr; _printf_longlong_hex &rArr; _printf_int_common &rArr; _printf_post_padding
</UL>
<BR>[Calls]<UL><LI><a href="#[3a]">&gt;&gt;</a>&nbsp;&nbsp;&nbsp;_printf_i
</UL>
<BR>[Called By]<UL><LI><a href="#[37]">&gt;&gt;</a>&nbsp;&nbsp;&nbsp;_printf_a
</UL>

<P><STRONG><a name="[3a]"></a>_printf_i</STRONG> (Thumb, 0 bytes, Stack size unknown bytes, _printf_i.o(.ARM.Collect$$_printf_percent$$00000008))
<BR><BR>[Stack]<UL><LI>Max Depth = 96 + Unknown Stack Size
<LI>Call Chain = _printf_i &rArr; _printf_d &rArr; _printf_u &rArr; _printf_o &rArr; _printf_x &rArr; _printf_int_hex &rArr; _printf_longlong_hex &rArr; _printf_int_common &rArr; _printf_post_padding
</UL>
<BR>[Calls]<UL><LI><a href="#[3c]">&gt;&gt;</a>&nbsp;&nbsp;&nbsp;_printf_int_dec
<LI><a href="#[3b]">&gt;&gt;</a>&nbsp;&nbsp;&nbsp;_printf_d
</UL>
<BR>[Called By]<UL><LI><a href="#[38]">&gt;&gt;</a>&nbsp;&nbsp;&nbsp;_printf_ll
</UL>

<P><STRONG><a name="[3b]"></a>_printf_d</STRONG> (Thumb, 0 bytes, Stack size unknown bytes, _printf_d.o(.ARM.Collect$$_printf_percent$$00000009))
<BR><BR>[Stack]<UL><LI>Max Depth = 96 + Unknown Stack Size
<LI>Call Chain = _printf_d &rArr; _printf_u &rArr; _printf_o &rArr; _printf_x &rArr; _printf_int_hex &rArr; _printf_longlong_hex &rArr; _printf_int_common &rArr; _printf_post_padding
</UL>
<BR>[Calls]<UL><LI><a href="#[3c]">&gt;&gt;</a>&nbsp;&nbsp;&nbsp;_printf_int_dec
<LI><a href="#[3d]">&gt;&gt;</a>&nbsp;&nbsp;&nbsp;_printf_u
</UL>
<BR>[Called By]<UL><LI><a href="#[3a]">&gt;&gt;</a>&nbsp;&nbsp;&nbsp;_printf_i
</UL>

<P><STRONG><a name="[3d]"></a>_printf_u</STRONG> (Thumb, 0 bytes, Stack size unknown bytes, _printf_u.o(.ARM.Collect$$_printf_percent$$0000000A))
<BR><BR>[Stack]<UL><LI>Max Depth = 96 + Unknown Stack Size
<LI>Call Chain = _printf_u &rArr; _printf_o &rArr; _printf_x &rArr; _printf_int_hex &rArr; _printf_longlong_hex &rArr; _printf_int_common &rArr; _printf_post_padding
</UL>
<BR>[Calls]<UL><LI><a href="#[3c]">&gt;&gt;</a>&nbsp;&nbsp;&nbsp;_printf_int_dec
<LI><a href="#[3e]">&gt;&gt;</a>&nbsp;&nbsp;&nbsp;_printf_o
</UL>
<BR>[Called By]<UL><LI><a href="#[3b]">&gt;&gt;</a>&nbsp;&nbsp;&nbsp;_printf_d
</UL>

<P><STRONG><a name="[3e]"></a>_printf_o</STRONG> (Thumb, 0 bytes, Stack size unknown bytes, _printf_o.o(.ARM.Collect$$_printf_percent$$0000000B))
<BR><BR>[Stack]<UL><LI>Max Depth = 96 + Unknown Stack Size
<LI>Call Chain = _printf_o &rArr; _printf_x &rArr; _printf_int_hex &rArr; _printf_longlong_hex &rArr; _printf_int_common &rArr; _printf_post_padding
</UL>
<BR>[Calls]<UL><LI><a href="#[40]">&gt;&gt;</a>&nbsp;&nbsp;&nbsp;_printf_int_oct
<LI><a href="#[3f]">&gt;&gt;</a>&nbsp;&nbsp;&nbsp;_printf_x
</UL>
<BR>[Called By]<UL><LI><a href="#[3d]">&gt;&gt;</a>&nbsp;&nbsp;&nbsp;_printf_u
</UL>

<P><STRONG><a name="[3f]"></a>_printf_x</STRONG> (Thumb, 0 bytes, Stack size unknown bytes, _printf_x.o(.ARM.Collect$$_printf_percent$$0000000C))
<BR><BR>[Stack]<UL><LI>Max Depth = 96 + Unknown Stack Size
<LI>Call Chain = _printf_x &rArr; _printf_int_hex &rArr; _printf_longlong_hex &rArr; _printf_int_common &rArr; _printf_post_padding
</UL>
<BR>[Calls]<UL><LI><a href="#[42]">&gt;&gt;</a>&nbsp;&nbsp;&nbsp;_printf_int_hex
<LI><a href="#[41]">&gt;&gt;</a>&nbsp;&nbsp;&nbsp;_printf_lli
</UL>
<BR>[Called By]<UL><LI><a href="#[3e]">&gt;&gt;</a>&nbsp;&nbsp;&nbsp;_printf_o
</UL>

<P><STRONG><a name="[41]"></a>_printf_lli</STRONG> (Thumb, 0 bytes, Stack size unknown bytes, _printf_lli.o(.ARM.Collect$$_printf_percent$$0000000D))
<BR><BR>[Stack]<UL><LI>Max Depth = 88 + Unknown Stack Size
<LI>Call Chain = _printf_lli &rArr; _printf_longlong_dec &rArr; _printf_int_common &rArr; _printf_post_padding
</UL>
<BR>[Calls]<UL><LI><a href="#[44]">&gt;&gt;</a>&nbsp;&nbsp;&nbsp;_printf_longlong_dec
<LI><a href="#[43]">&gt;&gt;</a>&nbsp;&nbsp;&nbsp;_printf_lld
</UL>
<BR>[Called By]<UL><LI><a href="#[3f]">&gt;&gt;</a>&nbsp;&nbsp;&nbsp;_printf_x
</UL>

<P><STRONG><a name="[43]"></a>_printf_lld</STRONG> (Thumb, 0 bytes, Stack size unknown bytes, _printf_lld.o(.ARM.Collect$$_printf_percent$$0000000E))
<BR><BR>[Stack]<UL><LI>Max Depth = 88 + Unknown Stack Size
<LI>Call Chain = _printf_lld &rArr; _printf_longlong_dec &rArr; _printf_int_common &rArr; _printf_post_padding
</UL>
<BR>[Calls]<UL><LI><a href="#[44]">&gt;&gt;</a>&nbsp;&nbsp;&nbsp;_printf_longlong_dec
<LI><a href="#[45]">&gt;&gt;</a>&nbsp;&nbsp;&nbsp;_printf_llu
</UL>
<BR>[Called By]<UL><LI><a href="#[41]">&gt;&gt;</a>&nbsp;&nbsp;&nbsp;_printf_lli
</UL>

<P><STRONG><a name="[45]"></a>_printf_llu</STRONG> (Thumb, 0 bytes, Stack size unknown bytes, _printf_llu.o(.ARM.Collect$$_printf_percent$$0000000F))
<BR><BR>[Stack]<UL><LI>Max Depth = 88 + Unknown Stack Size
<LI>Call Chain = _printf_llu &rArr; _printf_longlong_dec &rArr; _printf_int_common &rArr; _printf_post_padding
</UL>
<BR>[Calls]<UL><LI><a href="#[44]">&gt;&gt;</a>&nbsp;&nbsp;&nbsp;_printf_longlong_dec
<LI><a href="#[46]">&gt;&gt;</a>&nbsp;&nbsp;&nbsp;_printf_llo
</UL>
<BR>[Called By]<UL><LI><a href="#[43]">&gt;&gt;</a>&nbsp;&nbsp;&nbsp;_printf_lld
</UL>

<P><STRONG><a name="[46]"></a>_printf_llo</STRONG> (Thumb, 0 bytes, Stack size unknown bytes, _printf_llo.o(.ARM.Collect$$_printf_percent$$00000010))
<BR><BR>[Stack]<UL><LI>Max Depth = 88 + Unknown Stack Size
<LI>Call Chain = _printf_llo &rArr; _printf_llx &rArr; _printf_l &rArr; _printf_c &rArr; _printf_s &rArr; _printf_lc &rArr; _printf_wchar &rArr; _printf_lcs_common &rArr; _printf_wctomb &rArr; _wcrtomb
</UL>
<BR>[Calls]<UL><LI><a href="#[48]">&gt;&gt;</a>&nbsp;&nbsp;&nbsp;_printf_ll_oct
<LI><a href="#[47]">&gt;&gt;</a>&nbsp;&nbsp;&nbsp;_printf_llx
</UL>
<BR>[Called By]<UL><LI><a href="#[45]">&gt;&gt;</a>&nbsp;&nbsp;&nbsp;_printf_llu
</UL>

<P><STRONG><a name="[47]"></a>_printf_llx</STRONG> (Thumb, 0 bytes, Stack size unknown bytes, _printf_llx.o(.ARM.Collect$$_printf_percent$$00000011))
<BR><BR>[Stack]<UL><LI>Max Depth = 88 + Unknown Stack Size
<LI>Call Chain = _printf_llx &rArr; _printf_l &rArr; _printf_c &rArr; _printf_s &rArr; _printf_lc &rArr; _printf_wchar &rArr; _printf_lcs_common &rArr; _printf_wctomb &rArr; _wcrtomb
</UL>
<BR>[Calls]<UL><LI><a href="#[4a]">&gt;&gt;</a>&nbsp;&nbsp;&nbsp;_printf_ll_hex
<LI><a href="#[49]">&gt;&gt;</a>&nbsp;&nbsp;&nbsp;_printf_l
</UL>
<BR>[Called By]<UL><LI><a href="#[46]">&gt;&gt;</a>&nbsp;&nbsp;&nbsp;_printf_llo
</UL>

<P><STRONG><a name="[49]"></a>_printf_l</STRONG> (Thumb, 0 bytes, Stack size unknown bytes, _printf_l.o(.ARM.Collect$$_printf_percent$$00000012))
<BR><BR>[Stack]<UL><LI>Max Depth = 88 + Unknown Stack Size
<LI>Call Chain = _printf_l &rArr; _printf_c &rArr; _printf_s &rArr; _printf_lc &rArr; _printf_wchar &rArr; _printf_lcs_common &rArr; _printf_wctomb &rArr; _wcrtomb
</UL>
<BR>[Calls]<UL><LI><a href="#[4b]">&gt;&gt;</a>&nbsp;&nbsp;&nbsp;_printf_c
</UL>
<BR>[Called By]<UL><LI><a href="#[47]">&gt;&gt;</a>&nbsp;&nbsp;&nbsp;_printf_llx
</UL>

<P><STRONG><a name="[4b]"></a>_printf_c</STRONG> (Thumb, 0 bytes, Stack size unknown bytes, _printf_c.o(.ARM.Collect$$_printf_percent$$00000013))
<BR><BR>[Stack]<UL><LI>Max Depth = 88 + Unknown Stack Size
<LI>Call Chain = _printf_c &rArr; _printf_s &rArr; _printf_lc &rArr; _printf_wchar &rArr; _printf_lcs_common &rArr; _printf_wctomb &rArr; _wcrtomb
</UL>
<BR>[Calls]<UL><LI><a href="#[4d]">&gt;&gt;</a>&nbsp;&nbsp;&nbsp;_printf_char
<LI><a href="#[4c]">&gt;&gt;</a>&nbsp;&nbsp;&nbsp;_printf_s
</UL>
<BR>[Called By]<UL><LI><a href="#[49]">&gt;&gt;</a>&nbsp;&nbsp;&nbsp;_printf_l
</UL>

<P><STRONG><a name="[4c]"></a>_printf_s</STRONG> (Thumb, 0 bytes, Stack size unknown bytes, _printf_s.o(.ARM.Collect$$_printf_percent$$00000014))
<BR><BR>[Stack]<UL><LI>Max Depth = 88 + Unknown Stack Size
<LI>Call Chain = _printf_s &rArr; _printf_lc &rArr; _printf_wchar &rArr; _printf_lcs_common &rArr; _printf_wctomb &rArr; _wcrtomb
</UL>
<BR>[Calls]<UL><LI><a href="#[4f]">&gt;&gt;</a>&nbsp;&nbsp;&nbsp;_printf_string
<LI><a href="#[4e]">&gt;&gt;</a>&nbsp;&nbsp;&nbsp;_printf_lc
</UL>
<BR>[Called By]<UL><LI><a href="#[4b]">&gt;&gt;</a>&nbsp;&nbsp;&nbsp;_printf_c
</UL>

<P><STRONG><a name="[4e]"></a>_printf_lc</STRONG> (Thumb, 0 bytes, Stack size unknown bytes, _printf_lc.o(.ARM.Collect$$_printf_percent$$00000015))
<BR><BR>[Stack]<UL><LI>Max Depth = 88 + Unknown Stack Size
<LI>Call Chain = _printf_lc &rArr; _printf_wchar &rArr; _printf_lcs_common &rArr; _printf_wctomb &rArr; _wcrtomb
</UL>
<BR>[Calls]<UL><LI><a href="#[51]">&gt;&gt;</a>&nbsp;&nbsp;&nbsp;_printf_wchar
<LI><a href="#[50]">&gt;&gt;</a>&nbsp;&nbsp;&nbsp;_printf_ls
</UL>
<BR>[Called By]<UL><LI><a href="#[4c]">&gt;&gt;</a>&nbsp;&nbsp;&nbsp;_printf_s
</UL>

<P><STRONG><a name="[50]"></a>_printf_ls</STRONG> (Thumb, 0 bytes, Stack size unknown bytes, _printf_ls.o(.ARM.Collect$$_printf_percent$$00000016))
<BR><BR>[Stack]<UL><LI>Max Depth = 88 + Unknown Stack Size
<LI>Call Chain = _printf_ls &rArr; _printf_wstring &rArr; _printf_lcs_common &rArr; _printf_wctomb &rArr; _wcrtomb
</UL>
<BR>[Calls]<UL><LI><a href="#[52]">&gt;&gt;</a>&nbsp;&nbsp;&nbsp;_printf_percent_end
<LI><a href="#[53]">&gt;&gt;</a>&nbsp;&nbsp;&nbsp;_printf_wstring
</UL>
<BR>[Called By]<UL><LI><a href="#[4e]">&gt;&gt;</a>&nbsp;&nbsp;&nbsp;_printf_lc
</UL>

<P><STRONG><a name="[52]"></a>_printf_percent_end</STRONG> (Thumb, 0 bytes, Stack size unknown bytes, _printf_percent_end.o(.ARM.Collect$$_printf_percent$$00000017))
<BR><BR>[Called By]<UL><LI><a href="#[50]">&gt;&gt;</a>&nbsp;&nbsp;&nbsp;_printf_ls
</UL>

<P><STRONG><a name="[5c]"></a>__rt_lib_init</STRONG> (Thumb, 0 bytes, Stack size unknown bytes, libinit.o(.ARM.Collect$$libinit$$00000000))
<BR><BR>[Called By]<UL><LI><a href="#[5b]">&gt;&gt;</a>&nbsp;&nbsp;&nbsp;__rt_entry_li
</UL>

<P><STRONG><a name="[223]"></a>__rt_lib_init_fp_1</STRONG> (Thumb, 0 bytes, Stack size unknown bytes, libinit2.o(.ARM.Collect$$libinit$$00000002))

<P><STRONG><a name="[224]"></a>__rt_lib_init_heap_1</STRONG> (Thumb, 0 bytes, Stack size unknown bytes, libinit2.o(.ARM.Collect$$libinit$$0000000C))

<P><STRONG><a name="[54]"></a>__rt_lib_init_lc_common</STRONG> (Thumb, 0 bytes, Stack size unknown bytes, libinit2.o(.ARM.Collect$$libinit$$00000011))
<BR><BR>[Calls]<UL><LI><a href="#[55]">&gt;&gt;</a>&nbsp;&nbsp;&nbsp;__rt_locale
</UL>

<P><STRONG><a name="[225]"></a>__rt_lib_init_preinit_1</STRONG> (Thumb, 0 bytes, Stack size unknown bytes, libinit2.o(.ARM.Collect$$libinit$$00000006))

<P><STRONG><a name="[226]"></a>__rt_lib_init_rand_1</STRONG> (Thumb, 0 bytes, Stack size unknown bytes, libinit2.o(.ARM.Collect$$libinit$$00000010))

<P><STRONG><a name="[227]"></a>__rt_lib_init_relocate_pie_1</STRONG> (Thumb, 0 bytes, Stack size unknown bytes, libinit2.o(.ARM.Collect$$libinit$$00000004))

<P><STRONG><a name="[228]"></a>__rt_lib_init_user_alloc_1</STRONG> (Thumb, 0 bytes, Stack size unknown bytes, libinit2.o(.ARM.Collect$$libinit$$0000000E))

<P><STRONG><a name="[229]"></a>__rt_lib_init_lc_collate_1</STRONG> (Thumb, 0 bytes, Stack size unknown bytes, libinit2.o(.ARM.Collect$$libinit$$00000013))

<P><STRONG><a name="[56]"></a>__rt_lib_init_lc_ctype_2</STRONG> (Thumb, 0 bytes, Stack size unknown bytes, libinit2.o(.ARM.Collect$$libinit$$00000014))
<BR><BR>[Stack]<UL><LI>Max Depth = 24 + Unknown Stack Size
<LI>Call Chain = __rt_lib_init_lc_ctype_2 &rArr; _get_lc_ctype &rArr; strcmp
</UL>
<BR>[Calls]<UL><LI><a href="#[20]">&gt;&gt;</a>&nbsp;&nbsp;&nbsp;_get_lc_ctype
</UL>

<P><STRONG><a name="[22a]"></a>__rt_lib_init_lc_ctype_1</STRONG> (Thumb, 0 bytes, Stack size unknown bytes, libinit2.o(.ARM.Collect$$libinit$$00000015))

<P><STRONG><a name="[22b]"></a>__rt_lib_init_lc_monetary_1</STRONG> (Thumb, 0 bytes, Stack size unknown bytes, libinit2.o(.ARM.Collect$$libinit$$00000017))

<P><STRONG><a name="[57]"></a>__rt_lib_init_lc_numeric_2</STRONG> (Thumb, 0 bytes, Stack size unknown bytes, libinit2.o(.ARM.Collect$$libinit$$00000018))
<BR><BR>[Stack]<UL><LI>Max Depth = 24 + Unknown Stack Size
<LI>Call Chain = __rt_lib_init_lc_numeric_2 &rArr; _get_lc_numeric &rArr; strcmp
</UL>
<BR>[Calls]<UL><LI><a href="#[58]">&gt;&gt;</a>&nbsp;&nbsp;&nbsp;_get_lc_numeric
</UL>

<P><STRONG><a name="[22c]"></a>__rt_lib_init_alloca_1</STRONG> (Thumb, 0 bytes, Stack size unknown bytes, libinit2.o(.ARM.Collect$$libinit$$00000030))

<P><STRONG><a name="[22d]"></a>__rt_lib_init_argv_1</STRONG> (Thumb, 0 bytes, Stack size unknown bytes, libinit2.o(.ARM.Collect$$libinit$$0000002E))

<P><STRONG><a name="[22e]"></a>__rt_lib_init_atexit_1</STRONG> (Thumb, 0 bytes, Stack size unknown bytes, libinit2.o(.ARM.Collect$$libinit$$0000001D))

<P><STRONG><a name="[22f]"></a>__rt_lib_init_clock_1</STRONG> (Thumb, 0 bytes, Stack size unknown bytes, libinit2.o(.ARM.Collect$$libinit$$00000023))

<P><STRONG><a name="[230]"></a>__rt_lib_init_cpp_1</STRONG> (Thumb, 0 bytes, Stack size unknown bytes, libinit2.o(.ARM.Collect$$libinit$$00000034))

<P><STRONG><a name="[231]"></a>__rt_lib_init_exceptions_1</STRONG> (Thumb, 0 bytes, Stack size unknown bytes, libinit2.o(.ARM.Collect$$libinit$$00000032))

<P><STRONG><a name="[232]"></a>__rt_lib_init_fp_trap_1</STRONG> (Thumb, 0 bytes, Stack size unknown bytes, libinit2.o(.ARM.Collect$$libinit$$00000021))

<P><STRONG><a name="[233]"></a>__rt_lib_init_getenv_1</STRONG> (Thumb, 0 bytes, Stack size unknown bytes, libinit2.o(.ARM.Collect$$libinit$$00000025))

<P><STRONG><a name="[234]"></a>__rt_lib_init_lc_numeric_1</STRONG> (Thumb, 0 bytes, Stack size unknown bytes, libinit2.o(.ARM.Collect$$libinit$$00000019))

<P><STRONG><a name="[235]"></a>__rt_lib_init_lc_time_1</STRONG> (Thumb, 0 bytes, Stack size unknown bytes, libinit2.o(.ARM.Collect$$libinit$$0000001B))

<P><STRONG><a name="[236]"></a>__rt_lib_init_return</STRONG> (Thumb, 0 bytes, Stack size unknown bytes, libinit2.o(.ARM.Collect$$libinit$$00000035))

<P><STRONG><a name="[237]"></a>__rt_lib_init_signal_1</STRONG> (Thumb, 0 bytes, Stack size unknown bytes, libinit2.o(.ARM.Collect$$libinit$$0000001F))

<P><STRONG><a name="[238]"></a>__rt_lib_init_stdio_1</STRONG> (Thumb, 0 bytes, Stack size unknown bytes, libinit2.o(.ARM.Collect$$libinit$$00000027))

<P><STRONG><a name="[61]"></a>__rt_lib_shutdown</STRONG> (Thumb, 0 bytes, Stack size unknown bytes, libshutdown.o(.ARM.Collect$$libshutdown$$00000000))
<BR><BR>[Called By]<UL><LI><a href="#[60]">&gt;&gt;</a>&nbsp;&nbsp;&nbsp;__rt_exit_ls
</UL>

<P><STRONG><a name="[239]"></a>__rt_lib_shutdown_cpp_1</STRONG> (Thumb, 0 bytes, Stack size unknown bytes, libshutdown2.o(.ARM.Collect$$libshutdown$$00000002))

<P><STRONG><a name="[23a]"></a>__rt_lib_shutdown_fp_trap_1</STRONG> (Thumb, 0 bytes, Stack size unknown bytes, libshutdown2.o(.ARM.Collect$$libshutdown$$00000007))

<P><STRONG><a name="[23b]"></a>__rt_lib_shutdown_heap_1</STRONG> (Thumb, 0 bytes, Stack size unknown bytes, libshutdown2.o(.ARM.Collect$$libshutdown$$0000000F))

<P><STRONG><a name="[23c]"></a>__rt_lib_shutdown_return</STRONG> (Thumb, 0 bytes, Stack size unknown bytes, libshutdown2.o(.ARM.Collect$$libshutdown$$00000010))

<P><STRONG><a name="[23d]"></a>__rt_lib_shutdown_signal_1</STRONG> (Thumb, 0 bytes, Stack size unknown bytes, libshutdown2.o(.ARM.Collect$$libshutdown$$0000000A))

<P><STRONG><a name="[23e]"></a>__rt_lib_shutdown_stdio_1</STRONG> (Thumb, 0 bytes, Stack size unknown bytes, libshutdown2.o(.ARM.Collect$$libshutdown$$00000004))

<P><STRONG><a name="[23f]"></a>__rt_lib_shutdown_user_alloc_1</STRONG> (Thumb, 0 bytes, Stack size unknown bytes, libshutdown2.o(.ARM.Collect$$libshutdown$$0000000C))

<P><STRONG><a name="[2c]"></a>__rt_entry</STRONG> (Thumb, 0 bytes, Stack size unknown bytes, __rtentry.o(.ARM.Collect$$rtentry$$00000000))
<BR><BR>[Called By]<UL><LI><a href="#[1e]">&gt;&gt;</a>&nbsp;&nbsp;&nbsp;__main
<LI><a href="#[2d]">&gt;&gt;</a>&nbsp;&nbsp;&nbsp;__scatterload_rt2
</UL>

<P><STRONG><a name="[240]"></a>__rt_entry_presh_1</STRONG> (Thumb, 0 bytes, Stack size unknown bytes, __rtentry2.o(.ARM.Collect$$rtentry$$00000002))

<P><STRONG><a name="[59]"></a>__rt_entry_sh</STRONG> (Thumb, 0 bytes, Stack size unknown bytes, __rtentry4.o(.ARM.Collect$$rtentry$$00000004))
<BR><BR>[Stack]<UL><LI>Max Depth = 8 + Unknown Stack Size
<LI>Call Chain = __rt_entry_sh &rArr; __user_setup_stackheap
</UL>
<BR>[Calls]<UL><LI><a href="#[5a]">&gt;&gt;</a>&nbsp;&nbsp;&nbsp;__user_setup_stackheap
</UL>

<P><STRONG><a name="[5b]"></a>__rt_entry_li</STRONG> (Thumb, 0 bytes, Stack size unknown bytes, __rtentry2.o(.ARM.Collect$$rtentry$$0000000A))
<BR><BR>[Calls]<UL><LI><a href="#[5c]">&gt;&gt;</a>&nbsp;&nbsp;&nbsp;__rt_lib_init
</UL>

<P><STRONG><a name="[241]"></a>__rt_entry_postsh_1</STRONG> (Thumb, 0 bytes, Stack size unknown bytes, __rtentry2.o(.ARM.Collect$$rtentry$$00000009))

<P><STRONG><a name="[5d]"></a>__rt_entry_main</STRONG> (Thumb, 0 bytes, Stack size unknown bytes, __rtentry2.o(.ARM.Collect$$rtentry$$0000000D))
<BR><BR>[Stack]<UL><LI>Max Depth = 1912 + Unknown Stack Size
<LI>Call Chain = __rt_entry_main &rArr; main &rArr; test_line_follow_real_run &rArr; line_follow_real_show_status &rArr; line_follow_real_show_int &rArr; ili9341_show_int &rArr; ili9341_show_uint &rArr; ili9341_show_string &rArr; ili9341_show_char &rArr; ili9341_set_window &rArr; ili9341_write_command_data &rArr; spi_write_8bit_array &rArr; debug_assert_handler &rArr; debug_output &rArr; sprintf &rArr; _printf_char_common &rArr; __printf
</UL>
<BR>[Calls]<UL><LI><a href="#[5e]">&gt;&gt;</a>&nbsp;&nbsp;&nbsp;main
<LI><a href="#[5f]">&gt;&gt;</a>&nbsp;&nbsp;&nbsp;exit
</UL>

<P><STRONG><a name="[242]"></a>__rt_entry_postli_1</STRONG> (Thumb, 0 bytes, Stack size unknown bytes, __rtentry2.o(.ARM.Collect$$rtentry$$0000000C))

<P><STRONG><a name="[a9]"></a>__rt_exit</STRONG> (Thumb, 0 bytes, Stack size unknown bytes, rtexit.o(.ARM.Collect$$rtexit$$00000000))
<BR><BR>[Called By]<UL><LI><a href="#[5f]">&gt;&gt;</a>&nbsp;&nbsp;&nbsp;exit
</UL>

<P><STRONG><a name="[60]"></a>__rt_exit_ls</STRONG> (Thumb, 0 bytes, Stack size unknown bytes, rtexit2.o(.ARM.Collect$$rtexit$$00000003))
<BR><BR>[Calls]<UL><LI><a href="#[61]">&gt;&gt;</a>&nbsp;&nbsp;&nbsp;__rt_lib_shutdown
</UL>

<P><STRONG><a name="[243]"></a>__rt_exit_prels_1</STRONG> (Thumb, 0 bytes, Stack size unknown bytes, rtexit2.o(.ARM.Collect$$rtexit$$00000002))

<P><STRONG><a name="[62]"></a>__rt_exit_exit</STRONG> (Thumb, 0 bytes, Stack size unknown bytes, rtexit2.o(.ARM.Collect$$rtexit$$00000004))
<BR><BR>[Stack]<UL><LI>Max Depth = 4 + Unknown Stack Size
<LI>Call Chain = __rt_exit_exit &rArr; _sys_exit
</UL>
<BR>[Calls]<UL><LI><a href="#[63]">&gt;&gt;</a>&nbsp;&nbsp;&nbsp;_sys_exit
</UL>

<P><STRONG><a name="[68]"></a>__aeabi_memcpy4</STRONG> (Thumb, 56 bytes, Stack size 0 bytes, rt_memcpy.o(.emb_text))
<BR><BR>[Called By]<UL><LI><a href="#[151]">&gt;&gt;</a>&nbsp;&nbsp;&nbsp;control_scheduler_get_status
<LI><a href="#[1ce]">&gt;&gt;</a>&nbsp;&nbsp;&nbsp;line_tracker_set_config
<LI><a href="#[15a]">&gt;&gt;</a>&nbsp;&nbsp;&nbsp;line_tracker_init
<LI><a href="#[17b]">&gt;&gt;</a>&nbsp;&nbsp;&nbsp;fifo_write_buffer
<LI><a href="#[67]">&gt;&gt;</a>&nbsp;&nbsp;&nbsp;__aeabi_memcpy
</UL>

<P><STRONG><a name="[244]"></a>__aeabi_memcpy8</STRONG> (Thumb, 0 bytes, Stack size 0 bytes, rt_memcpy.o(.emb_text), UNUSED)

<P><STRONG><a name="[0]"></a>Reset_Handler</STRONG> (Thumb, 4 bytes, Stack size 0 bytes, startup_mspm0g350x_uvision.o(.text))
<BR>[Address Reference Count : 1]<UL><LI> startup_mspm0g350x_uvision.o(RESET)
</UL>
<P><STRONG><a name="[1]"></a>NMI_Handler</STRONG> (Thumb, 2 bytes, Stack size 0 bytes, startup_mspm0g350x_uvision.o(.text))
<BR><BR>[Calls]<UL><LI><a href="#[1]">&gt;&gt;</a>&nbsp;&nbsp;&nbsp;NMI_Handler
</UL>
<BR>[Called By]<UL><LI><a href="#[1]">&gt;&gt;</a>&nbsp;&nbsp;&nbsp;NMI_Handler
</UL>
<BR>[Address Reference Count : 1]<UL><LI> startup_mspm0g350x_uvision.o(RESET)
</UL>
<P><STRONG><a name="[2]"></a>HardFault_Handler</STRONG> (Thumb, 2 bytes, Stack size 0 bytes, startup_mspm0g350x_uvision.o(.text))
<BR><BR>[Calls]<UL><LI><a href="#[2]">&gt;&gt;</a>&nbsp;&nbsp;&nbsp;HardFault_Handler
</UL>
<BR>[Called By]<UL><LI><a href="#[2]">&gt;&gt;</a>&nbsp;&nbsp;&nbsp;HardFault_Handler
</UL>
<BR>[Address Reference Count : 1]<UL><LI> startup_mspm0g350x_uvision.o(RESET)
</UL>
<P><STRONG><a name="[3]"></a>SVC_Handler</STRONG> (Thumb, 2 bytes, Stack size 0 bytes, startup_mspm0g350x_uvision.o(.text))
<BR><BR>[Calls]<UL><LI><a href="#[3]">&gt;&gt;</a>&nbsp;&nbsp;&nbsp;SVC_Handler
</UL>
<BR>[Called By]<UL><LI><a href="#[3]">&gt;&gt;</a>&nbsp;&nbsp;&nbsp;SVC_Handler
</UL>
<BR>[Address Reference Count : 1]<UL><LI> startup_mspm0g350x_uvision.o(RESET)
</UL>
<P><STRONG><a name="[4]"></a>PendSV_Handler</STRONG> (Thumb, 2 bytes, Stack size 0 bytes, startup_mspm0g350x_uvision.o(.text))
<BR><BR>[Calls]<UL><LI><a href="#[4]">&gt;&gt;</a>&nbsp;&nbsp;&nbsp;PendSV_Handler
</UL>
<BR>[Called By]<UL><LI><a href="#[4]">&gt;&gt;</a>&nbsp;&nbsp;&nbsp;PendSV_Handler
</UL>
<BR>[Address Reference Count : 1]<UL><LI> startup_mspm0g350x_uvision.o(RESET)
</UL>
<P><STRONG><a name="[5]"></a>SysTick_Handler</STRONG> (Thumb, 2 bytes, Stack size 0 bytes, startup_mspm0g350x_uvision.o(.text))
<BR><BR>[Calls]<UL><LI><a href="#[5]">&gt;&gt;</a>&nbsp;&nbsp;&nbsp;SysTick_Handler
</UL>
<BR>[Called By]<UL><LI><a href="#[5]">&gt;&gt;</a>&nbsp;&nbsp;&nbsp;SysTick_Handler
</UL>
<BR>[Address Reference Count : 1]<UL><LI> startup_mspm0g350x_uvision.o(RESET)
</UL>
<P><STRONG><a name="[a]"></a>ADC0_IRQHandler</STRONG> (Thumb, 0 bytes, Stack size 0 bytes, startup_mspm0g350x_uvision.o(.text))
<BR>[Address Reference Count : 1]<UL><LI> startup_mspm0g350x_uvision.o(RESET)
</UL>
<P><STRONG><a name="[b]"></a>ADC1_IRQHandler</STRONG> (Thumb, 0 bytes, Stack size 0 bytes, startup_mspm0g350x_uvision.o(.text))
<BR>[Address Reference Count : 1]<UL><LI> startup_mspm0g350x_uvision.o(RESET)
</UL>
<P><STRONG><a name="[1b]"></a>AES_IRQHandler</STRONG> (Thumb, 0 bytes, Stack size 0 bytes, startup_mspm0g350x_uvision.o(.text))
<BR>[Address Reference Count : 1]<UL><LI> startup_mspm0g350x_uvision.o(RESET)
</UL>
<P><STRONG><a name="[c]"></a>CANFD0_IRQHandler</STRONG> (Thumb, 0 bytes, Stack size 0 bytes, startup_mspm0g350x_uvision.o(.text))
<BR>[Address Reference Count : 1]<UL><LI> startup_mspm0g350x_uvision.o(RESET)
</UL>
<P><STRONG><a name="[d]"></a>DAC0_IRQHandler</STRONG> (Thumb, 0 bytes, Stack size 0 bytes, startup_mspm0g350x_uvision.o(.text))
<BR>[Address Reference Count : 1]<UL><LI> startup_mspm0g350x_uvision.o(RESET)
</UL>
<P><STRONG><a name="[1d]"></a>DMA_IRQHandler</STRONG> (Thumb, 0 bytes, Stack size 0 bytes, startup_mspm0g350x_uvision.o(.text))
<BR>[Address Reference Count : 1]<UL><LI> startup_mspm0g350x_uvision.o(RESET)
</UL>
<P><STRONG><a name="[64]"></a>Default_Handler</STRONG> (Thumb, 2 bytes, Stack size 0 bytes, startup_mspm0g350x_uvision.o(.text), UNUSED)
<BR><BR>[Calls]<UL><LI><a href="#[64]">&gt;&gt;</a>&nbsp;&nbsp;&nbsp;Default_Handler
</UL>
<BR>[Called By]<UL><LI><a href="#[64]">&gt;&gt;</a>&nbsp;&nbsp;&nbsp;Default_Handler
</UL>

<P><STRONG><a name="[6]"></a>GROUP0_IRQHandler</STRONG> (Thumb, 0 bytes, Stack size 0 bytes, startup_mspm0g350x_uvision.o(.text))
<BR>[Address Reference Count : 1]<UL><LI> startup_mspm0g350x_uvision.o(RESET)
</UL>
<P><STRONG><a name="[19]"></a>I2C0_IRQHandler</STRONG> (Thumb, 0 bytes, Stack size 0 bytes, startup_mspm0g350x_uvision.o(.text))
<BR>[Address Reference Count : 1]<UL><LI> startup_mspm0g350x_uvision.o(RESET)
</UL>
<P><STRONG><a name="[1a]"></a>I2C1_IRQHandler</STRONG> (Thumb, 0 bytes, Stack size 0 bytes, startup_mspm0g350x_uvision.o(.text))
<BR>[Address Reference Count : 1]<UL><LI> startup_mspm0g350x_uvision.o(RESET)
</UL>
<P><STRONG><a name="[1c]"></a>RTC_IRQHandler</STRONG> (Thumb, 0 bytes, Stack size 0 bytes, startup_mspm0g350x_uvision.o(.text))
<BR>[Address Reference Count : 1]<UL><LI> startup_mspm0g350x_uvision.o(RESET)
</UL>
<P><STRONG><a name="[e]"></a>SPI0_IRQHandler</STRONG> (Thumb, 0 bytes, Stack size 0 bytes, startup_mspm0g350x_uvision.o(.text))
<BR>[Address Reference Count : 1]<UL><LI> startup_mspm0g350x_uvision.o(RESET)
</UL>
<P><STRONG><a name="[f]"></a>SPI1_IRQHandler</STRONG> (Thumb, 0 bytes, Stack size 0 bytes, startup_mspm0g350x_uvision.o(.text))
<BR>[Address Reference Count : 1]<UL><LI> startup_mspm0g350x_uvision.o(RESET)
</UL>
<P><STRONG><a name="[a2]"></a>__user_initial_stackheap</STRONG> (Thumb, 10 bytes, Stack size 0 bytes, startup_mspm0g350x_uvision.o(.text))
<BR><BR>[Called By]<UL><LI><a href="#[5a]">&gt;&gt;</a>&nbsp;&nbsp;&nbsp;__user_setup_stackheap
</UL>

<P><STRONG><a name="[65]"></a>sprintf</STRONG> (Thumb, 40 bytes, Stack size 32 bytes, sprintf.o(.text))
<BR><BR>[Stack]<UL><LI>Max Depth = 128 + Unknown Stack Size
<LI>Call Chain = sprintf &rArr; _printf_char_common &rArr; __printf
</UL>
<BR>[Calls]<UL><LI><a href="#[1f]">&gt;&gt;</a>&nbsp;&nbsp;&nbsp;_sputc
<LI><a href="#[66]">&gt;&gt;</a>&nbsp;&nbsp;&nbsp;_printf_char_common
</UL>
<BR>[Called By]<UL><LI><a href="#[172]">&gt;&gt;</a>&nbsp;&nbsp;&nbsp;debug_output
</UL>

<P><STRONG><a name="[17c]"></a>strlen</STRONG> (Thumb, 62 bytes, Stack size 12 bytes, strlen.o(.text))
<BR><BR>[Stack]<UL><LI>Max Depth = 12<LI>Call Chain = strlen
</UL>
<BR>[Called By]<UL><LI><a href="#[172]">&gt;&gt;</a>&nbsp;&nbsp;&nbsp;debug_output
</UL>

<P><STRONG><a name="[67]"></a>__aeabi_memcpy</STRONG> (Thumb, 130 bytes, Stack size 24 bytes, rt_memcpy.o(.text))
<BR><BR>[Stack]<UL><LI>Max Depth = 24<LI>Call Chain = __aeabi_memcpy
</UL>
<BR>[Calls]<UL><LI><a href="#[68]">&gt;&gt;</a>&nbsp;&nbsp;&nbsp;__aeabi_memcpy4
</UL>
<BR>[Called By]<UL><LI><a href="#[17b]">&gt;&gt;</a>&nbsp;&nbsp;&nbsp;fifo_write_buffer
</UL>

<P><STRONG><a name="[245]"></a>__rt_memcpy</STRONG> (Thumb, 0 bytes, Stack size 24 bytes, rt_memcpy.o(.text), UNUSED)

<P><STRONG><a name="[6a]"></a>_memset_w</STRONG> (Thumb, 26 bytes, Stack size 0 bytes, rt_memclr.o(.text))
<BR><BR>[Called By]<UL><LI><a href="#[6c]">&gt;&gt;</a>&nbsp;&nbsp;&nbsp;__rt_memclr_w
<LI><a href="#[69]">&gt;&gt;</a>&nbsp;&nbsp;&nbsp;_memset
</UL>

<P><STRONG><a name="[69]"></a>_memset</STRONG> (Thumb, 30 bytes, Stack size 0 bytes, rt_memclr.o(.text))
<BR><BR>[Calls]<UL><LI><a href="#[6a]">&gt;&gt;</a>&nbsp;&nbsp;&nbsp;_memset_w
</UL>
<BR>[Called By]<UL><LI><a href="#[6b]">&gt;&gt;</a>&nbsp;&nbsp;&nbsp;__aeabi_memclr
</UL>

<P><STRONG><a name="[6b]"></a>__aeabi_memclr</STRONG> (Thumb, 4 bytes, Stack size 0 bytes, rt_memclr.o(.text))
<BR><BR>[Calls]<UL><LI><a href="#[69]">&gt;&gt;</a>&nbsp;&nbsp;&nbsp;_memset
</UL>
<BR>[Called By]<UL><LI><a href="#[172]">&gt;&gt;</a>&nbsp;&nbsp;&nbsp;debug_output
</UL>

<P><STRONG><a name="[246]"></a>__rt_memclr</STRONG> (Thumb, 0 bytes, Stack size 0 bytes, rt_memclr.o(.text), UNUSED)

<P><STRONG><a name="[247]"></a>__aeabi_memclr4</STRONG> (Thumb, 0 bytes, Stack size 0 bytes, rt_memclr.o(.text), UNUSED)

<P><STRONG><a name="[248]"></a>__aeabi_memclr8</STRONG> (Thumb, 0 bytes, Stack size 0 bytes, rt_memclr.o(.text), UNUSED)

<P><STRONG><a name="[6c]"></a>__rt_memclr_w</STRONG> (Thumb, 4 bytes, Stack size 0 bytes, rt_memclr.o(.text), UNUSED)
<BR><BR>[Calls]<UL><LI><a href="#[6a]">&gt;&gt;</a>&nbsp;&nbsp;&nbsp;_memset_w
</UL>

<P><STRONG><a name="[219]"></a>strcmp</STRONG> (Thumb, 132 bytes, Stack size 16 bytes, strcmp.o(.text))
<BR><BR>[Stack]<UL><LI>Max Depth = 16<LI>Call Chain = strcmp
</UL>
<BR>[Called By]<UL><LI><a href="#[58]">&gt;&gt;</a>&nbsp;&nbsp;&nbsp;_get_lc_numeric
<LI><a href="#[20]">&gt;&gt;</a>&nbsp;&nbsp;&nbsp;_get_lc_ctype
</UL>

<P><STRONG><a name="[dc]"></a>__aeabi_uidiv</STRONG> (Thumb, 0 bytes, Stack size 0 bytes, aeabi_sdiv.o(.text))
<BR><BR>[Called By]<UL><LI><a href="#[167]">&gt;&gt;</a>&nbsp;&nbsp;&nbsp;control_update_imu_stability
<LI><a href="#[1d7]">&gt;&gt;</a>&nbsp;&nbsp;&nbsp;pwm_init
<LI><a href="#[172]">&gt;&gt;</a>&nbsp;&nbsp;&nbsp;debug_output
<LI><a href="#[112]">&gt;&gt;</a>&nbsp;&nbsp;&nbsp;chassis_motion_get_transition_ticks
<LI><a href="#[1e0]">&gt;&gt;</a>&nbsp;&nbsp;&nbsp;timer_get
<LI><a href="#[19e]">&gt;&gt;</a>&nbsp;&nbsp;&nbsp;spi_init
<LI><a href="#[1e8]">&gt;&gt;</a>&nbsp;&nbsp;&nbsp;pit_set_div
<LI><a href="#[d9]">&gt;&gt;</a>&nbsp;&nbsp;&nbsp;SYSCFG_DL_SYSCTL_SYSPLL_init
<LI><a href="#[199]">&gt;&gt;</a>&nbsp;&nbsp;&nbsp;ili9341_format_uint
</UL>

<P><STRONG><a name="[19a]"></a>__aeabi_uidivmod</STRONG> (Thumb, 20 bytes, Stack size 0 bytes, aeabi_sdiv.o(.text))
<BR><BR>[Called By]<UL><LI><a href="#[199]">&gt;&gt;</a>&nbsp;&nbsp;&nbsp;ili9341_format_uint
</UL>

<P><STRONG><a name="[18d]"></a>__aeabi_idiv</STRONG> (Thumb, 0 bytes, Stack size 8 bytes, aeabi_sdiv.o(.text))
<BR><BR>[Stack]<UL><LI>Max Depth = 8<LI>Call Chain = __aeabi_idiv
</UL>
<BR>[Called By]<UL><LI><a href="#[150]">&gt;&gt;</a>&nbsp;&nbsp;&nbsp;gimbal_stepper_get_status
</UL>

<P><STRONG><a name="[96]"></a>__aeabi_idivmod</STRONG> (Thumb, 338 bytes, Stack size 8 bytes, aeabi_sdiv.o(.text))
<BR><BR>[Stack]<UL><LI>Max Depth = 8<LI>Call Chain = __aeabi_idivmod
</UL>
<BR>[Called By]<UL><LI><a href="#[90]">&gt;&gt;</a>&nbsp;&nbsp;&nbsp;_btod_etento
<LI><a href="#[28]">&gt;&gt;</a>&nbsp;&nbsp;&nbsp;_printf_fp_hex_real
</UL>

<P><STRONG><a name="[249]"></a>__use_two_region_memory</STRONG> (Thumb, 2 bytes, Stack size 0 bytes, heapauxi.o(.text), UNUSED)

<P><STRONG><a name="[24a]"></a>__rt_heap_escrow</STRONG> (Thumb, 2 bytes, Stack size 0 bytes, heapauxi.o(.text), UNUSED)

<P><STRONG><a name="[24b]"></a>__rt_heap_expand</STRONG> (Thumb, 2 bytes, Stack size 0 bytes, heapauxi.o(.text), UNUSED)

<P><STRONG><a name="[24c]"></a>__adddf3</STRONG> (Thumb, 0 bytes, Stack size 8 bytes, daddsub.o(.text), UNUSED)

<P><STRONG><a name="[1fd]"></a>__aeabi_dadd</STRONG> (Thumb, 0 bytes, Stack size 8 bytes, daddsub.o(.text))
<BR><BR>[Stack]<UL><LI>Max Depth = 8<LI>Call Chain = __aeabi_dadd
</UL>
<BR>[Called By]<UL><LI><a href="#[177]">&gt;&gt;</a>&nbsp;&nbsp;&nbsp;uart_init
</UL>

<P><STRONG><a name="[6d]"></a>_dadd</STRONG> (Thumb, 26 bytes, Stack size 8 bytes, daddsub.o(.text), UNUSED)
<BR><BR>[Calls]<UL><LI><a href="#[6e]">&gt;&gt;</a>&nbsp;&nbsp;&nbsp;_dsub1
<LI><a href="#[6f]">&gt;&gt;</a>&nbsp;&nbsp;&nbsp;_dadd1
</UL>

<P><STRONG><a name="[1fc]"></a>__aeabi_dsub</STRONG> (Thumb, 0 bytes, Stack size 8 bytes, daddsub.o(.text))
<BR><BR>[Stack]<UL><LI>Max Depth = 8<LI>Call Chain = __aeabi_dsub
</UL>
<BR>[Called By]<UL><LI><a href="#[177]">&gt;&gt;</a>&nbsp;&nbsp;&nbsp;uart_init
</UL>

<P><STRONG><a name="[24d]"></a>__subdf3</STRONG> (Thumb, 0 bytes, Stack size 8 bytes, daddsub.o(.text), UNUSED)

<P><STRONG><a name="[70]"></a>_dsub</STRONG> (Thumb, 22 bytes, Stack size 8 bytes, daddsub.o(.text), UNUSED)
<BR><BR>[Calls]<UL><LI><a href="#[6e]">&gt;&gt;</a>&nbsp;&nbsp;&nbsp;_dsub1
<LI><a href="#[6f]">&gt;&gt;</a>&nbsp;&nbsp;&nbsp;_dadd1
</UL>

<P><STRONG><a name="[24e]"></a>__aeabi_drsub</STRONG> (Thumb, 0 bytes, Stack size 16 bytes, daddsub.o(.text), UNUSED)

<P><STRONG><a name="[71]"></a>_drsb</STRONG> (Thumb, 28 bytes, Stack size 16 bytes, daddsub.o(.text), UNUSED)
<BR><BR>[Calls]<UL><LI><a href="#[6e]">&gt;&gt;</a>&nbsp;&nbsp;&nbsp;_dsub1
<LI><a href="#[6f]">&gt;&gt;</a>&nbsp;&nbsp;&nbsp;_dadd1
</UL>

<P><STRONG><a name="[1f9]"></a>__aeabi_ddiv</STRONG> (Thumb, 0 bytes, Stack size 64 bytes, ddiv.o(.text))
<BR><BR>[Stack]<UL><LI>Max Depth = 64<LI>Call Chain = __aeabi_ddiv
</UL>
<BR>[Called By]<UL><LI><a href="#[177]">&gt;&gt;</a>&nbsp;&nbsp;&nbsp;uart_init
</UL>

<P><STRONG><a name="[24f]"></a>__divdf3</STRONG> (Thumb, 0 bytes, Stack size 64 bytes, ddiv.o(.text), UNUSED)

<P><STRONG><a name="[73]"></a>_ddiv</STRONG> (Thumb, 1072 bytes, Stack size 64 bytes, ddiv.o(.text), UNUSED)
<BR><BR>[Called By]<UL><LI><a href="#[72]">&gt;&gt;</a>&nbsp;&nbsp;&nbsp;_drdiv
</UL>

<P><STRONG><a name="[72]"></a>_drdiv</STRONG> (Thumb, 20 bytes, Stack size 16 bytes, ddiv.o(.text), UNUSED)
<BR><BR>[Calls]<UL><LI><a href="#[73]">&gt;&gt;</a>&nbsp;&nbsp;&nbsp;_ddiv
</UL>

<P><STRONG><a name="[1fb]"></a>__aeabi_d2iz</STRONG> (Thumb, 0 bytes, Stack size 12 bytes, dfixi.o(.text))
<BR><BR>[Stack]<UL><LI>Max Depth = 12<LI>Call Chain = __aeabi_d2iz
</UL>
<BR>[Called By]<UL><LI><a href="#[177]">&gt;&gt;</a>&nbsp;&nbsp;&nbsp;uart_init
</UL>

<P><STRONG><a name="[250]"></a>_dfix</STRONG> (Thumb, 98 bytes, Stack size 12 bytes, dfixi.o(.text), UNUSED)

<P><STRONG><a name="[75]"></a>__aeabi_i2d_normalise</STRONG> (Thumb, 66 bytes, Stack size 0 bytes, dflti.o(.text))
<BR><BR>[Called By]<UL><LI><a href="#[76]">&gt;&gt;</a>&nbsp;&nbsp;&nbsp;__aeabi_ui2d
<LI><a href="#[74]">&gt;&gt;</a>&nbsp;&nbsp;&nbsp;__aeabi_i2d
</UL>

<P><STRONG><a name="[74]"></a>__aeabi_i2d</STRONG> (Thumb, 16 bytes, Stack size 0 bytes, dflti.o(.text))
<BR><BR>[Calls]<UL><LI><a href="#[75]">&gt;&gt;</a>&nbsp;&nbsp;&nbsp;__aeabi_i2d_normalise
</UL>
<BR>[Called By]<UL><LI><a href="#[177]">&gt;&gt;</a>&nbsp;&nbsp;&nbsp;uart_init
</UL>

<P><STRONG><a name="[251]"></a>_dflt</STRONG> (Thumb, 0 bytes, Stack size 0 bytes, dflti.o(.text), UNUSED)

<P><STRONG><a name="[76]"></a>__aeabi_ui2d</STRONG> (Thumb, 6 bytes, Stack size 0 bytes, dflti.o(.text))
<BR><BR>[Calls]<UL><LI><a href="#[75]">&gt;&gt;</a>&nbsp;&nbsp;&nbsp;__aeabi_i2d_normalise
</UL>
<BR>[Called By]<UL><LI><a href="#[177]">&gt;&gt;</a>&nbsp;&nbsp;&nbsp;uart_init
<LI><a href="#[d9]">&gt;&gt;</a>&nbsp;&nbsp;&nbsp;SYSCFG_DL_SYSCTL_SYSPLL_init
</UL>

<P><STRONG><a name="[252]"></a>_dfltu</STRONG> (Thumb, 0 bytes, Stack size 0 bytes, dflti.o(.text), UNUSED)

<P><STRONG><a name="[1fa]"></a>__aeabi_dmul</STRONG> (Thumb, 0 bytes, Stack size 56 bytes, dmul.o(.text))
<BR><BR>[Stack]<UL><LI>Max Depth = 56<LI>Call Chain = __aeabi_dmul
</UL>
<BR>[Called By]<UL><LI><a href="#[177]">&gt;&gt;</a>&nbsp;&nbsp;&nbsp;uart_init
</UL>

<P><STRONG><a name="[253]"></a>__muldf3</STRONG> (Thumb, 0 bytes, Stack size 56 bytes, dmul.o(.text), UNUSED)

<P><STRONG><a name="[254]"></a>_dmul</STRONG> (Thumb, 558 bytes, Stack size 56 bytes, dmul.o(.text), UNUSED)

<P><STRONG><a name="[124]"></a>__aeabi_fdiv</STRONG> (Thumb, 0 bytes, Stack size 20 bytes, fdiv.o(.text))
<BR><BR>[Stack]<UL><LI>Max Depth = 20<LI>Call Chain = __aeabi_fdiv
</UL>
<BR>[Called By]<UL><LI><a href="#[148]">&gt;&gt;</a>&nbsp;&nbsp;&nbsp;control_imu_finish_stability
<LI><a href="#[169]">&gt;&gt;</a>&nbsp;&nbsp;&nbsp;odometry_update
<LI><a href="#[1d0]">&gt;&gt;</a>&nbsp;&nbsp;&nbsp;line_tracker_pid_update
<LI><a href="#[18e]">&gt;&gt;</a>&nbsp;&nbsp;&nbsp;gray_sensor_calculate
<LI><a href="#[1ed]">&gt;&gt;</a>&nbsp;&nbsp;&nbsp;speed_pid_controller_init
<LI><a href="#[1dc]">&gt;&gt;</a>&nbsp;&nbsp;&nbsp;pwm_set_duty
<LI><a href="#[10a]">&gt;&gt;</a>&nbsp;&nbsp;&nbsp;chassis_motion_update_speed_transition
<LI><a href="#[207]">&gt;&gt;</a>&nbsp;&nbsp;&nbsp;__mathlib_flt_invalid
</UL>

<P><STRONG><a name="[255]"></a>__divsf3</STRONG> (Thumb, 0 bytes, Stack size 20 bytes, fdiv.o(.text), UNUSED)

<P><STRONG><a name="[78]"></a>_fdiv</STRONG> (Thumb, 334 bytes, Stack size 20 bytes, fdiv.o(.text), UNUSED)
<BR><BR>[Called By]<UL><LI><a href="#[77]">&gt;&gt;</a>&nbsp;&nbsp;&nbsp;_frdiv
</UL>

<P><STRONG><a name="[77]"></a>_frdiv</STRONG> (Thumb, 8 bytes, Stack size 0 bytes, fdiv.o(.text), UNUSED)
<BR><BR>[Calls]<UL><LI><a href="#[78]">&gt;&gt;</a>&nbsp;&nbsp;&nbsp;_fdiv
</UL>

<P><STRONG><a name="[1c1]"></a>__aeabi_f2iz</STRONG> (Thumb, 0 bytes, Stack size 8 bytes, ffixi.o(.text))
<BR><BR>[Stack]<UL><LI>Max Depth = 8<LI>Call Chain = __aeabi_f2iz
</UL>
<BR>[Called By]<UL><LI><a href="#[1f1]">&gt;&gt;</a>&nbsp;&nbsp;&nbsp;speed_pid_controller_update
<LI><a href="#[1e5]">&gt;&gt;</a>&nbsp;&nbsp;&nbsp;sinf
<LI><a href="#[1e4]">&gt;&gt;</a>&nbsp;&nbsp;&nbsp;cosf
<LI><a href="#[1c0]">&gt;&gt;</a>&nbsp;&nbsp;&nbsp;line_follow_real_round
</UL>

<P><STRONG><a name="[256]"></a>_ffix</STRONG> (Thumb, 76 bytes, Stack size 8 bytes, ffixi.o(.text), UNUSED)

<P><STRONG><a name="[1eb]"></a>__aeabi_f2uiz</STRONG> (Thumb, 0 bytes, Stack size 0 bytes, ffixui.o(.text))
<BR><BR>[Called By]<UL><LI><a href="#[1dc]">&gt;&gt;</a>&nbsp;&nbsp;&nbsp;pwm_set_duty
</UL>

<P><STRONG><a name="[257]"></a>_ffixu</STRONG> (Thumb, 48 bytes, Stack size 0 bytes, ffixui.o(.text), UNUSED)

<P><STRONG><a name="[7a]"></a>__aeabi_i2f_normalise</STRONG> (Thumb, 72 bytes, Stack size 0 bytes, fflti.o(.text))
<BR><BR>[Called By]<UL><LI><a href="#[7b]">&gt;&gt;</a>&nbsp;&nbsp;&nbsp;__aeabi_ui2f
<LI><a href="#[79]">&gt;&gt;</a>&nbsp;&nbsp;&nbsp;__aeabi_i2f
</UL>

<P><STRONG><a name="[79]"></a>__aeabi_i2f</STRONG> (Thumb, 16 bytes, Stack size 0 bytes, fflti.o(.text))
<BR><BR>[Calls]<UL><LI><a href="#[7a]">&gt;&gt;</a>&nbsp;&nbsp;&nbsp;__aeabi_i2f_normalise
</UL>
<BR>[Called By]<UL><LI><a href="#[169]">&gt;&gt;</a>&nbsp;&nbsp;&nbsp;odometry_update
<LI><a href="#[165]">&gt;&gt;</a>&nbsp;&nbsp;&nbsp;imu_uart_get_data
<LI><a href="#[16d]">&gt;&gt;</a>&nbsp;&nbsp;&nbsp;speed_pid_update_10ms
<LI><a href="#[1f1]">&gt;&gt;</a>&nbsp;&nbsp;&nbsp;speed_pid_controller_update
<LI><a href="#[209]">&gt;&gt;</a>&nbsp;&nbsp;&nbsp;__mathlib_rredf2
</UL>

<P><STRONG><a name="[258]"></a>_fflt</STRONG> (Thumb, 0 bytes, Stack size 0 bytes, fflti.o(.text), UNUSED)

<P><STRONG><a name="[7b]"></a>__aeabi_ui2f</STRONG> (Thumb, 6 bytes, Stack size 0 bytes, fflti.o(.text))
<BR><BR>[Calls]<UL><LI><a href="#[7a]">&gt;&gt;</a>&nbsp;&nbsp;&nbsp;__aeabi_i2f_normalise
</UL>
<BR>[Called By]<UL><LI><a href="#[148]">&gt;&gt;</a>&nbsp;&nbsp;&nbsp;control_imu_finish_stability
<LI><a href="#[167]">&gt;&gt;</a>&nbsp;&nbsp;&nbsp;control_update_imu_stability
<LI><a href="#[18e]">&gt;&gt;</a>&nbsp;&nbsp;&nbsp;gray_sensor_calculate
<LI><a href="#[1dc]">&gt;&gt;</a>&nbsp;&nbsp;&nbsp;pwm_set_duty
<LI><a href="#[10a]">&gt;&gt;</a>&nbsp;&nbsp;&nbsp;chassis_motion_update_speed_transition
<LI><a href="#[209]">&gt;&gt;</a>&nbsp;&nbsp;&nbsp;__mathlib_rredf2
</UL>

<P><STRONG><a name="[259]"></a>_ffltu</STRONG> (Thumb, 0 bytes, Stack size 0 bytes, fflti.o(.text), UNUSED)

<P><STRONG><a name="[7c]"></a>__rt_ctype_table</STRONG> (Thumb, 16 bytes, Stack size 8 bytes, rt_ctype_table.o(.text), UNUSED)
<BR><BR>[Calls]<UL><LI><a href="#[55]">&gt;&gt;</a>&nbsp;&nbsp;&nbsp;__rt_locale
</UL>
<BR>[Called By]<UL><LI><a href="#[9b]">&gt;&gt;</a>&nbsp;&nbsp;&nbsp;_c16rtomb
</UL>

<P><STRONG><a name="[7e]"></a>__aeabi_errno_addr</STRONG> (Thumb, 8 bytes, Stack size 0 bytes, rt_errno_addr_intlibspace.o(.text))
<BR><BR>[Called By]<UL><LI><a href="#[7f]">&gt;&gt;</a>&nbsp;&nbsp;&nbsp;__set_errno
<LI><a href="#[7d]">&gt;&gt;</a>&nbsp;&nbsp;&nbsp;__read_errno
</UL>

<P><STRONG><a name="[25a]"></a>__errno$intlibspace</STRONG> (Thumb, 0 bytes, Stack size 0 bytes, rt_errno_addr_intlibspace.o(.text), UNUSED)

<P><STRONG><a name="[25b]"></a>__rt_errno_addr$intlibspace</STRONG> (Thumb, 0 bytes, Stack size 0 bytes, rt_errno_addr_intlibspace.o(.text), UNUSED)

<P><STRONG><a name="[7d]"></a>__read_errno</STRONG> (Thumb, 10 bytes, Stack size 8 bytes, _rserrno.o(.text), UNUSED)
<BR><BR>[Calls]<UL><LI><a href="#[7e]">&gt;&gt;</a>&nbsp;&nbsp;&nbsp;__aeabi_errno_addr
</UL>

<P><STRONG><a name="[7f]"></a>__set_errno</STRONG> (Thumb, 12 bytes, Stack size 8 bytes, _rserrno.o(.text))
<BR><BR>[Stack]<UL><LI>Max Depth = 8<LI>Call Chain = __set_errno
</UL>
<BR>[Calls]<UL><LI><a href="#[7e]">&gt;&gt;</a>&nbsp;&nbsp;&nbsp;__aeabi_errno_addr
</UL>
<BR>[Called By]<UL><LI><a href="#[1e5]">&gt;&gt;</a>&nbsp;&nbsp;&nbsp;sinf
<LI><a href="#[1e4]">&gt;&gt;</a>&nbsp;&nbsp;&nbsp;cosf
</UL>

<P><STRONG><a name="[81]"></a>_printf_pre_padding</STRONG> (Thumb, 44 bytes, Stack size 16 bytes, _printf_pad.o(.text))
<BR><BR>[Stack]<UL><LI>Max Depth = 16<LI>Call Chain = _printf_pre_padding
</UL>
<BR>[Called By]<UL><LI><a href="#[88]">&gt;&gt;</a>&nbsp;&nbsp;&nbsp;_printf_wctomb
<LI><a href="#[80]">&gt;&gt;</a>&nbsp;&nbsp;&nbsp;_printf_str
<LI><a href="#[95]">&gt;&gt;</a>&nbsp;&nbsp;&nbsp;_printf_fp_infnan
<LI><a href="#[28]">&gt;&gt;</a>&nbsp;&nbsp;&nbsp;_printf_fp_hex_real
<LI><a href="#[27]">&gt;&gt;</a>&nbsp;&nbsp;&nbsp;_printf_fp_dec_real
<LI><a href="#[86]">&gt;&gt;</a>&nbsp;&nbsp;&nbsp;_printf_int_common
</UL>

<P><STRONG><a name="[82]"></a>_printf_post_padding</STRONG> (Thumb, 34 bytes, Stack size 16 bytes, _printf_pad.o(.text))
<BR><BR>[Stack]<UL><LI>Max Depth = 16<LI>Call Chain = _printf_post_padding
</UL>
<BR>[Called By]<UL><LI><a href="#[88]">&gt;&gt;</a>&nbsp;&nbsp;&nbsp;_printf_wctomb
<LI><a href="#[80]">&gt;&gt;</a>&nbsp;&nbsp;&nbsp;_printf_str
<LI><a href="#[95]">&gt;&gt;</a>&nbsp;&nbsp;&nbsp;_printf_fp_infnan
<LI><a href="#[28]">&gt;&gt;</a>&nbsp;&nbsp;&nbsp;_printf_fp_hex_real
<LI><a href="#[27]">&gt;&gt;</a>&nbsp;&nbsp;&nbsp;_printf_fp_dec_real
<LI><a href="#[86]">&gt;&gt;</a>&nbsp;&nbsp;&nbsp;_printf_int_common
</UL>

<P><STRONG><a name="[83]"></a>_printf_truncate_signed</STRONG> (Thumb, 18 bytes, Stack size 0 bytes, _printf_truncate.o(.text))
<BR><BR>[Called By]<UL><LI><a href="#[3c]">&gt;&gt;</a>&nbsp;&nbsp;&nbsp;_printf_int_dec
</UL>

<P><STRONG><a name="[84]"></a>_printf_truncate_unsigned</STRONG> (Thumb, 18 bytes, Stack size 0 bytes, _printf_truncate.o(.text))
<BR><BR>[Called By]<UL><LI><a href="#[42]">&gt;&gt;</a>&nbsp;&nbsp;&nbsp;_printf_int_hex
<LI><a href="#[40]">&gt;&gt;</a>&nbsp;&nbsp;&nbsp;_printf_int_oct
<LI><a href="#[3c]">&gt;&gt;</a>&nbsp;&nbsp;&nbsp;_printf_int_dec
</UL>

<P><STRONG><a name="[80]"></a>_printf_str</STRONG> (Thumb, 82 bytes, Stack size 16 bytes, _printf_str.o(.text))
<BR><BR>[Stack]<UL><LI>Max Depth = 32<LI>Call Chain = _printf_str &rArr; _printf_post_padding
</UL>
<BR>[Calls]<UL><LI><a href="#[82]">&gt;&gt;</a>&nbsp;&nbsp;&nbsp;_printf_post_padding
<LI><a href="#[81]">&gt;&gt;</a>&nbsp;&nbsp;&nbsp;_printf_pre_padding
</UL>
<BR>[Called By]<UL><LI><a href="#[97]">&gt;&gt;</a>&nbsp;&nbsp;&nbsp;_printf_cs_common
</UL>

<P><STRONG><a name="[3c]"></a>_printf_int_dec</STRONG> (Thumb, 90 bytes, Stack size 32 bytes, _printf_dec.o(.text))
<BR><BR>[Stack]<UL><LI>Max Depth = 88<LI>Call Chain = _printf_int_dec &rArr; _printf_int_common &rArr; _printf_post_padding
</UL>
<BR>[Calls]<UL><LI><a href="#[84]">&gt;&gt;</a>&nbsp;&nbsp;&nbsp;_printf_truncate_unsigned
<LI><a href="#[83]">&gt;&gt;</a>&nbsp;&nbsp;&nbsp;_printf_truncate_signed
<LI><a href="#[85]">&gt;&gt;</a>&nbsp;&nbsp;&nbsp;__rt_udiv10
<LI><a href="#[86]">&gt;&gt;</a>&nbsp;&nbsp;&nbsp;_printf_int_common
</UL>
<BR>[Called By]<UL><LI><a href="#[3d]">&gt;&gt;</a>&nbsp;&nbsp;&nbsp;_printf_u
<LI><a href="#[3b]">&gt;&gt;</a>&nbsp;&nbsp;&nbsp;_printf_d
<LI><a href="#[3a]">&gt;&gt;</a>&nbsp;&nbsp;&nbsp;_printf_i
</UL>

<P><STRONG><a name="[31]"></a>_printf_charcount</STRONG> (Thumb, 38 bytes, Stack size 0 bytes, _printf_charcount.o(.text))
<BR><BR>[Called By]<UL><LI><a href="#[2f]">&gt;&gt;</a>&nbsp;&nbsp;&nbsp;_printf_n
</UL>

<P><STRONG><a name="[66]"></a>_printf_char_common</STRONG> (Thumb, 32 bytes, Stack size 64 bytes, _printf_char_common.o(.text))
<BR><BR>[Stack]<UL><LI>Max Depth = 96 + Unknown Stack Size
<LI>Call Chain = _printf_char_common &rArr; __printf
</UL>
<BR>[Calls]<UL><LI><a href="#[87]">&gt;&gt;</a>&nbsp;&nbsp;&nbsp;__printf
</UL>
<BR>[Called By]<UL><LI><a href="#[65]">&gt;&gt;</a>&nbsp;&nbsp;&nbsp;sprintf
</UL>

<P><STRONG><a name="[1f]"></a>_sputc</STRONG> (Thumb, 10 bytes, Stack size 0 bytes, _sputc.o(.text))
<BR><BR>[Called By]<UL><LI><a href="#[65]">&gt;&gt;</a>&nbsp;&nbsp;&nbsp;sprintf
</UL>
<BR>[Address Reference Count : 1]<UL><LI> sprintf.o(.text)
</UL>
<P><STRONG><a name="[88]"></a>_printf_wctomb</STRONG> (Thumb, 182 bytes, Stack size 56 bytes, _printf_wctomb.o(.text))
<BR><BR>[Stack]<UL><LI>Max Depth = 80<LI>Call Chain = _printf_wctomb &rArr; _wcrtomb
</UL>
<BR>[Calls]<UL><LI><a href="#[82]">&gt;&gt;</a>&nbsp;&nbsp;&nbsp;_printf_post_padding
<LI><a href="#[81]">&gt;&gt;</a>&nbsp;&nbsp;&nbsp;_printf_pre_padding
<LI><a href="#[89]">&gt;&gt;</a>&nbsp;&nbsp;&nbsp;_wcrtomb
</UL>
<BR>[Called By]<UL><LI><a href="#[99]">&gt;&gt;</a>&nbsp;&nbsp;&nbsp;_printf_lcs_common
</UL>

<P><STRONG><a name="[44]"></a>_printf_longlong_dec</STRONG> (Thumb, 94 bytes, Stack size 32 bytes, _printf_longlong_dec.o(.text))
<BR><BR>[Stack]<UL><LI>Max Depth = 88<LI>Call Chain = _printf_longlong_dec &rArr; _printf_int_common &rArr; _printf_post_padding
</UL>
<BR>[Calls]<UL><LI><a href="#[86]">&gt;&gt;</a>&nbsp;&nbsp;&nbsp;_printf_int_common
<LI><a href="#[8a]">&gt;&gt;</a>&nbsp;&nbsp;&nbsp;_ll_udiv10
</UL>
<BR>[Called By]<UL><LI><a href="#[45]">&gt;&gt;</a>&nbsp;&nbsp;&nbsp;_printf_llu
<LI><a href="#[43]">&gt;&gt;</a>&nbsp;&nbsp;&nbsp;_printf_lld
<LI><a href="#[41]">&gt;&gt;</a>&nbsp;&nbsp;&nbsp;_printf_lli
</UL>

<P><STRONG><a name="[8b]"></a>_printf_longlong_oct</STRONG> (Thumb, 68 bytes, Stack size 16 bytes, _printf_oct_int_ll.o(.text))
<BR><BR>[Stack]<UL><LI>Max Depth = 72<LI>Call Chain = _printf_longlong_oct &rArr; _printf_int_common &rArr; _printf_post_padding
</UL>
<BR>[Calls]<UL><LI><a href="#[86]">&gt;&gt;</a>&nbsp;&nbsp;&nbsp;_printf_int_common
</UL>
<BR>[Called By]<UL><LI><a href="#[48]">&gt;&gt;</a>&nbsp;&nbsp;&nbsp;_printf_ll_oct
<LI><a href="#[40]">&gt;&gt;</a>&nbsp;&nbsp;&nbsp;_printf_int_oct
</UL>

<P><STRONG><a name="[40]"></a>_printf_int_oct</STRONG> (Thumb, 24 bytes, Stack size 8 bytes, _printf_oct_int_ll.o(.text))
<BR><BR>[Stack]<UL><LI>Max Depth = 80<LI>Call Chain = _printf_int_oct &rArr; _printf_longlong_oct &rArr; _printf_int_common &rArr; _printf_post_padding
</UL>
<BR>[Calls]<UL><LI><a href="#[8b]">&gt;&gt;</a>&nbsp;&nbsp;&nbsp;_printf_longlong_oct
<LI><a href="#[84]">&gt;&gt;</a>&nbsp;&nbsp;&nbsp;_printf_truncate_unsigned
</UL>
<BR>[Called By]<UL><LI><a href="#[3e]">&gt;&gt;</a>&nbsp;&nbsp;&nbsp;_printf_o
</UL>

<P><STRONG><a name="[48]"></a>_printf_ll_oct</STRONG> (Thumb, 10 bytes, Stack size 0 bytes, _printf_oct_int_ll.o(.text))
<BR><BR>[Stack]<UL><LI>Max Depth = 72<LI>Call Chain = _printf_ll_oct &rArr; _printf_longlong_oct &rArr; _printf_int_common &rArr; _printf_post_padding
</UL>
<BR>[Calls]<UL><LI><a href="#[8b]">&gt;&gt;</a>&nbsp;&nbsp;&nbsp;_printf_longlong_oct
</UL>
<BR>[Called By]<UL><LI><a href="#[46]">&gt;&gt;</a>&nbsp;&nbsp;&nbsp;_printf_llo
</UL>

<P><STRONG><a name="[8c]"></a>_printf_longlong_hex</STRONG> (Thumb, 88 bytes, Stack size 24 bytes, _printf_hex_int_ll_ptr.o(.text))
<BR><BR>[Stack]<UL><LI>Max Depth = 80<LI>Call Chain = _printf_longlong_hex &rArr; _printf_int_common &rArr; _printf_post_padding
</UL>
<BR>[Calls]<UL><LI><a href="#[86]">&gt;&gt;</a>&nbsp;&nbsp;&nbsp;_printf_int_common
</UL>
<BR>[Called By]<UL><LI><a href="#[33]">&gt;&gt;</a>&nbsp;&nbsp;&nbsp;_printf_hex_ptr
<LI><a href="#[4a]">&gt;&gt;</a>&nbsp;&nbsp;&nbsp;_printf_ll_hex
<LI><a href="#[42]">&gt;&gt;</a>&nbsp;&nbsp;&nbsp;_printf_int_hex
</UL>

<P><STRONG><a name="[42]"></a>_printf_int_hex</STRONG> (Thumb, 28 bytes, Stack size 16 bytes, _printf_hex_int_ll_ptr.o(.text))
<BR><BR>[Stack]<UL><LI>Max Depth = 96<LI>Call Chain = _printf_int_hex &rArr; _printf_longlong_hex &rArr; _printf_int_common &rArr; _printf_post_padding
</UL>
<BR>[Calls]<UL><LI><a href="#[8c]">&gt;&gt;</a>&nbsp;&nbsp;&nbsp;_printf_longlong_hex
<LI><a href="#[84]">&gt;&gt;</a>&nbsp;&nbsp;&nbsp;_printf_truncate_unsigned
</UL>
<BR>[Called By]<UL><LI><a href="#[3f]">&gt;&gt;</a>&nbsp;&nbsp;&nbsp;_printf_x
</UL>

<P><STRONG><a name="[4a]"></a>_printf_ll_hex</STRONG> (Thumb, 10 bytes, Stack size 0 bytes, _printf_hex_int_ll_ptr.o(.text))
<BR><BR>[Stack]<UL><LI>Max Depth = 80<LI>Call Chain = _printf_ll_hex &rArr; _printf_longlong_hex &rArr; _printf_int_common &rArr; _printf_post_padding
</UL>
<BR>[Calls]<UL><LI><a href="#[8c]">&gt;&gt;</a>&nbsp;&nbsp;&nbsp;_printf_longlong_hex
</UL>
<BR>[Called By]<UL><LI><a href="#[47]">&gt;&gt;</a>&nbsp;&nbsp;&nbsp;_printf_llx
</UL>

<P><STRONG><a name="[33]"></a>_printf_hex_ptr</STRONG> (Thumb, 22 bytes, Stack size 8 bytes, _printf_hex_int_ll_ptr.o(.text))
<BR><BR>[Stack]<UL><LI>Max Depth = 88<LI>Call Chain = _printf_hex_ptr &rArr; _printf_longlong_hex &rArr; _printf_int_common &rArr; _printf_post_padding
</UL>
<BR>[Calls]<UL><LI><a href="#[8c]">&gt;&gt;</a>&nbsp;&nbsp;&nbsp;_printf_longlong_hex
</UL>
<BR>[Called By]<UL><LI><a href="#[30]">&gt;&gt;</a>&nbsp;&nbsp;&nbsp;_printf_p
</UL>

<P><STRONG><a name="[87]"></a>__printf</STRONG> (Thumb, 386 bytes, Stack size 32 bytes, __printf_flags_ss_wp.o(.text))
<BR><BR>[Stack]<UL><LI>Max Depth = 32 + Unknown Stack Size
<LI>Call Chain = __printf
</UL>
<BR>[Calls]<UL><LI><a href="#[8d]">&gt;&gt;</a>&nbsp;&nbsp;&nbsp;_is_digit
<LI><a href="#[8e]">&gt;&gt;</a>&nbsp;&nbsp;&nbsp;_printf_percent
</UL>
<BR>[Called By]<UL><LI><a href="#[66]">&gt;&gt;</a>&nbsp;&nbsp;&nbsp;_printf_char_common
</UL>

<P><STRONG><a name="[217]"></a>_frnd</STRONG> (Thumb, 122 bytes, Stack size 8 bytes, frnd.o(.text))
<BR><BR>[Stack]<UL><LI>Max Depth = 8<LI>Call Chain = _frnd
</UL>
<BR>[Called By]<UL><LI><a href="#[1e5]">&gt;&gt;</a>&nbsp;&nbsp;&nbsp;sinf
<LI><a href="#[1e4]">&gt;&gt;</a>&nbsp;&nbsp;&nbsp;cosf
</UL>

<P><STRONG><a name="[206]"></a>__ARM_scalbnf</STRONG> (Thumb, 64 bytes, Stack size 8 bytes, fscalbn.o(.text))
<BR><BR>[Stack]<UL><LI>Max Depth = 8<LI>Call Chain = __ARM_scalbnf
</UL>
<BR>[Called By]<UL><LI><a href="#[209]">&gt;&gt;</a>&nbsp;&nbsp;&nbsp;__mathlib_rredf2
<LI><a href="#[208]">&gt;&gt;</a>&nbsp;&nbsp;&nbsp;__mathlib_flt_underflow
<LI><a href="#[205]">&gt;&gt;</a>&nbsp;&nbsp;&nbsp;__mathlib_flt_infnan
</UL>

<P><STRONG><a name="[25c]"></a>__user_libspace</STRONG> (Thumb, 8 bytes, Stack size 0 bytes, libspace.o(.text), UNUSED)

<P><STRONG><a name="[a1]"></a>__user_perproc_libspace</STRONG> (Thumb, 0 bytes, Stack size 0 bytes, libspace.o(.text))
<BR><BR>[Called By]<UL><LI><a href="#[5a]">&gt;&gt;</a>&nbsp;&nbsp;&nbsp;__user_setup_stackheap
</UL>

<P><STRONG><a name="[25d]"></a>__user_perthread_libspace</STRONG> (Thumb, 0 bytes, Stack size 0 bytes, libspace.o(.text), UNUSED)

<P><STRONG><a name="[55]"></a>__rt_locale</STRONG> (Thumb, 8 bytes, Stack size 0 bytes, rt_locale_intlibspace.o(.text))
<BR><BR>[Called By]<UL><LI><a href="#[7c]">&gt;&gt;</a>&nbsp;&nbsp;&nbsp;__rt_ctype_table
<LI><a href="#[54]">&gt;&gt;</a>&nbsp;&nbsp;&nbsp;__rt_lib_init_lc_common
<LI><a href="#[27]">&gt;&gt;</a>&nbsp;&nbsp;&nbsp;_printf_fp_dec_real
</UL>

<P><STRONG><a name="[8a]"></a>_ll_udiv10</STRONG> (Thumb, 122 bytes, Stack size 16 bytes, lludiv10.o(.text))
<BR><BR>[Stack]<UL><LI>Max Depth = 16<LI>Call Chain = _ll_udiv10
</UL>
<BR>[Called By]<UL><LI><a href="#[44]">&gt;&gt;</a>&nbsp;&nbsp;&nbsp;_printf_longlong_dec
<LI><a href="#[8f]">&gt;&gt;</a>&nbsp;&nbsp;&nbsp;_fp_digits
</UL>

<P><STRONG><a name="[86]"></a>_printf_int_common</STRONG> (Thumb, 176 bytes, Stack size 40 bytes, _printf_intcommon.o(.text))
<BR><BR>[Stack]<UL><LI>Max Depth = 56<LI>Call Chain = _printf_int_common &rArr; _printf_post_padding
</UL>
<BR>[Calls]<UL><LI><a href="#[82]">&gt;&gt;</a>&nbsp;&nbsp;&nbsp;_printf_post_padding
<LI><a href="#[81]">&gt;&gt;</a>&nbsp;&nbsp;&nbsp;_printf_pre_padding
</UL>
<BR>[Called By]<UL><LI><a href="#[8c]">&gt;&gt;</a>&nbsp;&nbsp;&nbsp;_printf_longlong_hex
<LI><a href="#[8b]">&gt;&gt;</a>&nbsp;&nbsp;&nbsp;_printf_longlong_oct
<LI><a href="#[44]">&gt;&gt;</a>&nbsp;&nbsp;&nbsp;_printf_longlong_dec
<LI><a href="#[3c]">&gt;&gt;</a>&nbsp;&nbsp;&nbsp;_printf_int_dec
</UL>

<P><STRONG><a name="[27]"></a>_printf_fp_dec_real</STRONG> (Thumb, 620 bytes, Stack size 96 bytes, _printf_fp_dec.o(.text))
<BR><BR>[Stack]<UL><LI>Max Depth = 368<LI>Call Chain = _printf_fp_dec_real &rArr; _fp_digits &rArr; _btod_etento &rArr; _btod_emul &rArr; btod_internal_mul &rArr; __ARM_common_ll_muluu
</UL>
<BR>[Calls]<UL><LI><a href="#[82]">&gt;&gt;</a>&nbsp;&nbsp;&nbsp;_printf_post_padding
<LI><a href="#[81]">&gt;&gt;</a>&nbsp;&nbsp;&nbsp;_printf_pre_padding
<LI><a href="#[95]">&gt;&gt;</a>&nbsp;&nbsp;&nbsp;_printf_fp_infnan
<LI><a href="#[94]">&gt;&gt;</a>&nbsp;&nbsp;&nbsp;__ARM_fpclassify
<LI><a href="#[85]">&gt;&gt;</a>&nbsp;&nbsp;&nbsp;__rt_udiv10
<LI><a href="#[8f]">&gt;&gt;</a>&nbsp;&nbsp;&nbsp;_fp_digits
<LI><a href="#[55]">&gt;&gt;</a>&nbsp;&nbsp;&nbsp;__rt_locale
</UL>
<BR>[Address Reference Count : 1]<UL><LI> printf1.o(x$fpl$printf1)
</UL>
<P><STRONG><a name="[28]"></a>_printf_fp_hex_real</STRONG> (Thumb, 718 bytes, Stack size 72 bytes, _printf_fp_hex.o(.text))
<BR><BR>[Stack]<UL><LI>Max Depth = 112<LI>Call Chain = _printf_fp_hex_real &rArr; _printf_fp_infnan &rArr; _printf_post_padding
</UL>
<BR>[Calls]<UL><LI><a href="#[82]">&gt;&gt;</a>&nbsp;&nbsp;&nbsp;_printf_post_padding
<LI><a href="#[81]">&gt;&gt;</a>&nbsp;&nbsp;&nbsp;_printf_pre_padding
<LI><a href="#[96]">&gt;&gt;</a>&nbsp;&nbsp;&nbsp;__aeabi_idivmod
<LI><a href="#[95]">&gt;&gt;</a>&nbsp;&nbsp;&nbsp;_printf_fp_infnan
<LI><a href="#[94]">&gt;&gt;</a>&nbsp;&nbsp;&nbsp;__ARM_fpclassify
</UL>
<BR>[Address Reference Count : 1]<UL><LI> printf2.o(x$fpl$printf2)
</UL>
<P><STRONG><a name="[97]"></a>_printf_cs_common</STRONG> (Thumb, 22 bytes, Stack size 8 bytes, _printf_char.o(.text))
<BR><BR>[Stack]<UL><LI>Max Depth = 40<LI>Call Chain = _printf_cs_common &rArr; _printf_str &rArr; _printf_post_padding
</UL>
<BR>[Calls]<UL><LI><a href="#[80]">&gt;&gt;</a>&nbsp;&nbsp;&nbsp;_printf_str
<LI><a href="#[98]">&gt;&gt;</a>&nbsp;&nbsp;&nbsp;_printf_mbtowc (Weak Reference)
</UL>
<BR>[Called By]<UL><LI><a href="#[4f]">&gt;&gt;</a>&nbsp;&nbsp;&nbsp;_printf_string
<LI><a href="#[4d]">&gt;&gt;</a>&nbsp;&nbsp;&nbsp;_printf_char
</UL>

<P><STRONG><a name="[4d]"></a>_printf_char</STRONG> (Thumb, 16 bytes, Stack size 0 bytes, _printf_char.o(.text))
<BR><BR>[Stack]<UL><LI>Max Depth = 40<LI>Call Chain = _printf_char &rArr; _printf_cs_common &rArr; _printf_str &rArr; _printf_post_padding
</UL>
<BR>[Calls]<UL><LI><a href="#[97]">&gt;&gt;</a>&nbsp;&nbsp;&nbsp;_printf_cs_common
</UL>
<BR>[Called By]<UL><LI><a href="#[4b]">&gt;&gt;</a>&nbsp;&nbsp;&nbsp;_printf_c
</UL>

<P><STRONG><a name="[4f]"></a>_printf_string</STRONG> (Thumb, 8 bytes, Stack size 0 bytes, _printf_char.o(.text))
<BR><BR>[Stack]<UL><LI>Max Depth = 40<LI>Call Chain = _printf_string &rArr; _printf_cs_common &rArr; _printf_str &rArr; _printf_post_padding
</UL>
<BR>[Calls]<UL><LI><a href="#[97]">&gt;&gt;</a>&nbsp;&nbsp;&nbsp;_printf_cs_common
</UL>
<BR>[Called By]<UL><LI><a href="#[4c]">&gt;&gt;</a>&nbsp;&nbsp;&nbsp;_printf_s
</UL>

<P><STRONG><a name="[99]"></a>_printf_lcs_common</STRONG> (Thumb, 22 bytes, Stack size 8 bytes, _printf_wchar.o(.text))
<BR><BR>[Stack]<UL><LI>Max Depth = 88<LI>Call Chain = _printf_lcs_common &rArr; _printf_wctomb &rArr; _wcrtomb
</UL>
<BR>[Calls]<UL><LI><a href="#[88]">&gt;&gt;</a>&nbsp;&nbsp;&nbsp;_printf_wctomb
<LI><a href="#[9a]">&gt;&gt;</a>&nbsp;&nbsp;&nbsp;_printf_wc (Weak Reference)
</UL>
<BR>[Called By]<UL><LI><a href="#[53]">&gt;&gt;</a>&nbsp;&nbsp;&nbsp;_printf_wstring
<LI><a href="#[51]">&gt;&gt;</a>&nbsp;&nbsp;&nbsp;_printf_wchar
</UL>

<P><STRONG><a name="[51]"></a>_printf_wchar</STRONG> (Thumb, 16 bytes, Stack size 0 bytes, _printf_wchar.o(.text))
<BR><BR>[Stack]<UL><LI>Max Depth = 88<LI>Call Chain = _printf_wchar &rArr; _printf_lcs_common &rArr; _printf_wctomb &rArr; _wcrtomb
</UL>
<BR>[Calls]<UL><LI><a href="#[99]">&gt;&gt;</a>&nbsp;&nbsp;&nbsp;_printf_lcs_common
</UL>
<BR>[Called By]<UL><LI><a href="#[4e]">&gt;&gt;</a>&nbsp;&nbsp;&nbsp;_printf_lc
</UL>

<P><STRONG><a name="[53]"></a>_printf_wstring</STRONG> (Thumb, 8 bytes, Stack size 0 bytes, _printf_wchar.o(.text))
<BR><BR>[Stack]<UL><LI>Max Depth = 88<LI>Call Chain = _printf_wstring &rArr; _printf_lcs_common &rArr; _printf_wctomb &rArr; _wcrtomb
</UL>
<BR>[Calls]<UL><LI><a href="#[99]">&gt;&gt;</a>&nbsp;&nbsp;&nbsp;_printf_lcs_common
</UL>
<BR>[Called By]<UL><LI><a href="#[50]">&gt;&gt;</a>&nbsp;&nbsp;&nbsp;_printf_ls
</UL>

<P><STRONG><a name="[9b]"></a>_c16rtomb</STRONG> (Thumb, 66 bytes, Stack size 24 bytes, _c16rtomb.o(.text), UNUSED)
<BR><BR>[Calls]<UL><LI><a href="#[7c]">&gt;&gt;</a>&nbsp;&nbsp;&nbsp;__rt_ctype_table
</UL>

<P><STRONG><a name="[89]"></a>_wcrtomb</STRONG> (Thumb, 0 bytes, Stack size 24 bytes, _c16rtomb.o(.text))
<BR><BR>[Stack]<UL><LI>Max Depth = 24<LI>Call Chain = _wcrtomb
</UL>
<BR>[Called By]<UL><LI><a href="#[88]">&gt;&gt;</a>&nbsp;&nbsp;&nbsp;_printf_wctomb
</UL>

<P><STRONG><a name="[85]"></a>__rt_udiv10</STRONG> (Thumb, 40 bytes, Stack size 0 bytes, rtudiv10.o(.text))
<BR><BR>[Called By]<UL><LI><a href="#[3c]">&gt;&gt;</a>&nbsp;&nbsp;&nbsp;_printf_int_dec
<LI><a href="#[27]">&gt;&gt;</a>&nbsp;&nbsp;&nbsp;_printf_fp_dec_real
</UL>

<P><STRONG><a name="[9c]"></a>__fpl_dcmp_InfNaN</STRONG> (Thumb, 154 bytes, Stack size 24 bytes, dcmpin.o(.text), UNUSED)
<BR><BR>[Calls]<UL><LI><a href="#[9e]">&gt;&gt;</a>&nbsp;&nbsp;&nbsp;__fpl_dcheck_NaN2
<LI><a href="#[9d]">&gt;&gt;</a>&nbsp;&nbsp;&nbsp;__fpl_cmpreturn
</UL>
<BR>[Called By]<UL><LI><a href="#[20e]">&gt;&gt;</a>&nbsp;&nbsp;&nbsp;_dcmple
<LI><a href="#[20c]">&gt;&gt;</a>&nbsp;&nbsp;&nbsp;_dcmpge
</UL>

<P><STRONG><a name="[9f]"></a>__fpl_fcmp_InfNaN</STRONG> (Thumb, 96 bytes, Stack size 8 bytes, fcmpin.o(.text), UNUSED)
<BR><BR>[Calls]<UL><LI><a href="#[a0]">&gt;&gt;</a>&nbsp;&nbsp;&nbsp;__fpl_fcheck_NaN2
<LI><a href="#[9d]">&gt;&gt;</a>&nbsp;&nbsp;&nbsp;__fpl_cmpreturn
</UL>
<BR>[Called By]<UL><LI><a href="#[215]">&gt;&gt;</a>&nbsp;&nbsp;&nbsp;_fcmple
<LI><a href="#[212]">&gt;&gt;</a>&nbsp;&nbsp;&nbsp;_fcmpge
<LI><a href="#[210]">&gt;&gt;</a>&nbsp;&nbsp;&nbsp;_fcmpeq
</UL>

<P><STRONG><a name="[5a]"></a>__user_setup_stackheap</STRONG> (Thumb, 62 bytes, Stack size 8 bytes, sys_stackheap_outer.o(.text))
<BR><BR>[Stack]<UL><LI>Max Depth = 8<LI>Call Chain = __user_setup_stackheap
</UL>
<BR>[Calls]<UL><LI><a href="#[a2]">&gt;&gt;</a>&nbsp;&nbsp;&nbsp;__user_initial_stackheap
<LI><a href="#[a1]">&gt;&gt;</a>&nbsp;&nbsp;&nbsp;__user_perproc_libspace
</UL>
<BR>[Called By]<UL><LI><a href="#[59]">&gt;&gt;</a>&nbsp;&nbsp;&nbsp;__rt_entry_sh
</UL>

<P><STRONG><a name="[95]"></a>_printf_fp_infnan</STRONG> (Thumb, 120 bytes, Stack size 24 bytes, _printf_fp_infnan.o(.text))
<BR><BR>[Stack]<UL><LI>Max Depth = 40<LI>Call Chain = _printf_fp_infnan &rArr; _printf_post_padding
</UL>
<BR>[Calls]<UL><LI><a href="#[82]">&gt;&gt;</a>&nbsp;&nbsp;&nbsp;_printf_post_padding
<LI><a href="#[81]">&gt;&gt;</a>&nbsp;&nbsp;&nbsp;_printf_pre_padding
</UL>
<BR>[Called By]<UL><LI><a href="#[28]">&gt;&gt;</a>&nbsp;&nbsp;&nbsp;_printf_fp_hex_real
<LI><a href="#[27]">&gt;&gt;</a>&nbsp;&nbsp;&nbsp;_printf_fp_dec_real
</UL>

<P><STRONG><a name="[90]"></a>_btod_etento</STRONG> (Thumb, 210 bytes, Stack size 72 bytes, bigflt0.o(.text))
<BR><BR>[Stack]<UL><LI>Max Depth = 176<LI>Call Chain = _btod_etento &rArr; _btod_emul &rArr; btod_internal_mul &rArr; __ARM_common_ll_muluu
</UL>
<BR>[Calls]<UL><LI><a href="#[96]">&gt;&gt;</a>&nbsp;&nbsp;&nbsp;__aeabi_idivmod
<LI><a href="#[92]">&gt;&gt;</a>&nbsp;&nbsp;&nbsp;_btod_ediv
<LI><a href="#[93]">&gt;&gt;</a>&nbsp;&nbsp;&nbsp;_btod_emul
</UL>
<BR>[Called By]<UL><LI><a href="#[8f]">&gt;&gt;</a>&nbsp;&nbsp;&nbsp;_fp_digits
</UL>

<P><STRONG><a name="[91]"></a>_btod_d2e</STRONG> (Thumb, 64 bytes, Stack size 8 bytes, btod.o(.text))
<BR><BR>[Stack]<UL><LI>Max Depth = 8<LI>Call Chain = _btod_d2e
</UL>
<BR>[Called By]<UL><LI><a href="#[8f]">&gt;&gt;</a>&nbsp;&nbsp;&nbsp;_fp_digits
</UL>

<P><STRONG><a name="[93]"></a>_btod_emul</STRONG> (Thumb, 28 bytes, Stack size 24 bytes, btod.o(.text))
<BR><BR>[Stack]<UL><LI>Max Depth = 104<LI>Call Chain = _btod_emul &rArr; btod_internal_mul &rArr; __ARM_common_ll_muluu
</UL>
<BR>[Calls]<UL><LI><a href="#[a3]">&gt;&gt;</a>&nbsp;&nbsp;&nbsp;btod_internal_mul
</UL>
<BR>[Called By]<UL><LI><a href="#[90]">&gt;&gt;</a>&nbsp;&nbsp;&nbsp;_btod_etento
<LI><a href="#[8f]">&gt;&gt;</a>&nbsp;&nbsp;&nbsp;_fp_digits
</UL>

<P><STRONG><a name="[a5]"></a>_btod_emuld</STRONG> (Thumb, 144 bytes, Stack size 56 bytes, btod.o(.text), UNUSED)
<BR><BR>[Calls]<UL><LI><a href="#[a3]">&gt;&gt;</a>&nbsp;&nbsp;&nbsp;btod_internal_mul
</UL>

<P><STRONG><a name="[92]"></a>_btod_ediv</STRONG> (Thumb, 26 bytes, Stack size 24 bytes, btod.o(.text))
<BR><BR>[Stack]<UL><LI>Max Depth = 88<LI>Call Chain = _btod_ediv &rArr; btod_internal_div
</UL>
<BR>[Calls]<UL><LI><a href="#[a6]">&gt;&gt;</a>&nbsp;&nbsp;&nbsp;btod_internal_div
</UL>
<BR>[Called By]<UL><LI><a href="#[90]">&gt;&gt;</a>&nbsp;&nbsp;&nbsp;_btod_etento
<LI><a href="#[8f]">&gt;&gt;</a>&nbsp;&nbsp;&nbsp;_fp_digits
</UL>

<P><STRONG><a name="[a7]"></a>_btod_edivd</STRONG> (Thumb, 124 bytes, Stack size 56 bytes, btod.o(.text), UNUSED)
<BR><BR>[Calls]<UL><LI><a href="#[a6]">&gt;&gt;</a>&nbsp;&nbsp;&nbsp;btod_internal_div
</UL>

<P><STRONG><a name="[5f]"></a>exit</STRONG> (Thumb, 16 bytes, Stack size 8 bytes, exit.o(.text))
<BR><BR>[Stack]<UL><LI>Max Depth = 8 + Unknown Stack Size
<LI>Call Chain = exit
</UL>
<BR>[Calls]<UL><LI><a href="#[a9]">&gt;&gt;</a>&nbsp;&nbsp;&nbsp;__rt_exit
<LI><a href="#[a8]">&gt;&gt;</a>&nbsp;&nbsp;&nbsp;_call_atexit_fns (Weak Reference)
</UL>
<BR>[Called By]<UL><LI><a href="#[5d]">&gt;&gt;</a>&nbsp;&nbsp;&nbsp;__rt_entry_main
</UL>

<P><STRONG><a name="[9d]"></a>__fpl_cmpreturn</STRONG> (Thumb, 46 bytes, Stack size 0 bytes, cmpret.o(.text), UNUSED)
<BR><BR>[Called By]<UL><LI><a href="#[aa]">&gt;&gt;</a>&nbsp;&nbsp;&nbsp;__fpl_return_NaN
<LI><a href="#[9f]">&gt;&gt;</a>&nbsp;&nbsp;&nbsp;__fpl_fcmp_InfNaN
<LI><a href="#[9c]">&gt;&gt;</a>&nbsp;&nbsp;&nbsp;__fpl_dcmp_InfNaN
</UL>

<P><STRONG><a name="[9e]"></a>__fpl_dcheck_NaN2</STRONG> (Thumb, 14 bytes, Stack size 8 bytes, dnan2.o(.text), UNUSED)
<BR><BR>[Calls]<UL><LI><a href="#[aa]">&gt;&gt;</a>&nbsp;&nbsp;&nbsp;__fpl_return_NaN
</UL>
<BR>[Called By]<UL><LI><a href="#[9c]">&gt;&gt;</a>&nbsp;&nbsp;&nbsp;__fpl_dcmp_InfNaN
</UL>

<P><STRONG><a name="[a0]"></a>__fpl_fcheck_NaN2</STRONG> (Thumb, 10 bytes, Stack size 8 bytes, fnan2.o(.text), UNUSED)
<BR><BR>[Calls]<UL><LI><a href="#[aa]">&gt;&gt;</a>&nbsp;&nbsp;&nbsp;__fpl_return_NaN
</UL>
<BR>[Called By]<UL><LI><a href="#[9f]">&gt;&gt;</a>&nbsp;&nbsp;&nbsp;__fpl_fcmp_InfNaN
</UL>

<P><STRONG><a name="[aa]"></a>__fpl_return_NaN</STRONG> (Thumb, 94 bytes, Stack size 8 bytes, retnan.o(.text), UNUSED)
<BR><BR>[Calls]<UL><LI><a href="#[9d]">&gt;&gt;</a>&nbsp;&nbsp;&nbsp;__fpl_cmpreturn
</UL>
<BR>[Called By]<UL><LI><a href="#[a0]">&gt;&gt;</a>&nbsp;&nbsp;&nbsp;__fpl_fcheck_NaN2
<LI><a href="#[9e]">&gt;&gt;</a>&nbsp;&nbsp;&nbsp;__fpl_dcheck_NaN2
</UL>

<P><STRONG><a name="[f1]"></a>DL_Common_delayCycles</STRONG> (Thumb, 20 bytes, Stack size 8 bytes, dl_common.o(.text.DL_Common_delayCycles))
<BR><BR>[Stack]<UL><LI>Max Depth = 8<LI>Call Chain = DL_Common_delayCycles
</UL>
<BR>[Called By]<UL><LI><a href="#[ec]">&gt;&gt;</a>&nbsp;&nbsp;&nbsp;SYSCFG_DL_initPower
</UL>

<P><STRONG><a name="[ab]"></a>DL_DMA_initChannel</STRONG> (Thumb, 70 bytes, Stack size 56 bytes, dl_dma.o(.text.DL_DMA_initChannel))
<BR><BR>[Stack]<UL><LI>Max Depth = 104<LI>Call Chain = DL_DMA_initChannel &rArr; DL_DMA_setTrigger &rArr; DL_Common_updateReg
</UL>
<BR>[Calls]<UL><LI><a href="#[ad]">&gt;&gt;</a>&nbsp;&nbsp;&nbsp;DL_DMA_setTrigger
<LI><a href="#[ac]">&gt;&gt;</a>&nbsp;&nbsp;&nbsp;DL_DMA_configTransfer
</UL>
<BR>[Called By]<UL><LI><a href="#[1ad]">&gt;&gt;</a>&nbsp;&nbsp;&nbsp;imu_uart_dma_init
</UL>

<P><STRONG><a name="[af]"></a>DL_SPI_init</STRONG> (Thumb, 64 bytes, Stack size 16 bytes, dl_spi.o(.text.DL_SPI_init))
<BR><BR>[Stack]<UL><LI>Max Depth = 32<LI>Call Chain = DL_SPI_init &rArr; DL_Common_updateReg
</UL>
<BR>[Calls]<UL><LI><a href="#[b0]">&gt;&gt;</a>&nbsp;&nbsp;&nbsp;DL_Common_updateReg
</UL>
<BR>[Called By]<UL><LI><a href="#[19e]">&gt;&gt;</a>&nbsp;&nbsp;&nbsp;spi_init
</UL>

<P><STRONG><a name="[1f3]"></a>DL_SPI_setClockConfig</STRONG> (Thumb, 32 bytes, Stack size 8 bytes, dl_spi.o(.text.DL_SPI_setClockConfig))
<BR><BR>[Stack]<UL><LI>Max Depth = 8<LI>Call Chain = DL_SPI_setClockConfig
</UL>
<BR>[Called By]<UL><LI><a href="#[19e]">&gt;&gt;</a>&nbsp;&nbsp;&nbsp;spi_init
</UL>

<P><STRONG><a name="[b4]"></a>DL_SYSCTL_configFCC</STRONG> (Thumb, 36 bytes, Stack size 24 bytes, dl_sysctl_mspm0g1x0x_g3x0x.o(.text.DL_SYSCTL_configFCC))
<BR><BR>[Stack]<UL><LI>Max Depth = 40<LI>Call Chain = DL_SYSCTL_configFCC &rArr; DL_Common_updateReg
</UL>
<BR>[Calls]<UL><LI><a href="#[b5]">&gt;&gt;</a>&nbsp;&nbsp;&nbsp;DL_Common_updateReg
</UL>
<BR>[Called By]<UL><LI><a href="#[d9]">&gt;&gt;</a>&nbsp;&nbsp;&nbsp;SYSCFG_DL_SYSCTL_SYSPLL_init
</UL>

<P><STRONG><a name="[b6]"></a>DL_SYSCTL_configSYSPLL</STRONG> (Thumb, 200 bytes, Stack size 32 bytes, dl_sysctl_mspm0g1x0x_g3x0x.o(.text.DL_SYSCTL_configSYSPLL))
<BR><BR>[Stack]<UL><LI>Max Depth = 48<LI>Call Chain = DL_SYSCTL_configSYSPLL &rArr; DL_Common_updateReg
</UL>
<BR>[Calls]<UL><LI><a href="#[bb]">&gt;&gt;</a>&nbsp;&nbsp;&nbsp;DL_SYSCTL_enableSYSPLL
<LI><a href="#[ba]">&gt;&gt;</a>&nbsp;&nbsp;&nbsp;DL_CORE_configInstruction
<LI><a href="#[b9]">&gt;&gt;</a>&nbsp;&nbsp;&nbsp;DL_CORE_getInstructionConfig
<LI><a href="#[b5]">&gt;&gt;</a>&nbsp;&nbsp;&nbsp;DL_Common_updateReg
<LI><a href="#[b8]">&gt;&gt;</a>&nbsp;&nbsp;&nbsp;DL_SYSCTL_getClockStatus
<LI><a href="#[b7]">&gt;&gt;</a>&nbsp;&nbsp;&nbsp;DL_SYSCTL_disableSYSPLL
</UL>
<BR>[Called By]<UL><LI><a href="#[df]">&gt;&gt;</a>&nbsp;&nbsp;&nbsp;SYSCFG_DL_SYSCTL_init
</UL>

<P><STRONG><a name="[c2]"></a>DL_SYSCTL_setHFCLKSourceHFXTParams</STRONG> (Thumb, 96 bytes, Stack size 32 bytes, dl_sysctl_mspm0g1x0x_g3x0x.o(.text.DL_SYSCTL_setHFCLKSourceHFXTParams))
<BR><BR>[Stack]<UL><LI>Max Depth = 64<LI>Call Chain = DL_SYSCTL_setHFCLKSourceHFXTParams &rArr; DL_SYSCTL_setHFXTStartupTime &rArr; DL_Common_updateReg
</UL>
<BR>[Calls]<UL><LI><a href="#[c7]">&gt;&gt;</a>&nbsp;&nbsp;&nbsp;DL_SYSCTL_disableHFCLKStartupMonitor
<LI><a href="#[c6]">&gt;&gt;</a>&nbsp;&nbsp;&nbsp;DL_SYSCTL_enableHFCLKStartupMonitor
<LI><a href="#[c5]">&gt;&gt;</a>&nbsp;&nbsp;&nbsp;DL_SYSCTL_setHFXTStartupTime
<LI><a href="#[c4]">&gt;&gt;</a>&nbsp;&nbsp;&nbsp;DL_SYSCTL_setHFXTFrequencyRange
<LI><a href="#[c3]">&gt;&gt;</a>&nbsp;&nbsp;&nbsp;DL_SYSCTL_disableHFXT
<LI><a href="#[b8]">&gt;&gt;</a>&nbsp;&nbsp;&nbsp;DL_SYSCTL_getClockStatus
</UL>
<BR>[Called By]<UL><LI><a href="#[df]">&gt;&gt;</a>&nbsp;&nbsp;&nbsp;SYSCFG_DL_SYSCTL_init
</UL>

<P><STRONG><a name="[c8]"></a>DL_SYSCTL_setLFCLKSourceLFXT</STRONG> (Thumb, 68 bytes, Stack size 16 bytes, dl_sysctl_mspm0g1x0x_g3x0x.o(.text.DL_SYSCTL_setLFCLKSourceLFXT))
[...]
<BR><BR>[Stack]<UL><LI>Max Depth = 16<LI>Call Chain = DL_Common_updateReg
</UL>
<BR>[Called By]<UL><LI><a href="#[ad]">&gt;&gt;</a>&nbsp;&nbsp;&nbsp;DL_DMA_setTrigger
</UL>

<P><STRONG><a name="[b0]"></a>DL_Common_updateReg</STRONG> (Thumb, 40 bytes, Stack size 16 bytes, dl_spi.o(.text.DL_Common_updateReg))
<BR><BR>[Stack]<UL><LI>Max Depth = 16<LI>Call Chain = DL_Common_updateReg
</UL>
<BR>[Called By]<UL><LI><a href="#[af]">&gt;&gt;</a>&nbsp;&nbsp;&nbsp;DL_SPI_init
</UL>

<P><STRONG><a name="[cf]"></a>DL_UART_disable</STRONG> (Thumb, 22 bytes, Stack size 4 bytes, dl_uart.o(.text.DL_UART_disable))
<BR><BR>[Stack]<UL><LI>Max Depth = 4<LI>Call Chain = DL_UART_disable
</UL>
<BR>[Called By]<UL><LI><a href="#[ce]">&gt;&gt;</a>&nbsp;&nbsp;&nbsp;DL_UART_init
</UL>

<P><STRONG><a name="[d0]"></a>DL_Common_updateReg</STRONG> (Thumb, 40 bytes, Stack size 16 bytes, dl_uart.o(.text.DL_Common_updateReg))
<BR><BR>[Stack]<UL><LI>Max Depth = 16<LI>Call Chain = DL_Common_updateReg
</UL>
<BR>[Called By]<UL><LI><a href="#[ce]">&gt;&gt;</a>&nbsp;&nbsp;&nbsp;DL_UART_init
</UL>

<P><STRONG><a name="[b7]"></a>DL_SYSCTL_disableSYSPLL</STRONG> (Thumb, 16 bytes, Stack size 0 bytes, dl_sysctl_mspm0g1x0x_g3x0x.o(.text.DL_SYSCTL_disableSYSPLL))
<BR><BR>[Called By]<UL><LI><a href="#[b6]">&gt;&gt;</a>&nbsp;&nbsp;&nbsp;DL_SYSCTL_configSYSPLL
</UL>

<P><STRONG><a name="[b8]"></a>DL_SYSCTL_getClockStatus</STRONG> (Thumb, 8 bytes, Stack size 0 bytes, dl_sysctl_mspm0g1x0x_g3x0x.o(.text.DL_SYSCTL_getClockStatus))
<BR><BR>[Called By]<UL><LI><a href="#[cc]">&gt;&gt;</a>&nbsp;&nbsp;&nbsp;DL_SYSCTL_switchMCLKfromSYSOSCtoHSCLK
<LI><a href="#[b6]">&gt;&gt;</a>&nbsp;&nbsp;&nbsp;DL_SYSCTL_configSYSPLL
<LI><a href="#[c2]">&gt;&gt;</a>&nbsp;&nbsp;&nbsp;DL_SYSCTL_setHFCLKSourceHFXTParams
</UL>

<P><STRONG><a name="[b5]"></a>DL_Common_updateReg</STRONG> (Thumb, 40 bytes, Stack size 16 bytes, dl_sysctl_mspm0g1x0x_g3x0x.o(.text.DL_Common_updateReg))
<BR><BR>[Stack]<UL><LI>Max Depth = 16<LI>Call Chain = DL_Common_updateReg
</UL>
<BR>[Called By]<UL><LI><a href="#[b4]">&gt;&gt;</a>&nbsp;&nbsp;&nbsp;DL_SYSCTL_configFCC
<LI><a href="#[c8]">&gt;&gt;</a>&nbsp;&nbsp;&nbsp;DL_SYSCTL_setLFCLKSourceLFXT
<LI><a href="#[b6]">&gt;&gt;</a>&nbsp;&nbsp;&nbsp;DL_SYSCTL_configSYSPLL
<LI><a href="#[c5]">&gt;&gt;</a>&nbsp;&nbsp;&nbsp;DL_SYSCTL_setHFXTStartupTime
<LI><a href="#[c4]">&gt;&gt;</a>&nbsp;&nbsp;&nbsp;DL_SYSCTL_setHFXTFrequencyRange
</UL>

<P><STRONG><a name="[b9]"></a>DL_CORE_getInstructionConfig</STRONG> (Thumb, 12 bytes, Stack size 0 bytes, dl_sysctl_mspm0g1x0x_g3x0x.o(.text.DL_CORE_getInstructionConfig))
<BR><BR>[Called By]<UL><LI><a href="#[b6]">&gt;&gt;</a>&nbsp;&nbsp;&nbsp;DL_SYSCTL_configSYSPLL
</UL>

<P><STRONG><a name="[ba]"></a>DL_CORE_configInstruction</STRONG> (Thumb, 28 bytes, Stack size 12 bytes, dl_sysctl_mspm0g1x0x_g3x0x.o(.text.DL_CORE_configInstruction))
<BR><BR>[Stack]<UL><LI>Max Depth = 12<LI>Call Chain = DL_CORE_configInstruction
</UL>
<BR>[Called By]<UL><LI><a href="#[b6]">&gt;&gt;</a>&nbsp;&nbsp;&nbsp;DL_SYSCTL_configSYSPLL
</UL>

<P><STRONG><a name="[bb]"></a>DL_SYSCTL_enableSYSPLL</STRONG> (Thumb, 16 bytes, Stack size 0 bytes, dl_sysctl_mspm0g1x0x_g3x0x.o(.text.DL_SYSCTL_enableSYSPLL))
<BR><BR>[Called By]<UL><LI><a href="#[b6]">&gt;&gt;</a>&nbsp;&nbsp;&nbsp;DL_SYSCTL_configSYSPLL
</UL>

<P><STRONG><a name="[cd]"></a>DL_SYSCTL_setHSCLKSource</STRONG> (Thumb, 20 bytes, Stack size 4 bytes, dl_sysctl_mspm0g1x0x_g3x0x.o(.text.DL_SYSCTL_setHSCLKSource))
<BR><BR>[Stack]<UL><LI>Max Depth = 4<LI>Call Chain = DL_SYSCTL_setHSCLKSource
</UL>
<BR>[Called By]<UL><LI><a href="#[cc]">&gt;&gt;</a>&nbsp;&nbsp;&nbsp;DL_SYSCTL_switchMCLKfromSYSOSCtoHSCLK
</UL>

<P><STRONG><a name="[c3]"></a>DL_SYSCTL_disableHFXT</STRONG> (Thumb, 12 bytes, Stack size 0 bytes, dl_sysctl_mspm0g1x0x_g3x0x.o(.text.DL_SYSCTL_disableHFXT))
<BR><BR>[Called By]<UL><LI><a href="#[c2]">&gt;&gt;</a>&nbsp;&nbsp;&nbsp;DL_SYSCTL_setHFCLKSourceHFXTParams
</UL>

<P><STRONG><a name="[c4]"></a>DL_SYSCTL_setHFXTFrequencyRange</STRONG> (Thumb, 28 bytes, Stack size 16 bytes, dl_sysctl_mspm0g1x0x_g3x0x.o(.text.DL_SYSCTL_setHFXTFrequencyRange))
<BR><BR>[Stack]<UL><LI>Max Depth = 32<LI>Call Chain = DL_SYSCTL_setHFXTFrequencyRange &rArr; DL_Common_updateReg
</UL>
<BR>[Calls]<UL><LI><a href="#[b5]">&gt;&gt;</a>&nbsp;&nbsp;&nbsp;DL_Common_updateReg
</UL>
<BR>[Called By]<UL><LI><a href="#[c2]">&gt;&gt;</a>&nbsp;&nbsp;&nbsp;DL_SYSCTL_setHFCLKSourceHFXTParams
</UL>

<P><STRONG><a name="[c5]"></a>DL_SYSCTL_setHFXTStartupTime</STRONG> (Thumb, 20 bytes, Stack size 16 bytes, dl_sysctl_mspm0g1x0x_g3x0x.o(.text.DL_SYSCTL_setHFXTStartupTime))
<BR><BR>[Stack]<UL><LI>Max Depth = 32<LI>Call Chain = DL_SYSCTL_setHFXTStartupTime &rArr; DL_Common_updateReg
</UL>
<BR>[Calls]<UL><LI><a href="#[b5]">&gt;&gt;</a>&nbsp;&nbsp;&nbsp;DL_Common_updateReg
</UL>
<BR>[Called By]<UL><LI><a href="#[c2]">&gt;&gt;</a>&nbsp;&nbsp;&nbsp;DL_SYSCTL_setHFCLKSourceHFXTParams
</UL>

<P><STRONG><a name="[c6]"></a>DL_SYSCTL_enableHFCLKStartupMonitor</STRONG> (Thumb, 16 bytes, Stack size 0 bytes, dl_sysctl_mspm0g1x0x_g3x0x.o(.text.DL_SYSCTL_enableHFCLKStartupMonitor))
<BR><BR>[Called By]<UL><LI><a href="#[c2]">&gt;&gt;</a>&nbsp;&nbsp;&nbsp;DL_SYSCTL_setHFCLKSourceHFXTParams
</UL>

<P><STRONG><a name="[c7]"></a>DL_SYSCTL_disableHFCLKStartupMonitor</STRONG> (Thumb, 16 bytes, Stack size 0 bytes, dl_sysctl_mspm0g1x0x_g3x0x.o(.text.DL_SYSCTL_disableHFCLKStartupMonitor))
<BR><BR>[Called By]<UL><LI><a href="#[c2]">&gt;&gt;</a>&nbsp;&nbsp;&nbsp;DL_SYSCTL_setHFCLKSourceHFXTParams
</UL>

<P><STRONG><a name="[19b]"></a>ili9341_hardware_reset</STRONG> (Thumb, 54 bytes, Stack size 16 bytes, my_lib_ili9341.o(.text.ili9341_hardware_reset))
<BR><BR>[Stack]<UL><LI>Max Depth = 32<LI>Call Chain = ili9341_hardware_reset &rArr; gpio_set_level
</UL>
<BR>[Calls]<UL><LI><a href="#[18c]">&gt;&gt;</a>&nbsp;&nbsp;&nbsp;gpio_set_level
<LI><a href="#[19c]">&gt;&gt;</a>&nbsp;&nbsp;&nbsp;system_delay_ms
</UL>
<BR>[Called By]<UL><LI><a href="#[19d]">&gt;&gt;</a>&nbsp;&nbsp;&nbsp;ili9341_init
</UL>

<P><STRONG><a name="[192]"></a>ili9341_configure_controller</STRONG> (Thumb, 188 bytes, Stack size 24 bytes, my_lib_ili9341.o(.text.ili9341_configure_controller))
<BR><BR>[Stack]<UL><LI>Max Depth = 896 + Unknown Stack Size
<LI>Call Chain = ili9341_configure_controller &rArr; ili9341_write_command_data &rArr; spi_write_8bit_array &rArr; debug_assert_handler &rArr; debug_output &rArr; sprintf &rArr; _printf_char_common &rArr; __printf
</UL>
<BR>[Calls]<UL><LI><a href="#[193]">&gt;&gt;</a>&nbsp;&nbsp;&nbsp;ili9341_write_command_data
</UL>
<BR>[Called By]<UL><LI><a href="#[19d]">&gt;&gt;</a>&nbsp;&nbsp;&nbsp;ili9341_init
</UL>

<P><STRONG><a name="[19f]"></a>ili9341_write_command</STRONG> (Thumb, 44 bytes, Stack size 24 bytes, my_lib_ili9341.o(.text.ili9341_write_command))
<BR><BR>[Stack]<UL><LI>Max Depth = 56<LI>Call Chain = ili9341_write_command &rArr; ili9341_set_dc &rArr; gpio_set_level
</UL>
<BR>[Calls]<UL><LI><a href="#[1a9]">&gt;&gt;</a>&nbsp;&nbsp;&nbsp;spi_write_8bit
<LI><a href="#[197]">&gt;&gt;</a>&nbsp;&nbsp;&nbsp;ili9341_set_dc
<LI><a href="#[196]">&gt;&gt;</a>&nbsp;&nbsp;&nbsp;ili9341_set_cs
</UL>
<BR>[Called By]<UL><LI><a href="#[195]">&gt;&gt;</a>&nbsp;&nbsp;&nbsp;ili9341_set_window
<LI><a href="#[19d]">&gt;&gt;</a>&nbsp;&nbsp;&nbsp;ili9341_init
</UL>

<P><STRONG><a name="[193]"></a>ili9341_write_command_data</STRONG> (Thumb, 100 bytes, Stack size 24 bytes, my_lib_ili9341.o(.text.ili9341_write_command_data))
<BR><BR>[Stack]<UL><LI>Max Depth = 872 + Unknown Stack Size
<LI>Call Chain = ili9341_write_command_data &rArr; spi_write_8bit_array &rArr; debug_assert_handler &rArr; debug_output &rArr; sprintf &rArr; _printf_char_common &rArr; __printf
</UL>
<BR>[Calls]<UL><LI><a href="#[1aa]">&gt;&gt;</a>&nbsp;&nbsp;&nbsp;spi_write_8bit_array
<LI><a href="#[1a9]">&gt;&gt;</a>&nbsp;&nbsp;&nbsp;spi_write_8bit
<LI><a href="#[197]">&gt;&gt;</a>&nbsp;&nbsp;&nbsp;ili9341_set_dc
<LI><a href="#[196]">&gt;&gt;</a>&nbsp;&nbsp;&nbsp;ili9341_set_cs
</UL>
<BR>[Called By]<UL><LI><a href="#[195]">&gt;&gt;</a>&nbsp;&nbsp;&nbsp;ili9341_set_window
<LI><a href="#[192]">&gt;&gt;</a>&nbsp;&nbsp;&nbsp;ili9341_configure_controller
<LI><a href="#[1a0]">&gt;&gt;</a>&nbsp;&nbsp;&nbsp;ili9341_set_dir
</UL>

<P><STRONG><a name="[196]"></a>ili9341_set_cs</STRONG> (Thumb, 22 bytes, Stack size 16 bytes, my_lib_ili9341.o(.text.ili9341_set_cs))
<BR><BR>[Stack]<UL><LI>Max Depth = 32<LI>Call Chain = ili9341_set_cs &rArr; gpio_set_level
</UL>
<BR>[Calls]<UL><LI><a href="#[18c]">&gt;&gt;</a>&nbsp;&nbsp;&nbsp;gpio_set_level
</UL>
<BR>[Called By]<UL><LI><a href="#[193]">&gt;&gt;</a>&nbsp;&nbsp;&nbsp;ili9341_write_command_data
<LI><a href="#[19f]">&gt;&gt;</a>&nbsp;&nbsp;&nbsp;ili9341_write_command
<LI><a href="#[1a3]">&gt;&gt;</a>&nbsp;&nbsp;&nbsp;ili9341_show_char
<LI><a href="#[194]">&gt;&gt;</a>&nbsp;&nbsp;&nbsp;ili9341_fill_rect
</UL>

<P><STRONG><a name="[197]"></a>ili9341_set_dc</STRONG> (Thumb, 22 bytes, Stack size 16 bytes, my_lib_ili9341.o(.text.ili9341_set_dc))
<BR><BR>[Stack]<UL><LI>Max Depth = 32<LI>Call Chain = ili9341_set_dc &rArr; gpio_set_level
</UL>
<BR>[Calls]<UL><LI><a href="#[18c]">&gt;&gt;</a>&nbsp;&nbsp;&nbsp;gpio_set_level
</UL>
<BR>[Called By]<UL><LI><a href="#[193]">&gt;&gt;</a>&nbsp;&nbsp;&nbsp;ili9341_write_command_data
<LI><a href="#[19f]">&gt;&gt;</a>&nbsp;&nbsp;&nbsp;ili9341_write_command
<LI><a href="#[1a3]">&gt;&gt;</a>&nbsp;&nbsp;&nbsp;ili9341_show_char
<LI><a href="#[194]">&gt;&gt;</a>&nbsp;&nbsp;&nbsp;ili9341_fill_rect
</UL>

<P><STRONG><a name="[195]"></a>ili9341_set_window</STRONG> (Thumb, 98 bytes, Stack size 48 bytes, my_lib_ili9341.o(.text.ili9341_set_window))
<BR><BR>[Stack]<UL><LI>Max Depth = 920 + Unknown Stack Size
<LI>Call Chain = ili9341_set_window &rArr; ili9341_write_command_data &rArr; spi_write_8bit_array &rArr; debug_assert_handler &rArr; debug_output &rArr; sprintf &rArr; _printf_char_common &rArr; __printf
</UL>
<BR>[Calls]<UL><LI><a href="#[193]">&gt;&gt;</a>&nbsp;&nbsp;&nbsp;ili9341_write_command_data
<LI><a href="#[19f]">&gt;&gt;</a>&nbsp;&nbsp;&nbsp;ili9341_write_command
</UL>
<BR>[Called By]<UL><LI><a href="#[1a3]">&gt;&gt;</a>&nbsp;&nbsp;&nbsp;ili9341_show_char
<LI><a href="#[194]">&gt;&gt;</a>&nbsp;&nbsp;&nbsp;ili9341_fill_rect
</UL>

<P><STRONG><a name="[1a4]"></a>ili9341_get_font_width</STRONG> (Thumb, 28 bytes, Stack size 8 bytes, my_lib_ili9341.o(.text.ili9341_get_font_width))
<BR><BR>[Stack]<UL><LI>Max Depth = 8<LI>Call Chain = ili9341_get_font_width
</UL>
<BR>[Called By]<UL><LI><a href="#[1a6]">&gt;&gt;</a>&nbsp;&nbsp;&nbsp;ili9341_show_int
<LI><a href="#[1a8]">&gt;&gt;</a>&nbsp;&nbsp;&nbsp;ili9341_show_string
<LI><a href="#[1a3]">&gt;&gt;</a>&nbsp;&nbsp;&nbsp;ili9341_show_char
</UL>

<P><STRONG><a name="[1a5]"></a>ili9341_get_font_height</STRONG> (Thumb, 28 bytes, Stack size 8 bytes, my_lib_ili9341.o(.text.ili9341_get_font_height))
<BR><BR>[Stack]<UL><LI>Max Depth = 8<LI>Call Chain = ili9341_get_font_height
</UL>
<BR>[Called By]<UL><LI><a href="#[1a6]">&gt;&gt;</a>&nbsp;&nbsp;&nbsp;ili9341_show_int
<LI><a href="#[1a8]">&gt;&gt;</a>&nbsp;&nbsp;&nbsp;ili9341_show_string
<LI><a href="#[1a3]">&gt;&gt;</a>&nbsp;&nbsp;&nbsp;ili9341_show_char
</UL>

<P><STRONG><a name="[199]"></a>ili9341_format_uint</STRONG> (Thumb, 198 bytes, Stack size 32 bytes, my_lib_ili9341.o(.text.ili9341_format_uint))
<BR><BR>[Stack]<UL><LI>Max Depth = 32<LI>Call Chain = ili9341_format_uint
</UL>
<BR>[Calls]<UL><LI><a href="#[19a]">&gt;&gt;</a>&nbsp;&nbsp;&nbsp;__aeabi_uidivmod
<LI><a href="#[dc]">&gt;&gt;</a>&nbsp;&nbsp;&nbsp;__aeabi_uidiv
</UL>
<BR>[Called By]<UL><LI><a href="#[1a7]">&gt;&gt;</a>&nbsp;&nbsp;&nbsp;ili9341_show_uint
</UL>

<P><STRONG><a name="[25]"></a>my_encoder_right_callback</STRONG> (Thumb, 52 bytes, Stack size 24 bytes, my_lib_encoder.o(.text.my_encoder_right_callback))
<BR><BR>[Stack]<UL><LI>Max Depth = 36<LI>Call Chain = my_encoder_right_callback &rArr; gpio_get_level
</UL>
<BR>[Calls]<UL><LI><a href="#[15e]">&gt;&gt;</a>&nbsp;&nbsp;&nbsp;gpio_get_level
</UL>
<BR>[Address Reference Count : 1]<UL><LI> my_lib_encoder.o(.text.my_encoder_init)
</UL>
<P><STRONG><a name="[1e1]"></a>my_encoder_clamp_delta</STRONG> (Thumb, 52 bytes, Stack size 4 bytes, my_lib_encoder.o(.text.my_encoder_clamp_delta))
<BR><BR>[Stack]<UL><LI>Max Depth = 4<LI>Call Chain = my_encoder_clamp_delta
</UL>
<BR>[Called By]<UL><LI><a href="#[163]">&gt;&gt;</a>&nbsp;&nbsp;&nbsp;my_encoder_get_delta
</UL>

<P><STRONG><a name="[1c4]"></a>line_follow_real_show_status</STRONG> (Thumb, 464 bytes, Stack size 72 bytes, test_line_follow_real.o(.text.line_follow_real_show_status))
<BR><BR>[Stack]<UL><LI>Max Depth = 1520 + Unknown Stack Size
<LI>Call Chain = line_follow_real_show_status &rArr; line_follow_real_show_int &rArr; ili9341_show_int &rArr; ili9341_show_uint &rArr; ili9341_show_string &rArr; ili9341_show_char &rArr; ili9341_set_window &rArr; ili9341_write_command_data &rArr; spi_write_8bit_array &rArr; debug_assert_handler &rArr; debug_output &rArr; sprintf &rArr; _printf_char_common &rArr; __printf
</UL>
<BR>[Calls]<UL><LI><a href="#[fe]">&gt;&gt;</a>&nbsp;&nbsp;&nbsp;__aeabi_fmul
<LI><a href="#[1c2]">&gt;&gt;</a>&nbsp;&nbsp;&nbsp;line_follow_real_show_int
<LI><a href="#[1c0]">&gt;&gt;</a>&nbsp;&nbsp;&nbsp;line_follow_real_round
<LI><a href="#[1c3]">&gt;&gt;</a>&nbsp;&nbsp;&nbsp;line_follow_real_show_mask
<LI><a href="#[1c5]">&gt;&gt;</a>&nbsp;&nbsp;&nbsp;line_follow_real_show_uint
</UL>
<BR>[Called By]<UL><LI><a href="#[1d5]">&gt;&gt;</a>&nbsp;&nbsp;&nbsp;test_line_follow_real_run
</UL>

<P><STRONG><a name="[1c5]"></a>line_follow_real_show_uint</STRONG> (Thumb, 84 bytes, Stack size 48 bytes, test_line_follow_real.o(.text.line_follow_real_show_uint))
<BR><BR>[Stack]<UL><LI>Max Depth = 1400 + Unknown Stack Size
<LI>Call Chain = line_follow_real_show_uint &rArr; ili9341_show_uint &rArr; ili9341_show_string &rArr; ili9341_show_char &rArr; ili9341_set_window &rArr; ili9341_write_command_data &rArr; spi_write_8bit_array &rArr; debug_assert_handler &rArr; debug_output &rArr; sprintf &rArr; _printf_char_common &rArr; __printf
</UL>
<BR>[Calls]<UL><LI><a href="#[1a7]">&gt;&gt;</a>&nbsp;&nbsp;&nbsp;ili9341_show_uint
<LI><a href="#[194]">&gt;&gt;</a>&nbsp;&nbsp;&nbsp;ili9341_fill_rect
</UL>
<BR>[Called By]<UL><LI><a href="#[1c4]">&gt;&gt;</a>&nbsp;&nbsp;&nbsp;line_follow_real_show_status
</UL>

<P><STRONG><a name="[1c3]"></a>line_follow_real_show_mask</STRONG> (Thumb, 104 bytes, Stack size 40 bytes, test_line_follow_real.o(.text.line_follow_real_show_mask))
<BR><BR>[Stack]<UL><LI>Max Depth = 1304 + Unknown Stack Size
<LI>Call Chain = line_follow_real_show_mask &rArr; ili9341_show_char &rArr; ili9341_set_window &rArr; ili9341_write_command_data &rArr; spi_write_8bit_array &rArr; debug_assert_handler &rArr; debug_output &rArr; sprintf &rArr; _printf_char_common &rArr; __printf
</UL>
<BR>[Calls]<UL><LI><a href="#[1a3]">&gt;&gt;</a>&nbsp;&nbsp;&nbsp;ili9341_show_char
</UL>
<BR>[Called By]<UL><LI><a href="#[1c4]">&gt;&gt;</a>&nbsp;&nbsp;&nbsp;line_follow_real_show_status
</UL>

<P><STRONG><a name="[1c0]"></a>line_follow_real_round</STRONG> (Thumb, 62 bytes, Stack size 16 bytes, test_line_follow_real.o(.text.line_follow_real_round))
<BR><BR>[Stack]<UL><LI>Max Depth = 32<LI>Call Chain = line_follow_real_round &rArr; __aeabi_fadd
</UL>
<BR>[Calls]<UL><LI><a href="#[1c1]">&gt;&gt;</a>&nbsp;&nbsp;&nbsp;__aeabi_f2iz
<LI><a href="#[11b]">&gt;&gt;</a>&nbsp;&nbsp;&nbsp;__aeabi_fcmplt
<LI><a href="#[fc]">&gt;&gt;</a>&nbsp;&nbsp;&nbsp;__aeabi_fadd
</UL>
<BR>[Called By]<UL><LI><a href="#[1c4]">&gt;&gt;</a>&nbsp;&nbsp;&nbsp;line_follow_real_show_status
</UL>

<P><STRONG><a name="[1c2]"></a>line_follow_real_show_int</STRONG> (Thumb, 86 bytes, Stack size 48 bytes, test_line_follow_real.o(.text.line_follow_real_show_int))
<BR><BR>[Stack]<UL><LI>Max Depth = 1448 + Unknown Stack Size
<LI>Call Chain = line_follow_real_show_int &rArr; ili9341_show_int &rArr; ili9341_show_uint &rArr; ili9341_show_string &rArr; ili9341_show_char &rArr; ili9341_set_window &rArr; ili9341_write_command_data &rArr; spi_write_8bit_array &rArr; debug_assert_handler &rArr; debug_output &rArr; sprintf &rArr; _printf_char_common &rArr; __printf
</UL>
<BR>[Calls]<UL><LI><a href="#[1a6]">&gt;&gt;</a>&nbsp;&nbsp;&nbsp;ili9341_show_int
<LI><a href="#[194]">&gt;&gt;</a>&nbsp;&nbsp;&nbsp;ili9341_fill_rect
</UL>
<BR>[Called By]<UL><LI><a href="#[1c4]">&gt;&gt;</a>&nbsp;&nbsp;&nbsp;line_follow_real_show_status
</UL>

<P><STRONG><a name="[6f]"></a>_dadd1</STRONG> (Thumb, 290 bytes, Stack size 20 bytes, daddsub.o(.text), UNUSED)
<BR><BR>[Called By]<UL><LI><a href="#[71]">&gt;&gt;</a>&nbsp;&nbsp;&nbsp;_drsb
<LI><a href="#[70]">&gt;&gt;</a>&nbsp;&nbsp;&nbsp;_dsub
<LI><a href="#[6d]">&gt;&gt;</a>&nbsp;&nbsp;&nbsp;_dadd
</UL>

<P><STRONG><a name="[6e]"></a>_dsub1</STRONG> (Thumb, 470 bytes, Stack size 40 bytes, daddsub.o(.text), UNUSED)
<BR><BR>[Called By]<UL><LI><a href="#[71]">&gt;&gt;</a>&nbsp;&nbsp;&nbsp;_drsb
<LI><a href="#[70]">&gt;&gt;</a>&nbsp;&nbsp;&nbsp;_dsub
<LI><a href="#[6d]">&gt;&gt;</a>&nbsp;&nbsp;&nbsp;_dadd
</UL>

<P><STRONG><a name="[21d]"></a>_fadd1</STRONG> (Thumb, 0 bytes, Stack size unknown bytes, faddsub.o(x$fpl$fadd), UNUSED)
<BR><BR>[Called By]<UL><LI><a href="#[21e]">&gt;&gt;</a>&nbsp;&nbsp;&nbsp;_fsub
<LI><a href="#[21c]">&gt;&gt;</a>&nbsp;&nbsp;&nbsp;_frsb
</UL>

<P><STRONG><a name="[21b]"></a>_fsub1</STRONG> (Thumb, 0 bytes, Stack size unknown bytes, faddsub.o(x$fpl$fsub), UNUSED)
<BR><BR>[Called By]<UL><LI><a href="#[21c]">&gt;&gt;</a>&nbsp;&nbsp;&nbsp;_frsb
<LI><a href="#[21a]">&gt;&gt;</a>&nbsp;&nbsp;&nbsp;_fadd
</UL>

<P><STRONG><a name="[21]"></a>_printf_input_char</STRONG> (Thumb, 10 bytes, Stack size 0 bytes, _printf_char_common.o(.text))
<BR>[Address Reference Count : 1]<UL><LI> _printf_char_common.o(.text)
</UL>
<P><STRONG><a name="[8f]"></a>_fp_digits</STRONG> (Thumb, 412 bytes, Stack size 96 bytes, _printf_fp_dec.o(.text))
<BR><BR>[Stack]<UL><LI>Max Depth = 272<LI>Call Chain = _fp_digits &rArr; _btod_etento &rArr; _btod_emul &rArr; btod_internal_mul &rArr; __ARM_common_ll_muluu
</UL>
<BR>[Calls]<UL><LI><a href="#[92]">&gt;&gt;</a>&nbsp;&nbsp;&nbsp;_btod_ediv
<LI><a href="#[93]">&gt;&gt;</a>&nbsp;&nbsp;&nbsp;_btod_emul
<LI><a href="#[91]">&gt;&gt;</a>&nbsp;&nbsp;&nbsp;_btod_d2e
<LI><a href="#[90]">&gt;&gt;</a>&nbsp;&nbsp;&nbsp;_btod_etento
<LI><a href="#[8a]">&gt;&gt;</a>&nbsp;&nbsp;&nbsp;_ll_udiv10
</UL>
<BR>[Called By]<UL><LI><a href="#[27]">&gt;&gt;</a>&nbsp;&nbsp;&nbsp;_printf_fp_dec_real
</UL>

<P><STRONG><a name="[a3]"></a>btod_internal_mul</STRONG> (Thumb, 492 bytes, Stack size 56 bytes, btod.o(.text))
<BR><BR>[Stack]<UL><LI>Max Depth = 80<LI>Call Chain = btod_internal_mul &rArr; __ARM_common_ll_muluu
</UL>
<BR>[Calls]<UL><LI><a href="#[a4]">&gt;&gt;</a>&nbsp;&nbsp;&nbsp;__ARM_common_ll_muluu
</UL>
<BR>[Called By]<UL><LI><a href="#[a5]">&gt;&gt;</a>&nbsp;&nbsp;&nbsp;_btod_emuld
<LI><a href="#[93]">&gt;&gt;</a>&nbsp;&nbsp;&nbsp;_btod_emul
</UL>

<P><STRONG><a name="[a6]"></a>btod_internal_div</STRONG> (Thumb, 520 bytes, Stack size 64 bytes, btod.o(.text))
<BR><BR>[Stack]<UL><LI>Max Depth = 64<LI>Call Chain = btod_internal_div
</UL>
<BR>[Called By]<UL><LI><a href="#[a7]">&gt;&gt;</a>&nbsp;&nbsp;&nbsp;_btod_edivd
<LI><a href="#[92]">&gt;&gt;</a>&nbsp;&nbsp;&nbsp;_btod_ediv
</UL>
<P>
<H3>
Undefined Global Symbols
</H3>
<P><STRONG><a name="[a8]"></a>_call_atexit_fns</STRONG> (ARM, 0 bytes, Stack size 0 bytes, UNDEFINED)
<BR><BR>[Called By]<UL><LI><a href="#[5f]">&gt;&gt;</a>&nbsp;&nbsp;&nbsp;exit
</UL>

<P><STRONG><a name="[98]"></a>_printf_mbtowc</STRONG> (ARM, 0 bytes, Stack size 0 bytes, UNDEFINED)
<BR><BR>[Called By]<UL><LI><a href="#[97]">&gt;&gt;</a>&nbsp;&nbsp;&nbsp;_printf_cs_common
</UL>

<P><STRONG><a name="[9a]"></a>_printf_wc</STRONG> (ARM, 0 bytes, Stack size 0 bytes, UNDEFINED)
<BR><BR>[Called By]<UL><LI><a href="#[99]">&gt;&gt;</a>&nbsp;&nbsp;&nbsp;_printf_lcs_common
</UL>
<HR></body></html>
