<html>
<body>
<pre>
<h1>µVision Build Log</h1>
<h2>Tool Versions:</h2>
IDE-Version: ¦ÌVision V5.43.1.0
Copyright (C) 2025 ARM Ltd and ARM Germany GmbH. All rights reserved.
License Information: z xxs1398266@163.com, y, LIC=65ISZ-JX9R9-2Z6W4-FSGEI-TT558-MT3FA
 
Tool Versions:
Toolchain:       MDK-ARM Plus  Version: 5.43.0.0
Toolchain Path:  D:\MDK5.36\ARM\ARMCLANG\Bin
C Compiler:      ArmClang.exe V6.24
Assembler:       Armasm.exe V6.24
Linker/Locator:  ArmLink.exe V6.24
Library Manager: ArmAr.exe V6.24
Hex Converter:   FromElf.exe V6.24
CPU DLL:         SARMCM3.DLL V5.43.0.0
Dialog DLL:      DARMCM1.DLL V1.19.6.0
Target DLL:      CMSIS_AGDI.dll V1.33.24.0
Dialog DLL:      TARMCM1.DLL V1.14.6.0
 
<h2>Project:</h2>
C:\Users\xxs13\Desktop\MSPM0G3507_Library\SeekFree_MSPM0G3507_Opensource_Library\project\mdk\SeekFree_MSPM0G3507_Device_Library.uvprojx
Project File Date:  07/29/2026

<h2>Output:</h2>
*** Using Compiler 'V6.24', folder: 'D:\MDK5.36\ARM\ARMCLANG\Bin'
Build target 'SeekFree_MSPM0G3507_Device_Library'
compiling motor.c...
compiling control_scheduler.c...
compiling control_imu_mpu6500.c...
compiling my_lib_encoder.c...
compiling test_speed_pid.c...
compiling odometry.c...
compiling chassis_motion.c...
compiling speed_pid.c...
compiling vofa.c...
compiling gimbal_stepper.c...
linking...
Program Size: Code=26240 RO-data=1596 RW-data=208 ZI-data=5672  
FromELF: creating hex file...
".\Objects\SeekFree_MSPM0G3507_Device_Library.axf" - 0 Error(s), 0 Warning(s).

<h2>Software Packages used:</h2>

Package Vendor: TexasInstruments
                https://software-dl.ti.com/msp430/esd/MSPM0-CMSIS/MSPM0G1X0X_G3X0X/latest/exports/TexasInstruments.MSPM0G1X0X_G3X0X_DFP.1.3.1.pack
                TexasInstruments::MSPM0G1X0X_G3X0X_DFP@1.3.1
                Device Family Pack for Texas Instruments MSPM0G1X0X_G3X0X Series

<h2>Collection of Component include folders:</h2>

<h2>Collection of Component Files used:</h2>
Build Time Elapsed:  00:00:02
</pre>
</body>
</html>
